Archive member included to satisfy reference by file (symbol)

/opt/st/stm32cubeide_1.18.0/plugins/com.st.stm32cube.ide.mcu.externaltools.gnu-tools-for-stm32.13.3.rel1.linux64_1.0.0.202410170706/tools/bin/../lib/gcc/arm-none-eabi/13.3.1/../../../../arm-none-eabi/lib/thumb/v7e-m+fp/hard/libc_nano.a(libc_a-exit.o)
                              /opt/st/stm32cubeide_1.18.0/plugins/com.st.stm32cube.ide.mcu.externaltools.gnu-tools-for-stm32.13.3.rel1.linux64_1.0.0.202410170706/tools/bin/../lib/gcc/arm-none-eabi/13.3.1/../../../../arm-none-eabi/lib/thumb/v7e-m+fp/hard/crt0.o (exit)
/opt/st/stm32cubeide_1.18.0/plugins/com.st.stm32cube.ide.mcu.externaltools.gnu-tools-for-stm32.13.3.rel1.linux64_1.0.0.202410170706/tools/bin/../lib/gcc/arm-none-eabi/13.3.1/../../../../arm-none-eabi/lib/thumb/v7e-m+fp/hard/libc_nano.a(libc_a-findfp.o)
                              /opt/st/stm32cubeide_1.18.0/plugins/com.st.stm32cube.ide.mcu.externaltools.gnu-tools-for-stm32.13.3.rel1.linux64_1.0.0.202410170706/tools/bin/../lib/gcc/arm-none-eabi/13.3.1/../../../../arm-none-eabi/lib/thumb/v7e-m+fp/hard/libc_nano.a(libc_a-exit.o) (__stdio_exit_handler)
/opt/st/stm32cubeide_1.18.0/plugins/com.st.stm32cube.ide.mcu.externaltools.gnu-tools-for-stm32.13.3.rel1.linux64_1.0.0.202410170706/tools/bin/../lib/gcc/arm-none-eabi/13.3.1/../../../../arm-none-eabi/lib/thumb/v7e-m+fp/hard/libc_nano.a(libc_a-fwalk.o)
                              /opt/st/stm32cubeide_1.18.0/plugins/com.st.stm32cube.ide.mcu.externaltools.gnu-tools-for-stm32.13.3.rel1.linux64_1.0.0.202410170706/tools/bin/../lib/gcc/arm-none-eabi/13.3.1/../../../../arm-none-eabi/lib/thumb/v7e-m+fp/hard/libc_nano.a(libc_a-findfp.o) (_fwalk_sglue)
/opt/st/stm32cubeide_1.18.0/plugins/com.st.stm32cube.ide.mcu.externaltools.gnu-tools-for-stm32.13.3.rel1.linux64_1.0.0.202410170706/tools/bin/../lib/gcc/arm-none-eabi/13.3.1/../../../../arm-none-eabi/lib/thumb/v7e-m+fp/hard/libc_nano.a(libc_a-puts.o)
                              ./Core/Src/main.o (puts)
/opt/st/stm32cubeide_1.18.0/plugins/com.st.stm32cube.ide.mcu.externaltools.gnu-tools-for-stm32.13.3.rel1.linux64_1.0.0.202410170706/tools/bin/../lib/gcc/arm-none-eabi/13.3.1/../../../../arm-none-eabi/lib/thumb/v7e-m+fp/hard/libc_nano.a(libc_a-stdio.o)
                              /opt/st/stm32cubeide_1.18.0/plugins/com.st.stm32cube.ide.mcu.externaltools.gnu-tools-for-stm32.13.3.rel1.linux64_1.0.0.202410170706/tools/bin/../lib/gcc/arm-none-eabi/13.3.1/../../../../arm-none-eabi/lib/thumb/v7e-m+fp/hard/libc_nano.a(libc_a-findfp.o) (__sread)
/opt/st/stm32cubeide_1.18.0/plugins/com.st.stm32cube.ide.mcu.externaltools.gnu-tools-for-stm32.13.3.rel1.linux64_1.0.0.202410170706/tools/bin/../lib/gcc/arm-none-eabi/13.3.1/../../../../arm-none-eabi/lib/thumb/v7e-m+fp/hard/libc_nano.a(libc_a-wbuf.o)
                              /opt/st/stm32cubeide_1.18.0/plugins/com.st.stm32cube.ide.mcu.externaltools.gnu-tools-for-stm32.13.3.rel1.linux64_1.0.0.202410170706/tools/bin/../lib/gcc/arm-none-eabi/13.3.1/../../../../arm-none-eabi/lib/thumb/v7e-m+fp/hard/libc_nano.a(libc_a-puts.o) (__swbuf_r)
/opt/st/stm32cubeide_1.18.0/plugins/com.st.stm32cube.ide.mcu.externaltools.gnu-tools-for-stm32.13.3.rel1.linux64_1.0.0.202410170706/tools/bin/../lib/gcc/arm-none-eabi/13.3.1/../../../../arm-none-eabi/lib/thumb/v7e-m+fp/hard/libc_nano.a(libc_a-wsetup.o)
                              /opt/st/stm32cubeide_1.18.0/plugins/com.st.stm32cube.ide.mcu.externaltools.gnu-tools-for-stm32.13.3.rel1.linux64_1.0.0.202410170706/tools/bin/../lib/gcc/arm-none-eabi/13.3.1/../../../../arm-none-eabi/lib/thumb/v7e-m+fp/hard/libc_nano.a(libc_a-puts.o) (__swsetup_r)
/opt/st/stm32cubeide_1.18.0/plugins/com.st.stm32cube.ide.mcu.externaltools.gnu-tools-for-stm32.13.3.rel1.linux64_1.0.0.202410170706/tools/bin/../lib/gcc/arm-none-eabi/13.3.1/../../../../arm-none-eabi/lib/thumb/v7e-m+fp/hard/libc_nano.a(libc_a-memset.o)
                              /opt/st/stm32cubeide_1.18.0/plugins/com.st.stm32cube.ide.mcu.externaltools.gnu-tools-for-stm32.13.3.rel1.linux64_1.0.0.202410170706/tools/bin/../lib/gcc/arm-none-eabi/13.3.1/../../../../arm-none-eabi/lib/thumb/v7e-m+fp/hard/crt0.o (memset)
/opt/st/stm32cubeide_1.18.0/plugins/com.st.stm32cube.ide.mcu.externaltools.gnu-tools-for-stm32.13.3.rel1.linux64_1.0.0.202410170706/tools/bin/../lib/gcc/arm-none-eabi/13.3.1/../../../../arm-none-eabi/lib/thumb/v7e-m+fp/hard/libc_nano.a(libc_a-closer.o)
                              /opt/st/stm32cubeide_1.18.0/plugins/com.st.stm32cube.ide.mcu.externaltools.gnu-tools-for-stm32.13.3.rel1.linux64_1.0.0.202410170706/tools/bin/../lib/gcc/arm-none-eabi/13.3.1/../../../../arm-none-eabi/lib/thumb/v7e-m+fp/hard/libc_nano.a(libc_a-stdio.o) (_close_r)
/opt/st/stm32cubeide_1.18.0/plugins/com.st.stm32cube.ide.mcu.externaltools.gnu-tools-for-stm32.13.3.rel1.linux64_1.0.0.202410170706/tools/bin/../lib/gcc/arm-none-eabi/13.3.1/../../../../arm-none-eabi/lib/thumb/v7e-m+fp/hard/libc_nano.a(libc_a-reent.o)
[...]
Memory Configuration

Name             Origin             Length             Attributes
RAM              0x20000000         0x00040000         xrw
FLASH            0x08000000         0x00080000         xr
*default*        0x00000000         0xffffffff

Linker script and memory map

LOAD /opt/st/stm32cubeide_1.18.0/plugins/com.st.stm32cube.ide.mcu.externaltools.gnu-tools-for-stm32.13.3.rel1.linux64_1.0.0.202410170706/tools/bin/../lib/gcc/arm-none-eabi/13.3.1/thumb/v7e-m+fp/hard/crti.o
LOAD /opt/st/stm32cubeide_1.18.0/plugins/com.st.stm32cube.ide.mcu.externaltools.gnu-tools-for-stm32.13.3.rel1.linux64_1.0.0.202410170706/tools/bin/../lib/gcc/arm-none-eabi/13.3.1/thumb/v7e-m+fp/hard/crtbegin.o
LOAD /opt/st/stm32cubeide_1.18.0/plugins/com.st.stm32cube.ide.mcu.externaltools.gnu-tools-for-stm32.13.3.rel1.linux64_1.0.0.202410170706/tools/bin/../lib/gcc/arm-none-eabi/13.3.1/../../../../arm-none-eabi/lib/thumb/v7e-m+fp/hard/crt0.o
LOAD ./Core/Src/main.o
LOAD ./Core/Src/stm32f7xx_hal_msp.o
LOAD ./Core/Src/stm32f7xx_hal_timebase_tim.o
LOAD ./Core/Src/stm32f7xx_it.o
LOAD ./Core/Src/syscalls.o
LOAD ./Core/Src/sysmem.o
LOAD ./Core/Src/system_stm32f7xx.o
LOAD ./Core/Startup/startup_stm32f723iekx.o
LOAD ./Drivers/STM32F7xx_HAL_Driver/Src/stm32f7xx_hal.o
LOAD ./Drivers/STM32F7xx_HAL_Driver/Src/stm32f7xx_hal_cortex.o
LOAD ./Drivers/STM32F7xx_HAL_Driver/Src/stm32f7xx_hal_dma.o
LOAD ./Drivers/STM32F7xx_HAL_Driver/Src/stm32f7xx_hal_dma_ex.o
LOAD ./Drivers/STM32F7xx_HAL_Driver/Src/stm32f7xx_hal_exti.o
LOAD ./Drivers/STM32F7xx_HAL_Driver/Src/stm32f7xx_hal_flash.o
LOAD ./Drivers/STM32F7xx_HAL_Driver/Src/stm32f7xx_hal_flash_ex.o
LOAD ./Drivers/STM32F7xx_HAL_Driver/Src/stm32f7xx_hal_gpio.o
LOAD ./Drivers/STM32F7xx_HAL_Driver/Src/stm32f7xx_hal_i2c.o
LOAD ./Drivers/STM32F7xx_HAL_Driver/Src/stm32f7xx_hal_i2c_ex.o
LOAD ./Drivers/STM32F7xx_HAL_Driver/Src/stm32f7xx_hal_nand.o
LOAD ./Drivers/STM32F7xx_HAL_Driver/Src/stm32f7xx_hal_nor.o
LOAD ./Drivers/STM32F7xx_HAL_Driver/Src/stm32f7xx_hal_pwr.o
LOAD ./Drivers/STM32F7xx_HAL_Driver/Src/stm32f7xx_hal_pwr_ex.o
LOAD ./Drivers/STM32F7xx_HAL_Driver/Src/stm32f7xx_hal_rcc.o
LOAD ./Drivers/STM32F7xx_HAL_Driver/Src/stm32f7xx_hal_rcc_ex.o
LOAD ./Drivers/STM32F7xx_HAL_Driver/Src/stm32f7xx_hal_sdram.o
LOAD ./Drivers/STM32F7xx_HAL_Driver/Src/stm32f7xx_hal_sram.o
LOAD ./Drivers/STM32F7xx_HAL_Driver/Src/stm32f7xx_hal_tim.o
LOAD ./Drivers/STM32F7xx_HAL_Driver/Src/stm32f7xx_hal_tim_ex.o
LOAD ./Drivers/STM32F7xx_HAL_Driver/Src/stm32f7xx_ll_fmc.o
LOAD ./ThirdParty/FreeRTOS/croutine.o
LOAD ./ThirdParty/FreeRTOS/event_groups.o
LOAD ./ThirdParty/FreeRTOS/list.o
LOAD ./ThirdParty/FreeRTOS/queue.o
LOAD ./ThirdParty/FreeRTOS/stream_buffer.o
LOAD ./ThirdParty/FreeRTOS/tasks.o
LOAD ./ThirdParty/FreeRTOS/timers.o
LOAD ./ThirdParty/FreeRTOS/portable/GCC/ARM_CM7/port.o
LOAD ./ThirdParty/FreeRTOS/portable/MemMang/heap_4.o
START GROUP
LOAD /opt/st/stm32cubeide_1.18.0/plugins/com.st.stm32cube.ide.mcu.externaltools.gnu-tools-for-stm32.13.3.rel1.linux64_1.0.0.202410170706/tools/bin/../lib/gcc/arm-none-eabi/13.3.1/../../../../arm-none-eabi/lib/thumb/v7e-m+fp/hard/libc_nano.a
LOAD /opt/st/stm32cubeide_1.18.0/plugins/com.st.stm32cube.ide.mcu.externaltools.gnu-tools-for-stm32.13.3.rel1.linux64_1.0.0.202410170706/tools/bin/../lib/gcc/arm-none-eabi/13.3.1/../../../../arm-none-eabi/lib/thumb/v7e-m+fp/hard/libm.a
END GROUP
START GROUP
LOAD /opt/st/stm32cubeide_1.18.0/plugins/com.st.stm32cube.ide.mcu.externaltools.gnu-tools-for-stm32.13.3.rel1.linux64_1.0.0.202410170706/tools/bin/../lib/gcc/arm-none-eabi/13.3.1/thumb/v7e-m+fp/hard/libgcc.a
LOAD /opt/st/stm32cubeide_1.18.0/plugins/com.st.stm32cube.ide.mcu.externaltools.gnu-tools-for-stm32.13.3.rel1.linux64_1.0.0.202410170706/tools/bin/../lib/gcc/arm-none-eabi/13.3.1/../../../../arm-none-eabi/lib/thumb/v7e-m+fp/hard/libc_nano.a
END GROUP
START GROUP
LOAD /opt/st/stm32cubeide_1.18.0/plugins/com.st.stm32cube.ide.mcu.externaltools.gnu-tools-for-stm32.13.3.rel1.linux64_1.0.0.202410170706/tools/bin/../lib/gcc/arm-none-eabi/13.3.1/thumb/v7e-m+fp/hard/libgcc.a
LOAD /opt/st/stm32cubeide_1.18.0/plugins/com.st.stm32cube.ide.mcu.externaltools.gnu-tools-for-stm32.13.3.rel1.linux64_1.0.0.202410170706/tools/bin/../lib/gcc/arm-none-eabi/13.3.1/../../../../arm-none-eabi/lib/thumb/v7e-m+fp/hard/libc_nano.a
LOAD /opt/st/stm32cubeide_1.18.0/plugins/com.st.stm32cube.ide.mcu.externaltools.gnu-tools-for-stm32.13.3.rel1.linux64_1.0.0.202410170706/tools/bin/../lib/gcc/arm-none-eabi/13.3.1/../../../../arm-none-eabi/lib/thumb/v7e-m+fp/hard/libnosys.a
END GROUP
START GROUP
LOAD /opt/st/stm32cubeide_1.18.0/plugins/com.st.stm32cube.ide.mcu.externaltools.gnu-tools-for-stm32.13.3.rel1.linux64_1.0.0.202410170706/tools/bin/../lib/gcc/arm-none-eabi/13.3.1/thumb/v7e-m+fp/hard/libgcc.a
LOAD /opt/st/stm32cubeide_1.18.0/plugins/com.st.stm32cube.ide.mcu.externaltools.gnu-tools-for-stm32.13.3.rel1.linux64_1.0.0.202410170706/tools/bin/../lib/gcc/arm-none-eabi/13.3.1/../../../../arm-none-eabi/lib/thumb/v7e-m+fp/hard/libc_nano.a
LOAD /opt/st/stm32cubeide_1.18.0/plugins/com.st.stm32cube.ide.mcu.externaltools.gnu-tools-for-stm32.13.3.rel1.linux64_1.0.0.202410170706/tools/bin/../lib/gcc/arm-none-eabi/13.3.1/../../../../arm-none-eabi/lib/thumb/v7e-m+fp/hard/libnosys.a
END GROUP
LOAD /opt/st/stm32cubeide_1.18.0/plugins/com.st.stm32cube.ide.mcu.externaltools.gnu-tools-for-stm32.13.3.rel1.linux64_1.0.0.202410170706/tools/bin/../lib/gcc/arm-none-eabi/13.3.1/thumb/v7e-m+fp/hard/crtend.o
LOAD /opt/st/stm32cubeide_1.18.0/plugins/com.st.stm32cube.ide.mcu.externaltools.gnu-tools-for-stm32.13.3.rel1.linux64_1.0.0.202410170706/tools/bin/../lib/gcc/arm-none-eabi/13.3.1/thumb/v7e-m+fp/hard/crtn.o
                0x20040000                        _estack = (ORIGIN (RAM) + LENGTH (RAM))
                0x00000200                        _Min_Heap_Size = 0x200
                0x00000400                        _Min_Stack_Size = 0x400

.isr_vector     0x08000000      0x1e0
                0x08000000                        . = ALIGN (0x4)
 *(.isr_vector)
 .isr_vector    0x08000000      0x1e0 ./Core/Startup/startup_stm32f723iekx.o
                0x08000000                g_pfnVectors
                0x080001e0                        . = ALIGN (0x4)

.text           0x080001e0     0x4a48
                0x080001e0                        . = ALIGN (0x4)
 *(.text)
 .text          0x080001e0       0x40 /opt/st/stm32cubeide_1.18.0/plugins/com.st.stm32cube.ide.mcu.externaltools.gnu-tools-for-stm32.13.3.rel1.linux64_1.0.0.202410170706/tools/bin/../lib/gcc/arm-none-eabi/13.3.1/thumb/v7e-m+fp/hard/crtbegin.o
 .text          0x08000220       0x30 /opt/st/stm32cubeide_1.18.0/plugins/com.st.stm32cube.ide.mcu.externaltools.gnu-tools-for-stm32.13.3.rel1.linux64_1.0.0.202410170706/tools/bin/../lib/gcc/arm-none-eabi/13.3.1/thumb/v7e-m+fp/hard/libgcc.a(_aeabi_uldivmod.o)
                0x08000220                __aeabi_uldivmod
 .text          0x08000250      0x2f8 /opt/st/stm32cubeide_1.18.0/plugins/com.st.stm32cube.ide.mcu.externaltools.gnu-tools-for-stm32.13.3.rel1.linux64_1.0.0.202410170706/tools/bin/../lib/gcc/arm-none-eabi/13.3.1/thumb/v7e-m+fp/hard/libgcc.a(_udivmoddi4.o)
                0x08000250                __udivmoddi4
 .text          0x08000548        0x4 /opt/st/stm32cubeide_1.18.0/plugins/com.st.stm32cube.ide.mcu.externaltools.gnu-tools-for-stm32.13.3.rel1.linux64_1.0.0.202410170706/tools/bin/../lib/gcc/arm-none-eabi/13.3.1/thumb/v7e-m+fp/hard/libgcc.a(_dvmd_tls.o)
                0x08000548                __aeabi_ldiv0
                0x08000548                __aeabi_idiv0
 *(.text*)
 .text.main     0x0800054c       0xac ./Core/Src/main.o
                0x0800054c                main
 .text.SystemClock_Config
                0x080005f8       0xe0 ./Core/Src/main.o
                0x080005f8                SystemClock_Config
 .text.task1handler
                0x080006d8       0x10 ./Core/Src/main.o
 .text.task2handler
                0x080006e8       0x10 ./Core/Src/main.o
 .text.HAL_TIM_PeriodElapsedCallback
                0x080006f8       0x24 ./Core/Src/main.o
                0x080006f8                HAL_TIM_PeriodElapsedCallback
 .text.Error_Handler
                0x0800071c        0xc ./Core/Src/main.o
                0x0800071c                Error_Handler
 .text.HAL_MspInit
                0x08000728       0x48 ./Core/Src/stm32f7xx_hal_msp.o
                0x08000728                HAL_MspInit
 .text.HAL_InitTick
                0x08000770       0xe4 ./Core/Src/stm32f7xx_hal_timebase_tim.o
                0x08000770                HAL_InitTick
 .text.NMI_Handler
                0x08000854        0x8 ./Core/Src/stm32f7xx_it.o
                0x08000854                NMI_Handler
 .text.HardFault_Handler
                0x0800085c        0x8 ./Core/Src/stm32f7xx_it.o
                0x0800085c                HardFault_Handler
 .text.MemManage_Handler
                0x08000864        0x8 ./Core/Src/stm32f7xx_it.o
                0x08000864                MemManage_Handler
 .text.BusFault_Handler
                0x0800086c        0x8 ./Core/Src/stm32f7xx_it.o
                0x0800086c                BusFault_Handler
 .text.UsageFault_Handler
                0x08000874        0x8 ./Core/Src/stm32f7xx_it.o
                0x08000874                UsageFault_Handler
 .text.DebugMon_Handler
                0x0800087c        0xe ./Core/Src/stm32f7xx_it.o
                0x0800087c                DebugMon_Handler
 *fill*         0x0800088a        0x2 
 .text.TIM1_UP_TIM10_IRQHandler
                0x0800088c       0x14 ./Core/Src/stm32f7xx_it.o
                0x0800088c                TIM1_UP_TIM10_IRQHandler
 .text.ITM_SendChar
                0x080008a0       0x50 ./Core/Src/syscalls.o
                0x080008a0                ITM_SendChar
 .text._read    0x080008f0       0x3a ./Core/Src/syscalls.o
                0x080008f0                _read
 .text._write   0x0800092a       0x38 ./Core/Src/syscalls.o
                0x0800092a                _write
 .text._close   0x08000962       0x18 ./Core/Src/syscalls.o
                0x08000962                _close
 .text._fstat   0x0800097a       0x20 ./Core/Src/syscalls.o
                0x0800097a                _fstat
 .text._isatty  0x0800099a       0x16 ./Core/Src/syscalls.o
                0x0800099a                _isatty
 .text._lseek   0x080009b0       0x1a ./Core/Src/syscalls.o
                0x080009b0                _lseek
 *fill*         0x080009ca        0x2 
 .text._sbrk    0x080009cc       0x6c ./Core/Src/sysmem.o
                0x080009cc                _sbrk
 .text.SystemInit
                0x08000a38       0x24 ./Core/Src/system_stm32f7xx.o
                0x08000a38                SystemInit
 .text.Reset_Handler
                0x08000a5c       0x50 ./Core/Startup/startup_stm32f723iekx.o
                0x08000a5c                Reset_Handler
 .text.Default_Handler
                0x08000aac        0x2 ./Core/Startup/startup_stm32f723iekx.o
                0x08000aac                RTC_Alarm_IRQHandler
                0x08000aac                EXTI2_IRQHandler
                0x08000aac                TIM8_CC_IRQHandler
                0x08000aac                UART8_IRQHandler
                0x08000aac                SPI4_IRQHandler
                0x08000aac                TIM1_CC_IRQHandler
                0x08000aac                DMA2_Stream5_IRQHandler
                0x08000aac                DMA1_Stream5_IRQHandler
                0x08000aac                PVD_IRQHandler
                0x08000aac                TAMP_STAMP_IRQHandler
                0x08000aac                EXTI3_IRQHandler
                0x08000aac                TIM8_TRG_COM_TIM14_IRQHandler
                0x08000aac                TIM8_UP_TIM13_IRQHandler
                0x08000aac                I2C3_ER_IRQHandler
                0x08000aac                EXTI0_IRQHandler
                0x08000aac                I2C2_EV_IRQHandler
                0x08000aac                DMA1_Stream2_IRQHandler
                0x08000aac                CAN1_RX0_IRQHandler
                0x08000aac                FPU_IRQHandler
                0x08000aac                OTG_HS_WKUP_IRQHandler
                0x08000aac                DMA2_Stream2_IRQHandler
                0x08000aac                SPI1_IRQHandler
                0x08000aac                TIM6_DAC_IRQHandler
                0x08000aac                TIM1_BRK_TIM9_IRQHandler
                0x08000aac                DMA2_Stream3_IRQHandler
                0x08000aac                SAI2_IRQHandler
                0x08000aac                USART6_IRQHandler
                0x08000aac                USART3_IRQHandler
                0x08000aac                CAN1_RX1_IRQHandler
                0x08000aac                UART5_IRQHandler
                0x08000aac                DMA2_Stream0_IRQHandler
                0x08000aac                TIM4_IRQHandler
                0x08000aac                QUADSPI_IRQHandler
                0x08000aac                I2C1_EV_IRQHandler
                0x08000aac                DMA1_Stream6_IRQHandler
                0x08000aac                DMA1_Stream1_IRQHandler
                0x08000aac                UART4_IRQHandler
                0x08000aac                TIM3_IRQHandler
                0x08000aac                RCC_IRQHandler
                0x08000aac                TIM8_BRK_TIM12_IRQHandler
                0x08000aac                Default_Handler
                0x08000aac                EXTI15_10_IRQHandler
                0x08000aac                ADC_IRQHandler
                0x08000aac                DMA1_Stream7_IRQHandler
                0x08000aac                SPI5_IRQHandler
                0x08000aac                TIM7_IRQHandler
                0x08000aac                SDMMC1_IRQHandler
                0x08000aac                TIM5_IRQHandler
                0x08000aac                DMA2_Stream7_IRQHandler
                0x08000aac                I2C3_EV_IRQHandler
                0x08000aac                EXTI9_5_IRQHandler
                0x08000aac                RTC_WKUP_IRQHandler
                0x08000aac                SPI2_IRQHandler
                0x08000aac                OTG_HS_EP1_IN_IRQHandler
                0x08000aac                DMA1_Stream0_IRQHandler
                0x08000aac                CAN1_TX_IRQHandler
                0x08000aac                EXTI4_IRQHandler
                0x08000aac                RNG_IRQHandler
                0x08000aac                OTG_HS_EP1_OUT_IRQHandler
                0x08000aac                WWDG_IRQHandler
                0x08000aac                TIM2_IRQHandler
                0x08000aac                OTG_FS_WKUP_IRQHandler
                0x08000aac                TIM1_TRG_COM_TIM11_IRQHandler
                0x08000aac                OTG_HS_IRQHandler
                0x08000aac                EXTI1_IRQHandler
                0x08000aac                SDMMC2_IRQHandler
                0x08000aac                UART7_IRQHandler
                0x08000aac                USART2_IRQHandler
                0x08000aac                I2C2_ER_IRQHandler
                0x08000aac                DMA2_Stream1_IRQHandler
                0x08000aac                CAN1_SCE_IRQHandler
                0x08000aac                FLASH_IRQHandler
                0x08000aac                DMA2_Stream4_IRQHandler
                0x08000aac                USART1_IRQHandler
                0x08000aac                OTG_FS_IRQHandler
                0x08000aac                SPI3_IRQHandler
                0x08000aac                DMA1_Stream4_IRQHandler
                0x08000aac                I2C1_ER_IRQHandler
                0x08000aac                FMC_IRQHandler
                0x08000aac                LPTIM1_IRQHandler
                0x08000aac                DMA2_Stream6_IRQHandler
                0x08000aac                SAI1_IRQHandler
                0x08000aac                DMA1_Stream3_IRQHandler
 .text.HAL_Init
                0x08000aae       0x1a ./Drivers/STM32F7xx_HAL_Driver/Src/stm32f7xx_hal.o
                0x08000aae                HAL_Init
 .text.HAL_IncTick
                0x08000ac8       0x28 ./Drivers/STM32F7xx_HAL_Driver/Src/stm32f7xx_hal.o
                0x08000ac8                HAL_IncTick
 .text.HAL_GetTick
                0x08000af0       0x18 ./Drivers/STM32F7xx_HAL_Driver/Src/stm32f7xx_hal.o
                0x08000af0                HAL_GetTick
 .text.__NVIC_SetPriorityGrouping
                0x08000b08       0x48 ./Drivers/STM32F7xx_HAL_Driver/Src/stm32f7xx_hal_cortex.o
 .text.__NVIC_GetPriorityGrouping
                0x08000b50       0x1c ./Drivers/STM32F7xx_HAL_Driver/Src/stm32f7xx_hal_cortex.o
 .text.__NVIC_EnableIRQ
                0x08000b6c       0x3c ./Drivers/STM32F7xx_HAL_Driver/Src/stm32f7xx_hal_cortex.o
 .text.__NVIC_SetPriority
                0x08000ba8       0x54 ./Drivers/STM32F7xx_HAL_Driver/Src/stm32f7xx_hal_cortex.o
 .text.NVIC_EncodePriority
                0x08000bfc       0x66 ./Drivers/STM32F7xx_HAL_Driver/Src/stm32f7xx_hal_cortex.o
 .text.HAL_NVIC_SetPriorityGrouping
                0x08000c62       0x16 ./Drivers/STM32F7xx_HAL_Driver/Src/stm32f7xx_hal_cortex.o
                0x08000c62                HAL_NVIC_SetPriorityGrouping
 .text.HAL_NVIC_SetPriority
                0x08000c78       0x38 ./Drivers/STM32F7xx_HAL_Driver/Src/stm32f7xx_hal_cortex.o
                0x08000c78                HAL_NVIC_SetPriority
 .text.HAL_NVIC_EnableIRQ
                0x08000cb0       0x1c ./Drivers/STM32F7xx_HAL_Driver/Src/stm32f7xx_hal_cortex.o
                0x08000cb0                HAL_NVIC_EnableIRQ
 .text.HAL_PWR_EnableBkUpAccess
                0x08000ccc       0x20 ./Drivers/STM32F7xx_HAL_Driver/Src/stm32f7xx_hal_pwr.o
                0x08000ccc                HAL_PWR_EnableBkUpAccess
 .text.HAL_PWREx_EnableOverDrive
                0x08000cec       0xa0 ./Drivers/STM32F7xx_HAL_Driver/Src/stm32f7xx_hal_pwr_ex.o
                0x08000cec                HAL_PWREx_EnableOverDrive
 .text.HAL_RCC_OscConfig
                0x08000d8c      0x548 ./Drivers/STM32F7xx_HAL_Driver/Src/stm32f7xx_hal_rcc.o
                0x08000d8c                HAL_RCC_OscConfig
 .text.HAL_RCC_ClockConfig
                0x080012d4      0x1d8 ./Drivers/STM32F7xx_HAL_Driver/Src/stm32f7xx_hal_rcc.o
                0x080012d4                HAL_RCC_ClockConfig
 .text.HAL_RCC_GetSysClockFreq
                0x080014ac      0x18c ./Drivers/STM32F7xx_HAL_Driver/Src/stm32f7xx_hal_rcc.o
                0x080014ac                HAL_RCC_GetSysClockFreq
 .text.HAL_RCC_GetHCLKFreq
                0x08001638       0x18 ./Drivers/STM32F7xx_HAL_Driver/Src/stm32f7xx_hal_rcc.o
                0x08001638                HAL_RCC_GetHCLKFreq
 .text.HAL_RCC_GetPCLK2Freq
                0x08001650       0x28 ./Drivers/STM32F7xx_HAL_Driver/Src/stm32f7xx_hal_rcc.o
                0x08001650                HAL_RCC_GetPCLK2Freq
 .text.HAL_RCC_GetClockConfig
                0x08001678       0x64 ./Drivers/STM32F7xx_HAL_Driver/Src/stm32f7xx_hal_rcc.o
                0x08001678                HAL_RCC_GetClockConfig
 .text.HAL_TIM_Base_Init
                0x080016dc       0xae ./Drivers/STM32F7xx_HAL_Driver/Src/stm32f7xx_hal_tim.o
                0x080016dc                HAL_TIM_Base_Init
 .text.HAL_TIM_Base_MspInit
                0x0800178a       0x14 ./Drivers/STM32F7xx_HAL_Driver/Src/stm32f7xx_hal_tim.o
                0x0800178a                HAL_TIM_Base_MspInit
 *fill*         0x0800179e        0x2 
 .text.HAL_TIM_Base_Start_IT
                0x080017a0       0xf0 ./Drivers/STM32F7xx_HAL_Driver/Src/stm32f7xx_hal_tim.o
                0x080017a0                HAL_TIM_Base_Start_IT
 .text.HAL_TIM_IRQHandler
                0x08001890      0x20e ./Drivers/STM32F7xx_HAL_Driver/Src/stm32f7xx_hal_tim.o
                0x08001890                HAL_TIM_IRQHandler
 .text.HAL_TIM_OC_DelayElapsedCallback
                0x08001a9e       0x14 ./Drivers/STM32F7xx_HAL_Driver/Src/stm32f7xx_hal_tim.o
                0x08001a9e                HAL_TIM_OC_DelayElapsedCallback
 .text.HAL_TIM_IC_CaptureCallback
                0x08001ab2       0x14 ./Drivers/STM32F7xx_HAL_Driver/Src/stm32f7xx_hal_tim.o
                0x08001ab2                HAL_TIM_IC_CaptureCallback
 .text.HAL_TIM_PWM_PulseFinishedCallback
                0x08001ac6       0x14 ./Drivers/STM32F7xx_HAL_Driver/Src/stm32f7xx_hal_tim.o
                0x08001ac6                HAL_TIM_PWM_PulseFinishedCallback
 .text.HAL_TIM_TriggerCallback
                0x08001ada       0x14 ./Drivers/STM32F7xx_HAL_Driver/Src/stm32f7xx_hal_tim.o
                0x08001ada                HAL_TIM_TriggerCallback
 *fill*         0x08001aee        0x2 
 .text.TIM_Base_SetConfig
                0x08001af0      0x14c ./Drivers/STM32F7xx_HAL_Driver/Src/stm32f7xx_hal_tim.o
                0x08001af0                TIM_Base_SetConfig
 .text.HAL_TIMEx_CommutCallback
                0x08001c3c       0x14 ./Drivers/STM32F7xx_HAL_Driver/Src/stm32f7xx_hal_tim_ex.o
                0x08001c3c                HAL_TIMEx_CommutCallback
 .text.HAL_TIMEx_BreakCallback
                0x08001c50       0x14 ./Drivers/STM32F7xx_HAL_Driver/Src/stm32f7xx_hal_tim_ex.o
                0x08001c50                HAL_TIMEx_BreakCallback
 .text.HAL_TIMEx_Break2Callback
                0x08001c64       0x14 ./Drivers/STM32F7xx_HAL_Driver/Src/stm32f7xx_hal_tim_ex.o
                0x08001c64                HAL_TIMEx_Break2Callback
 .text.vListInitialise
                0x08001c78       0x40 ./ThirdParty/FreeRTOS/list.o
                0x08001c78                vListInitialise
 .text.vListInitialiseItem
                0x08001cb8       0x1a ./ThirdParty/FreeRTOS/list.o
                0x08001cb8                vListInitialiseItem
 .text.vListInsert
                0x08001cd2       0x72 ./ThirdParty/FreeRTOS/list.o
                0x08001cd2                vListInsert
 .text.uxListRemove
                0x08001d44       0x54 ./ThirdParty/FreeRTOS/list.o
                0x08001d44                uxListRemove
 .text.xQueueGenericReset
                0x08001d98      0x12c ./ThirdParty/FreeRTOS/queue.o
                0x08001d98                xQueueGenericReset
 .text.xQueueGenericCreate
                0x08001ec4       0xa2 ./ThirdParty/FreeRTOS/queue.o
                0x08001ec4                xQueueGenericCreate
 .text.prvInitialiseNewQueue
                0x08001f66       0x46 ./ThirdParty/FreeRTOS/queue.o
 .text.xQueueReceive
                0x08001fac      0x1d0 ./ThirdParty/FreeRTOS/queue.o
                0x08001fac                xQueueReceive
 .text.prvCopyDataFromQueue
                0x0800217c       0x4c ./ThirdParty/FreeRTOS/queue.o
 .text.prvUnlockQueue
                0x080021c8       0xa4 ./ThirdParty/FreeRTOS/queue.o
 .text.prvIsQueueEmpty
                0x0800226c       0x2c ./ThirdParty/FreeRTOS/queue.o
 .text.vQueueAddToRegistry
                0x08002298       0xa4 ./ThirdParty/FreeRTOS/queue.o
                0x08002298                vQueueAddToRegistry
 .text.vQueueWaitForMessageRestricted
                0x0800233c       0x68 ./ThirdParty/FreeRTOS/queue.o
                0x0800233c                vQueueWaitForMessageRestricted
 .text.prvCreateTask
                0x080023a4       0x78 ./ThirdParty/FreeRTOS/tasks.o
 .text.xTaskCreate
                0x0800241c       0x46 ./ThirdParty/FreeRTOS/tasks.o
                0x0800241c                xTaskCreate
 .text.prvInitialiseNewTask
                0x08002462      0x128 ./ThirdParty/FreeRTOS/tasks.o
 *fill*         0x0800258a        0x2 
 .text.prvAddNewTaskToReadyList
                0x0800258c      0x130 ./ThirdParty/FreeRTOS/tasks.o
 .text.prvCreateIdleTasks
                0x080026bc       0xa8 ./ThirdParty/FreeRTOS/tasks.o
 .text.vTaskStartScheduler
                0x08002764       0x90 ./ThirdParty/FreeRTOS/tasks.o
                0x08002764                vTaskStartScheduler
 .text.vTaskSuspendAll
                0x080027f4       0x1c ./ThirdParty/FreeRTOS/tasks.o
                0x080027f4                vTaskSuspendAll
 .text.xTaskResumeAll
                0x08002810      0x214 ./ThirdParty/FreeRTOS/tasks.o
                0x08002810                xTaskResumeAll
 .text.xTaskGetTickCount
                0x08002a24       0x20 ./ThirdParty/FreeRTOS/tasks.o
                0x08002a24                xTaskGetTickCount
 .text.xTaskIncrementTick
                0x08002a44      0x238 ./ThirdParty/FreeRTOS/tasks.o
                0x08002a44                xTaskIncrementTick
 .text.vTaskSwitchContext
                0x08002c7c       0xc0 ./ThirdParty/FreeRTOS/tasks.o
                0x08002c7c                vTaskSwitchContext
 .text.vTaskPlaceOnEventList
                0x08002d3c       0x50 ./ThirdParty/FreeRTOS/tasks.o
                0x08002d3c                vTaskPlaceOnEventList
 .text.vTaskPlaceOnEventListRestricted
                0x08002d8c       0x90 ./ThirdParty/FreeRTOS/tasks.o
                0x08002d8c                vTaskPlaceOnEventListRestricted
 .text.xTaskRemoveFromEventList
                0x08002e1c      0x1b8 ./ThirdParty/FreeRTOS/tasks.o
                0x08002e1c                xTaskRemoveFromEventList
 .text.vTaskInternalSetTimeOutState
                0x08002fd4       0x2c ./ThirdParty/FreeRTOS/tasks.o
                0x08002fd4                vTaskInternalSetTimeOutState
 .text.xTaskCheckForTimeOut
                0x08003000       0xd8 ./ThirdParty/FreeRTOS/tasks.o
                0x08003000                xTaskCheckForTimeOut
 .text.vTaskMissedYield
                0x080030d8       0x18 ./ThirdParty/FreeRTOS/tasks.o
                0x080030d8                vTaskMissedYield
 .text.prvIdleTask
                0x080030f0       0x30 ./ThirdParty/FreeRTOS/tasks.o
 .text.prvInitialiseTaskLists
                0x08003120       0x80 ./ThirdParty/FreeRTOS/tasks.o
 .text.prvCheckTasksWaitingTermination
                0x080031a0       0x5c ./ThirdParty/FreeRTOS/tasks.o
 .text.prvDeleteTCB
                0x080031fc       0x20 ./ThirdParty/FreeRTOS/tasks.o
 .text.prvResetNextTaskUnblockTime
                0x0800321c       0x38 ./ThirdParty/FreeRTOS/tasks.o
 .text.xTaskGetSchedulerState
                0x08003254       0x3c ./ThirdParty/FreeRTOS/tasks.o
                0x08003254                xTaskGetSchedulerState
 .text.prvAddCurrentTaskToDelayedList
                0x08003290      0x104 ./ThirdParty/FreeRTOS/tasks.o
 .text.xTimerCreateTimerTask
                0x08003394       0x6c ./ThirdParty/FreeRTOS/timers.o
                0x08003394                xTimerCreateTimerTask
 .text.prvReloadTimer
                0x08003400       0x42 ./ThirdParty/FreeRTOS/timers.o
 *fill*         0x08003442        0x2 
 .text.prvProcessExpiredTimer
                0x08003444       0x60 ./ThirdParty/FreeRTOS/timers.o
 .text.prvTimerTask
                0x080034a4       0x26 ./ThirdParty/FreeRTOS/timers.o
 *fill*         0x080034ca        0x2 
 .text.prvProcessTimerOrBlockTask
                0x080034cc       0x9c ./ThirdParty/FreeRTOS/timers.o
 .text.prvGetNextExpireTime
                0x08003568       0x48 ./ThirdParty/FreeRTOS/timers.o
 .text.prvSampleTimeNow
                0x080035b0       0x40 ./ThirdParty/FreeRTOS/timers.o
 .text.prvInsertTimerInActiveList
                0x080035f0       0x84 ./ThirdParty/FreeRTOS/timers.o
 .text.prvProcessReceivedCommands
                0x08003674      0x19c ./ThirdParty/FreeRTOS/timers.o
 .text.prvSwitchTimerLists
                0x08003810       0x4c ./ThirdParty/FreeRTOS/timers.o
 .text.prvCheckForValidListAndQueue
                0x0800385c       0x6c ./ThirdParty/FreeRTOS/timers.o
 .text.pxPortInitialiseStack
                0x080038c8       0x68 ./ThirdParty/FreeRTOS/portable/GCC/ARM_CM7/port.o
                0x080038c8                pxPortInitialiseStack
 .text.prvTaskExitError
                0x08003930       0x64 ./ThirdParty/FreeRTOS/portable/GCC/ARM_CM7/port.o
 *fill*         0x08003994        0xc 
 .text.SVC_Handler
                0x080039a0       0x28 ./ThirdParty/FreeRTOS/portable/GCC/ARM_CM7/port.o
                0x080039a0                SVC_Handler
 .text.prvPortStartFirstTask
                0x080039c8       0x2c ./ThirdParty/FreeRTOS/portable/GCC/ARM_CM7/port.o
 .text.xPortStartScheduler
                0x080039f4      0x1a0 ./ThirdParty/FreeRTOS/portable/GCC/ARM_CM7/port.o
                0x080039f4                xPortStartScheduler
 .text.vPortEnterCritical
                0x08003b94       0x6c ./ThirdParty/FreeRTOS/portable/GCC/ARM_CM7/port.o
                0x08003b94                vPortEnterCritical
 .text.vPortExitCritical
                0x08003c00       0x58 ./ThirdParty/FreeRTOS/portable/GCC/ARM_CM7/port.o
                0x08003c00                vPortExitCritical
 *fill*         0x08003c58        0x8 
 .text.PendSV_Handler
                0x08003c60       0x68 ./ThirdParty/FreeRTOS/portable/GCC/ARM_CM7/port.o
                0x08003c60                PendSV_Handler
 .text.SysTick_Handler
                0x08003cc8       0x48 ./ThirdParty/FreeRTOS/portable/GCC/ARM_CM7/port.o
                0x08003cc8                SysTick_Handler
 .text.vPortSetupTimerInterrupt
                0x08003d10       0x48 ./ThirdParty/FreeRTOS/portable/GCC/ARM_CM7/port.o
                0x08003d10                vPortSetupTimerInterrupt
 .text.vPortEnableVFP
                0x08003d58       0x18 ./ThirdParty/FreeRTOS/portable/GCC/ARM_CM7/port.o
 .text.pvPortMalloc
                0x08003d70      0x288 ./ThirdParty/FreeRTOS/portable/MemMang/heap_4.o
                0x08003d70                pvPortMalloc
 .text.vPortFree
                0x08003ff8       0xf8 ./ThirdParty/FreeRTOS/portable/MemMang/heap_4.o
                0x08003ff8                vPortFree
 .text.prvHeapInit
                0x080040f0       0xb4 ./ThirdParty/FreeRTOS/portable/MemMang/heap_4.o
 .text.prvInsertBlockIntoFreeList
                0x080041a4       0xf8 ./ThirdParty/FreeRTOS/portable/MemMang/heap_4.o
 .text.std      0x0800429c       0x6c /opt/st/stm32cubeide_1.18.0/plugins/com.st.stm32cube.ide.mcu.externaltools.gnu-tools-for-stm32.13.3.rel1.linux64_1.0.0.202410170706/tools/bin/../lib/gcc/arm-none-eabi/13.3.1/../../../../arm-none-eabi/lib/thumb/v7e-m+fp/hard/libc_nano.a(libc_a-findfp.o)
 .text.stdio_exit_handler
                0x08004308       0x18 /opt/st/stm32cubeide_1.18.0/plugins/com.st.stm32cube.ide.mcu.externaltools.gnu-tools-for-stm32.13.3.rel1.linux64_1.0.0.202410170706/tools/bin/../lib/gcc/arm-none-eabi/13.3.1/../../../../arm-none-eabi/lib/thumb/v7e-m+fp/hard/libc_nano.a(libc_a-findfp.o)
 .text.cleanup_stdio
                0x08004320       0x40 /opt/st/stm32cubeide_1.18.0/plugins/com.st.stm32cube.ide.mcu.externaltools.gnu-tools-for-stm32.13.3.rel1.linux64_1.0.0.202410170706/tools/bin/../lib/gcc/arm-none-eabi/13.3.1/../../../../arm-none-eabi/lib/thumb/v7e-m+fp/hard/libc_nano.a(libc_a-findfp.o)
 .text.global_stdio_init.part.0
                0x08004360       0x3c /opt/st/stm32cubeide_1.18.0/plugins/com.st.stm32cube.ide.mcu.externaltools.gnu-tools-for-stm32.13.3.rel1.linux64_1.0.0.202410170706/tools/bin/../lib/gcc/arm-none-eabi/13.3.1/../../../../arm-none-eabi/lib/thumb/v7e-m+fp/hard/libc_nano.a(libc_a-findfp.o)
 .text.__sfp_lock_acquire
                0x0800439c        0xc /opt/st/stm32cubeide_1.18.0/plugins/com.st.stm32cube.ide.mcu.externaltools.gnu-tools-for-stm32.13.3.rel1.linux64_1.0.0.202410170706/tools/bin/../lib/gcc/arm-none-eabi/13.3.1/../../../../arm-none-eabi/lib/thumb/v7e-m+fp/hard/libc_nano.a(libc_a-findfp.o)
                0x0800439c                __sfp_lock_acquire
 .text.__sfp_lock_release
                0x080043a8        0xc /opt/st/stm32cubeide_1.18.0/plugins/com.st.stm32cube.ide.mcu.externaltools.gnu-tools-for-stm32.13.3.rel1.linux64_1.0.0.202410170706/tools/bin/../lib/gcc/arm-none-eabi/13.3.1/../../../../arm-none-eabi/lib/thumb/v7e-m+fp/hard/libc_nano.a(libc_a-findfp.o)
                0x080043a8                __sfp_lock_release
 .text.__sinit  0x080043b4       0x30 /opt/st/stm32cubeide_1.18.0/plugins/com.st.stm32cube.ide.mcu.externaltools.gnu-tools-for-stm32.13.3.rel1.linux64_1.0.0.202410170706/tools/bin/../lib/gcc/arm-none-eabi/13.3.1/../../../../arm-none-eabi/lib/thumb/v7e-m+fp/hard/libc_nano.a(libc_a-findfp.o)
                0x080043b4                __sinit
 .text._fwalk_sglue
                0x080043e4       0x3c /opt/st/stm32cubeide_1.18.0/plugins/com.st.stm32cube.ide.mcu.externaltools.gnu-tools-for-stm32.13.3.rel1.linux64_1.0.0.202410170706/tools/bin/../lib/gcc/arm-none-eabi/13.3.1/../../../../arm-none-eabi/lib/thumb/v7e-m+fp/hard/libc_nano.a(libc_a-fwalk.o)
                0x080043e4                _fwalk_sglue
 .text._puts_r  0x08004420       0xaa /opt/st/stm32cubeide_1.18.0/plugins/com.st.stm32cube.ide.mcu.externaltools.gnu-tools-for-stm32.13.3.rel1.linux64_1.0.0.202410170706/tools/bin/../lib/gcc/arm-none-eabi/13.3.1/../../../../arm-none-eabi/lib/thumb/v7e-m+fp/hard/libc_nano.a(libc_a-puts.o)
                0x08004420                _puts_r
 *fill*         0x080044ca        0x2 
 .text.puts     0x080044cc       0x10 /opt/st/stm32cubeide_1.18.0/plugins/com.st.stm32cube.ide.mcu.externaltools.gnu-tools-for-stm32.13.3.rel1.linux64_1.0.0.202410170706/tools/bin/../lib/gcc/arm-none-eabi/13.3.1/../../../../arm-none-eabi/lib/thumb/v7e-m+fp/hard/libc_nano.a(libc_a-puts.o)
                0x080044cc                puts
 .text.__sread  0x080044dc       0x22 /opt/st/stm32cubeide_1.18.0/plugins/com.st.stm32cube.ide.mcu.externaltools.gnu-tools-for-stm32.13.3.rel1.linux64_1.0.0.202410170706/tools/bin/../lib/gcc/arm-none-eabi/13.3.1/../../../../arm-none-eabi/lib/thumb/v7e-m+fp/hard/libc_nano.a(libc_a-stdio.o)
                0x080044dc                __sread
 .text.__swrite
                0x080044fe       0x38 /opt/st/stm32cubeide_1.18.0/plugins/com.st.stm32cube.ide.mcu.externaltools.gnu-tools-for-stm32.13.3.rel1.linux64_1.0.0.202410170706/tools/bin/../lib/gcc/arm-none-eabi/13.3.1/../../../../arm-none-eabi/lib/thumb/v7e-m+fp/hard/libc_nano.a(libc_a-stdio.o)
                0x080044fe                __swrite
 .text.__sseek  0x08004536       0x24 /opt/st/stm32cubeide_1.18.0/plugins/com.st.stm32cube.ide.mcu.externaltools.gnu-tools-for-stm32.13.3.rel1.linux64_1.0.0.202410170706/tools/bin/../lib/gcc/arm-none-eabi/13.3.1/../../../../arm-none-eabi/lib/thumb/v7e-m+fp/hard/libc_nano.a(libc_a-stdio.o)
                0x08004536                __sseek
 .text.__sclose
                0x0800455a        0x8 /opt/st/stm32cubeide_1.18.0/plugins/com.st.stm32cube.ide.mcu.externaltools.gnu-tools-for-stm32.13.3.rel1.linux64_1.0.0.202410170706/tools/bin/../lib/gcc/arm-none-eabi/13.3.1/../../../../arm-none-eabi/lib/thumb/v7e-m+fp/hard/libc_nano.a(libc_a-stdio.o)
                0x0800455a                __sclose
 .text.__swbuf_r
                0x08004562       0x7c /opt/st/stm32cubeide_1.18.0/plugins/com.st.stm32cube.ide.mcu.externaltools.gnu-tools-for-stm32.13.3.rel1.linux64_1.0.0.202410170706/tools/bin/../lib/gcc/arm-none-eabi/13.3.1/../../../../arm-none-eabi/lib/thumb/v7e-m+fp/hard/libc_nano.a(libc_a-wbuf.o)
                0x08004562                __swbuf_r
 *fill*         0x080045de        0x2 
 .text.__swsetup_r
                0x080045e0       0xac /opt/st/stm32cubeide_1.18.0/plugins/com.st.stm32cube.ide.mcu.externaltools.gnu-tools-for-stm32.13.3.rel1.linux64_1.0.0.202410170706/tools/bin/../lib/gcc/arm-none-eabi/13.3.1/../../../../arm-none-eabi/lib/thumb/v7e-m+fp/hard/libc_nano.a(libc_a-wsetup.o)
                0x080045e0                __swsetup_r
 .text.memset   0x0800468c       0x10 /opt/st/stm32cubeide_1.18.0/plugins/com.st.stm32cube.ide.mcu.externaltools.gnu-tools-for-stm32.13.3.rel1.linux64_1.0.0.202410170706/tools/bin/../lib/gcc/arm-none-eabi/13.3.1/../../../../arm-none-eabi/lib/thumb/v7e-m+fp/hard/libc_nano.a(libc_a-memset.o)
                0x0800468c                memset
 .text._close_r
                0x0800469c       0x20 /opt/st/stm32cubeide_1.18.0/plugins/com.st.stm32cube.ide.mcu.externaltools.gnu-tools-for-stm32.13.3.rel1.linux64_1.0.0.202410170706/tools/bin/../lib/gcc/arm-none-eabi/13.3.1/../../../../arm-none-eabi/lib/thumb/v7e-m+fp/hard/libc_nano.a(libc_a-closer.o)
                0x0800469c                _close_r
 .text._lseek_r
                0x080046bc       0x24 /opt/st/stm32cubeide_1.18.0/plugins/com.st.stm32cube.ide.mcu.externaltools.gnu-tools-for-stm32.13.3.rel1.linux64_1.0.0.202410170706/tools/bin/../lib/gcc/arm-none-eabi/13.3.1/../../../../arm-none-eabi/lib/thumb/v7e-m+fp/hard/libc_nano.a(libc_a-lseekr.o)
                0x080046bc                _lseek_r
 .text._read_r  0x080046e0       0x24 /opt/st/stm32cubeide_1.18.0/plugins/com.st.stm32cube.ide.mcu.externaltools.gnu-tools-for-stm32.13.3.rel1.linux64_1.0.0.202410170706/tools/bin/../lib/gcc/arm-none-eabi/13.3.1/../../../../arm-none-eabi/lib/thumb/v7e-m+fp/hard/libc_nano.a(libc_a-readr.o)
                0x080046e0                _read_r
 .text._write_r
                0x08004704       0x24 /opt/st/stm32cubeide_1.18.0/plugins/com.st.stm32cube.ide.mcu.externaltools.gnu-tools-for-stm32.13.3.rel1.linux64_1.0.0.202410170706/tools/bin/../lib/gcc/arm-none-eabi/13.3.1/../../../../arm-none-eabi/lib/thumb/v7e-m+fp/hard/libc_nano.a(libc_a-writer.o)
                0x08004704                _write_r
 .text.__errno  0x08004728        0xc /opt/st/stm32cubeide_1.18.0/plugins/com.st.stm32cube.ide.mcu.externaltools.gnu-tools-for-stm32.13.3.rel1.linux64_1.0.0.202410170706/tools/bin/../lib/gcc/arm-none-eabi/13.3.1/../../../../arm-none-eabi/lib/thumb/v7e-m+fp/hard/libc_nano.a(libc_a-errno.o)
                0x08004728                __errno
 .text.__libc_init_array
                0x08004734       0x48 /opt/st/stm32cubeide_1.18.0/plugins/com.st.stm32cube.ide.mcu.externaltools.gnu-tools-for-stm32.13.3.rel1.linux64_1.0.0.202410170706/tools/bin/../lib/gcc/arm-none-eabi/13.3.1/../../../../arm-none-eabi/lib/thumb/v7e-m+fp/hard/libc_nano.a(libc_a-init.o)
                0x08004734                __libc_init_array
 .text.__retarget_lock_init_recursive
                0x0800477c        0x2 /opt/st/stm32cubeide_1.18.0/plugins/com.st.stm32cube.ide.mcu.externaltools.gnu-tools-for-stm32.13.3.rel1.linux64_1.0.0.202410170706/tools/bin/../lib/gcc/arm-none-eabi/13.3.1/../../../../arm-none-eabi/lib/thumb/v7e-m+fp/hard/libc_nano.a(libc_a-lock.o)
                0x0800477c                __retarget_lock_init_recursive
 .text.__retarget_lock_acquire_recursive
                0x0800477e        0x2 /opt/st/stm32cubeide_1.18.0/plugins/com.st.stm32cube.ide.mcu.externaltools.gnu-tools-for-stm32.13.3.rel1.linux64_1.0.0.202410170706/tools/bin/../lib/gcc/arm-none-eabi/13.3.1/../../../../arm-none-eabi/lib/thumb/v7e-m+fp/hard/libc_nano.a(libc_a-lock.o)
                0x0800477e                __retarget_lock_acquire_recursive
 .text.__retarget_lock_release_recursive
                0x08004780        0x2 /opt/st/stm32cubeide_1.18.0/plugins/com.st.stm32cube.ide.mcu.externaltools.gnu-tools-for-stm32.13.3.rel1.linux64_1.0.0.202410170706/tools/bin/../lib/gcc/arm-none-eabi/13.3.1/../../../../arm-none-eabi/lib/thumb/v7e-m+fp/hard/libc_nano.a(libc_a-lock.o)
                0x08004780                __retarget_lock_release_recursive
 .text.memcpy   0x08004782       0x1c /opt/st/stm32cubeide_1.18.0/plugins/com.st.stm32cube.ide.mcu.externaltools.gnu-tools-for-stm32.13.3.rel1.linux64_1.0.0.202410170706/tools/bin/../lib/gcc/arm-none-eabi/13.3.1/../../../../arm-none-eabi/lib/thumb/v7e-m+fp/hard/libc_nano.a(libc_a-memcpy-stub.o)
                0x08004782                memcpy
 *fill*         0x0800479e        0x2 
 .text._free_r  0x080047a0       0x94 /opt/st/stm32cubeide_1.18.0/plugins/com.st.stm32cube.ide.mcu.externaltools.gnu-tools-for-stm32.13.3.rel1.linux64_1.0.0.202410170706/tools/bin/../lib/gcc/arm-none-eabi/13.3.1/../../../../arm-none-eabi/lib/thumb/v7e-m+fp/hard/libc_nano.a(libc_a-freer.o)
                0x080047a0                _free_r
 .text.sbrk_aligned
                0x08004834       0x44 /opt/st/stm32cubeide_1.18.0/plugins/com.st.stm32cube.ide.mcu.externaltools.gnu-tools-for-stm32.13.3.rel1.linux64_1.0.0.202410170706/tools/bin/../lib/gcc/arm-none-eabi/13.3.1/../../../../arm-none-eabi/lib/thumb/v7e-m+fp/hard/libc_nano.a(libc_a-mallocr.o)
 .text._malloc_r
                0x08004878      0x100 /opt/st/stm32cubeide_1.18.0/plugins/com.st.stm32cube.ide.mcu.externaltools.gnu-tools-for-stm32.13.3.rel1.linux64_1.0.0.202410170706/tools/bin/../lib/gcc/arm-none-eabi/13.3.1/../../../../arm-none-eabi/lib/thumb/v7e-m+fp/hard/libc_nano.a(libc_a-mallocr.o)
                0x08004878                _malloc_r
 .text.__malloc_lock
                0x08004978        0xc /opt/st/stm32cubeide_1.18.0/plugins/com.st.stm32cube.ide.mcu.externaltools.gnu-tools-for-stm32.13.3.rel1.linux64_1.0.0.202410170706/tools/bin/../lib/gcc/arm-none-eabi/13.3.1/../../../../arm-none-eabi/lib/thumb/v7e-m+fp/hard/libc_nano.a(libc_a-mlock.o)
                0x08004978                __malloc_lock
 .text.__malloc_unlock
                0x08004984        0xc /opt/st/stm32cubeide_1.18.0/plugins/com.st.stm32cube.ide.mcu.externaltools.gnu-tools-for-stm32.13.3.rel1.linux64_1.0.0.202410170706/tools/bin/../lib/gcc/arm-none-eabi/13.3.1/../../../../arm-none-eabi/lib/thumb/v7e-m+fp/hard/libc_nano.a(libc_a-mlock.o)
                0x08004984                __malloc_unlock
 .text.__sflush_r
                0x08004990      0x108 /opt/st/stm32cubeide_1.18.0/plugins/com.st.stm32cube.ide.mcu.externaltools.gnu-tools-for-stm32.13.3.rel1.linux64_1.0.0.202410170706/tools/bin/../lib/gcc/arm-none-eabi/13.3.1/../../../../arm-none-eabi/lib/thumb/v7e-m+fp/hard/libc_nano.a(libc_a-fflush.o)
                0x08004990                __sflush_r
 .text._fflush_r
                0x08004a98       0x50 /opt/st/stm32cubeide_1.18.0/plugins/com.st.stm32cube.ide.mcu.externaltools.gnu-tools-for-stm32.13.3.rel1.linux64_1.0.0.202410170706/tools/bin/../lib/gcc/arm-none-eabi/13.3.1/../../../../arm-none-eabi/lib/thumb/v7e-m+fp/hard/libc_nano.a(libc_a-fflush.o)
                0x08004a98                _fflush_r
 .text.__swhatbuf_r
                0x08004ae8       0x4c /opt/st/stm32cubeide_1.18.0/plugins/com.st.stm32cube.ide.mcu.externaltools.gnu-tools-for-stm32.13.3.rel1.linux64_1.0.0.202410170706/tools/bin/../lib/gcc/arm-none-eabi/13.3.1/../../../../arm-none-eabi/lib/thumb/v7e-m+fp/hard/libc_nano.a(libc_a-makebuf.o)
                0x08004ae8                __swhatbuf_r
 .text.__smakebuf_r
                0x08004b34       0x78 /opt/st/stm32cubeide_1.18.0/plugins/com.st.stm32cube.ide.mcu.externaltools.gnu-tools-for-stm32.13.3.rel1.linux64_1.0.0.202410170706/tools/bin/../lib/gcc/arm-none-eabi/13.3.1/../../../../arm-none-eabi/lib/thumb/v7e-m+fp/hard/libc_nano.a(libc_a-makebuf.o)
                0x08004b34                __smakebuf_r
 .text._fstat_r
                0x08004bac       0x24 /opt/st/stm32cubeide_1.18.0/plugins/com.st.stm32cube.ide.mcu.externaltools.gnu-tools-for-stm32.13.3.rel1.linux64_1.0.0.202410170706/tools/bin/../lib/gcc/arm-none-eabi/13.3.1/../../../../arm-none-eabi/lib/thumb/v7e-m+fp/hard/libc_nano.a(libc_a-fstatr.o)
                0x08004bac                _fstat_r
 .text._isatty_r
                0x08004bd0       0x20 /opt/st/stm32cubeide_1.18.0/plugins/com.st.stm32cube.ide.mcu.externaltools.gnu-tools-for-stm32.13.3.rel1.linux64_1.0.0.202410170706/tools/bin/../lib/gcc/arm-none-eabi/13.3.1/../../../../arm-none-eabi/lib/thumb/v7e-m+fp/hard/libc_nano.a(libc_a-isattyr.o)
                0x08004bd0                _isatty_r
 .text._sbrk_r  0x08004bf0       0x20 /opt/st/stm32cubeide_1.18.0/plugins/com.st.stm32cube.ide.mcu.externaltools.gnu-tools-for-stm32.13.3.rel1.linux64_1.0.0.202410170706/tools/bin/../lib/gcc/arm-none-eabi/13.3.1/../../../../arm-none-eabi/lib/thumb/v7e-m+fp/hard/libc_nano.a(libc_a-sbrkr.o)
                0x08004bf0                _sbrk_r
 *(.glue_7)
 .glue_7        0x08004c10        0x0 linker stubs
 *(.glue_7t)
 .glue_7t       0x08004c10        0x0 linker stubs
 *(.eh_frame)
 .eh_frame      0x08004c10        0x0 /opt/st/stm32cubeide_1.18.0/plugins/com.st.stm32cube.ide.mcu.externaltools.gnu-tools-for-stm32.13.3.rel1.linux64_1.0.0.202410170706/tools/bin/../lib/gcc/arm-none-eabi/13.3.1/thumb/v7e-m+fp/hard/crtbegin.o
 *(.init)
 .init          0x08004c10        0x4 /opt/st/stm32cubeide_1.18.0/plugins/com.st.stm32cube.ide.mcu.externaltools.gnu-tools-for-stm32.13.3.rel1.linux64_1.0.0.202410170706/tools/bin/../lib/gcc/arm-none-eabi/13.3.1/thumb/v7e-m+fp/hard/crti.o
                0x08004c10                _init
 .init          0x08004c14        0x8 /opt/st/stm32cubeide_1.18.0/plugins/com.st.stm32cube.ide.mcu.externaltools.gnu-tools-for-stm32.13.3.rel1.linux64_1.0.0.202410170706/tools/bin/../lib/gcc/arm-none-eabi/13.3.1/thumb/v7e-m+fp/hard/crtn.o
 *(.fini)
 .fini          0x08004c1c        0x4 /opt/st/stm32cubeide_1.18.0/plugins/com.st.stm32cube.ide.mcu.externaltools.gnu-tools-for-stm32.13.3.rel1.linux64_1.0.0.202410170706/tools/bin/../lib/gcc/arm-none-eabi/13.3.1/thumb/v7e-m+fp/hard/crti.o
                0x08004c1c                _fini
 .fini          0x08004c20        0x8 /opt/st/stm32cubeide_1.18.0/plugins/com.st.stm32cube.ide.mcu.externaltools.gnu-tools-for-stm32.13.3.rel1.linux64_1.0.0.202410170706/tools/bin/../lib/gcc/arm-none-eabi/13.3.1/thumb/v7e-m+fp/hard/crtn.o
                0x08004c28                        . = ALIGN (0x4)
                0x08004c28                        _etext = .

.vfp11_veneer   0x08004c28        0x0
 .vfp11_veneer  0x08004c28        0x0 linker stubs

.v4_bx          0x08004c28        0x0
 .v4_bx         0x08004c28        0x0 linker stubs

.iplt           0x08004c28        0x0
 .iplt          0x08004c28        0x0 /opt/st/stm32cubeide_1.18.0/plugins/com.st.stm32cube.ide.mcu.externaltools.gnu-tools-for-stm32.13.3.rel1.linux64_1.0.0.202410170706/tools/bin/../lib/gcc/arm-none-eabi/13.3.1/thumb/v7e-m+fp/hard/crtbegin.o

.rodata         0x08004c28       0x80
                0x08004c28                        . = ALIGN (0x4)
 *(.rodata)
 .rodata        0x08004c28       0x4b ./Core/Src/main.o
 *fill*         0x08004c73        0x1 
 .rodata        0x08004c74        0x5 ./ThirdParty/FreeRTOS/tasks.o
 *fill*         0x08004c79        0x3 
 .rodata        0x08004c7c        0xd ./ThirdParty/FreeRTOS/timers.o
 *(.rodata*)
 *fill*         0x08004c89        0x3 
 .rodata.AHBPrescTable
                0x08004c8c       0x10 ./Core/Src/system_stm32f7xx.o
                0x08004c8c                AHBPrescTable
 .rodata.APBPrescTable
                0x08004c9c        0x8 ./Core/Src/system_stm32f7xx.o
                0x08004c9c                APBPrescTable
 .rodata.uxTopUsedPriority
                0x08004ca4        0x4 ./ThirdParty/FreeRTOS/tasks.o
                0x08004ca8                        . = ALIGN (0x4)

.ARM.extab      0x08004ca8        0x0
                0x08004ca8                        . = ALIGN (0x4)
 *(.ARM.extab* .gnu.linkonce.armextab.*)
                0x08004ca8                        . = ALIGN (0x4)

.ARM            0x08004ca8        0x8
                0x08004ca8                        . = ALIGN (0x4)
                0x08004ca8                        __exidx_start = .
 *(.ARM.exidx*)
 .ARM.exidx     0x08004ca8        0x8 /opt/st/stm32cubeide_1.18.0/plugins/com.st.stm32cube.ide.mcu.externaltools.gnu-tools-for-stm32.13.3.rel1.linux64_1.0.0.202410170706/tools/bin/../lib/gcc/arm-none-eabi/13.3.1/thumb/v7e-m+fp/hard/libgcc.a(_udivmoddi4.o)
                0x08004cb0                        __exidx_end = .
                0x08004cb0                        . = ALIGN (0x4)

.preinit_array  0x08004cb0        0x0
                0x08004cb0                        . = ALIGN (0x4)
                0x08004cb0                        PROVIDE (__preinit_array_start = .)
 *(.preinit_array*)
                0x08004cb0                        PROVIDE (__preinit_array_end = .)
                0x08004cb0                        . = ALIGN (0x4)

.init_array     0x08004cb0        0x4
                0x08004cb0                        . = ALIGN (0x4)
                0x08004cb0                        PROVIDE (__init_array_start = .)
 *(SORT_BY_NAME(.init_array.*))
 *(.init_array*)
 .init_array    0x08004cb0        0x4 /opt/st/stm32cubeide_1.18.0/plugins/com.st.stm32cube.ide.mcu.externaltools.gnu-tools-for-stm32.13.3.rel1.linux64_1.0.0.202410170706/tools/bin/../lib/gcc/arm-none-eabi/13.3.1/thumb/v7e-m+fp/hard/crtbegin.o
                0x08004cb4                        PROVIDE (__init_array_end = .)
                0x08004cb4                        . = ALIGN (0x4)

.fini_array     0x08004cb4        0x4
                0x08004cb4                        . = ALIGN (0x4)
                [!provide]                        PROVIDE (__fini_array_start = .)
 *(SORT_BY_NAME(.fini_array.*))
 *(.fini_array*)
 .fini_array    0x08004cb4        0x4 /opt/st/stm32cubeide_1.18.0/plugins/com.st.stm32cube.ide.mcu.externaltools.gnu-tools-for-stm32.13.3.rel1.linux64_1.0.0.202410170706/tools/bin/../lib/gcc/arm-none-eabi/13.3.1/thumb/v7e-m+fp/hard/crtbegin.o
                [!provide]                        PROVIDE (__fini_array_end = .)
                0x08004cb8                        . = ALIGN (0x4)
                0x08004cb8                        _sidata = LOADADDR (.data)

.rel.dyn        0x08004cb8        0x0
 .rel.iplt      0x08004cb8        0x0 /opt/st/stm32cubeide_1.18.0/plugins/com.st.stm32cube.ide.mcu.externaltools.gnu-tools-for-stm32.13.3.rel1.linux64_1.0.0.202410170706/tools/bin/../lib/gcc/arm-none-eabi/13.3.1/thumb/v7e-m+fp/hard/crtbegin.o

.data           0x20000000       0x6c load address 0x08004cb8
                0x20000000                        . = ALIGN (0x4)
                0x20000000                        _sdata = .
 *(.data)
 *(.data*)
 .data.SystemCoreClock
                0x20000000        0x4 ./Core/Src/system_stm32f7xx.o
                0x20000000                SystemCoreClock
 .data.uwTickPrio
                0x20000004        0x4 ./Drivers/STM32F7xx_HAL_Driver/Src/stm32f7xx_hal.o
                0x20000004                uwTickPrio
 .data.uwTickFreq
                0x20000008        0x1 ./Drivers/STM32F7xx_HAL_Driver/Src/stm32f7xx_hal.o
                0x20000008                uwTickFreq
 *fill*         0x20000009        0x3 
 .data.uxCriticalNesting
                0x2000000c        0x4 ./ThirdParty/FreeRTOS/portable/GCC/ARM_CM7/port.o
 .data.__sglue  0x20000010        0xc /opt/st/stm32cubeide_1.18.0/plugins/com.st.stm32cube.ide.mcu.externaltools.gnu-tools-for-stm32.13.3.rel1.linux64_1.0.0.202410170706/tools/bin/../lib/gcc/arm-none-eabi/13.3.1/../../../../arm-none-eabi/lib/thumb/v7e-m+fp/hard/libc_nano.a(libc_a-findfp.o)
                0x20000010                __sglue
 .data._impure_ptr
                0x2000001c        0x4 /opt/st/stm32cubeide_1.18.0/plugins/com.st.stm32cube.ide.mcu.externaltools.gnu-tools-for-stm32.13.3.rel1.linux64_1.0.0.202410170706/tools/bin/../lib/gcc/arm-none-eabi/13.3.1/../../../../arm-none-eabi/lib/thumb/v7e-m+fp/hard/libc_nano.a(libc_a-impure.o)
                0x2000001c                _impure_ptr
 .data._impure_data
                0x20000020       0x4c /opt/st/stm32cubeide_1.18.0/plugins/com.st.stm32cube.ide.mcu.externaltools.gnu-tools-for-stm32.13.3.rel1.linux64_1.0.0.202410170706/tools/bin/../lib/gcc/arm-none-eabi/13.3.1/../../../../arm-none-eabi/lib/thumb/v7e-m+fp/hard/libc_nano.a(libc_a-impure.o)
                0x20000020                _impure_data
 *(.RamFunc)
 *(.RamFunc*)
                0x2000006c                        . = ALIGN (0x4)
                0x2000006c                        _edata = .

.igot.plt       0x2000006c        0x0 load address 0x08004d24
 .igot.plt      0x2000006c        0x0 /opt/st/stm32cubeide_1.18.0/plugins/com.st.stm32cube.ide.mcu.externaltools.gnu-tools-for-stm32.13.3.rel1.linux64_1.0.0.202410170706/tools/bin/../lib/gcc/arm-none-eabi/13.3.1/thumb/v7e-m+fp/hard/crtbegin.o
                0x2000006c                        . = ALIGN (0x4)

.bss            0x2000006c     0xf760 load address 0x08004d24
                0x2000006c                        _sbss = .
                0x2000006c                        __bss_start__ = _sbss
 *(.bss)
 .bss           0x2000006c       0x1c /opt/st/stm32cubeide_1.18.0/plugins/com.st.stm32cube.ide.mcu.externaltools.gnu-tools-for-stm32.13.3.rel1.linux64_1.0.0.202410170706/tools/bin/../lib/gcc/arm-none-eabi/13.3.1/thumb/v7e-m+fp/hard/crtbegin.o
 *(.bss*)
 .bss.htim1     0x20000088       0x4c ./Core/Src/stm32f7xx_hal_timebase_tim.o
                0x20000088                htim1
 .bss.__sbrk_heap_end
                0x200000d4        0x4 ./Core/Src/sysmem.o
 .bss.uwTick    0x200000d8        0x4 ./Drivers/STM32F7xx_HAL_Driver/Src/stm32f7xx_hal.o
                0x200000d8                uwTick
 .bss.xQueueRegistry
                0x200000dc       0x40 ./ThirdParty/FreeRTOS/queue.o
                0x200000dc                xQueueRegistry
 .bss.pxCurrentTCB
                0x2000011c        0x4 ./ThirdParty/FreeRTOS/tasks.o
                0x2000011c                pxCurrentTCB
 .bss.pxReadyTasksLists
                0x20000120       0x64 ./ThirdParty/FreeRTOS/tasks.o
 .bss.xDelayedTaskList1
                0x20000184       0x14 ./ThirdParty/FreeRTOS/tasks.o
 .bss.xDelayedTaskList2
                0x20000198       0x14 ./ThirdParty/FreeRTOS/tasks.o
 .bss.pxDelayedTaskList
                0x200001ac        0x4 ./ThirdParty/FreeRTOS/tasks.o
 .bss.pxOverflowDelayedTaskList
                0x200001b0        0x4 ./ThirdParty/FreeRTOS/tasks.o
 .bss.xPendingReadyList
                0x200001b4       0x14 ./ThirdParty/FreeRTOS/tasks.o
 .bss.xTasksWaitingTermination
                0x200001c8       0x14 ./ThirdParty/FreeRTOS/tasks.o
 .bss.uxDeletedTasksWaitingCleanUp
                0x200001dc        0x4 ./ThirdParty/FreeRTOS/tasks.o
 .bss.xSuspendedTaskList
                0x200001e0       0x14 ./ThirdParty/FreeRTOS/tasks.o
 .bss.uxCurrentNumberOfTasks
                0x200001f4        0x4 ./ThirdParty/FreeRTOS/tasks.o
 .bss.xTickCount
                0x200001f8        0x4 ./ThirdParty/FreeRTOS/tasks.o
 .bss.uxTopReadyPriority
                0x200001fc        0x4 ./ThirdParty/FreeRTOS/tasks.o
 .bss.xSchedulerRunning
                0x20000200        0x4 ./ThirdParty/FreeRTOS/tasks.o
 .bss.xPendedTicks
                0x20000204        0x4 ./ThirdParty/FreeRTOS/tasks.o
 .bss.xYieldPendings
                0x20000208        0x4 ./ThirdParty/FreeRTOS/tasks.o
 .bss.xNumOfOverflows
                0x2000020c        0x4 ./ThirdParty/FreeRTOS/tasks.o
 .bss.uxTaskNumber
                0x20000210        0x4 ./ThirdParty/FreeRTOS/tasks.o
 .bss.xNextTaskUnblockTime
                0x20000214        0x4 ./ThirdParty/FreeRTOS/tasks.o
 .bss.xIdleTaskHandles
                0x20000218        0x4 ./ThirdParty/FreeRTOS/tasks.o
 .bss.uxSchedulerSuspended
                0x2000021c        0x4 ./ThirdParty/FreeRTOS/tasks.o
 .bss.xActiveTimerList1
                0x20000220       0x14 ./ThirdParty/FreeRTOS/timers.o
 .bss.xActiveTimerList2
                0x20000234       0x14 ./ThirdParty/FreeRTOS/timers.o
 .bss.pxCurrentTimerList
                0x20000248        0x4 ./ThirdParty/FreeRTOS/timers.o
 .bss.pxOverflowTimerList
                0x2000024c        0x4 ./ThirdParty/FreeRTOS/timers.o
 .bss.xTimerQueue
                0x20000250        0x4 ./ThirdParty/FreeRTOS/timers.o
 .bss.xTimerTaskHandle
                0x20000254        0x4 ./ThirdParty/FreeRTOS/timers.o
 .bss.xLastTime.0
                0x20000258        0x4 ./ThirdParty/FreeRTOS/timers.o
 .bss.ucMaxSysCallPriority
                0x2000025c        0x1 ./ThirdParty/FreeRTOS/portable/GCC/ARM_CM7/port.o
 *fill*         0x2000025d        0x3 
 .bss.ulMaxPRIGROUPValue
                0x20000260        0x4 ./ThirdParty/FreeRTOS/portable/GCC/ARM_CM7/port.o
 .bss.ucHeap    0x20000264     0xf400 ./ThirdParty/FreeRTOS/portable/MemMang/heap_4.o
 .bss.xStart    0x2000f664        0x8 ./ThirdParty/FreeRTOS/portable/MemMang/heap_4.o
 .bss.pxEnd     0x2000f66c        0x4 ./ThirdParty/FreeRTOS/portable/MemMang/heap_4.o
 .bss.xFreeBytesRemaining
                0x2000f670        0x4 ./ThirdParty/FreeRTOS/portable/MemMang/heap_4.o
 .bss.xMinimumEverFreeBytesRemaining
                0x2000f674        0x4 ./ThirdParty/FreeRTOS/portable/MemMang/heap_4.o
 .bss.xNumberOfSuccessfulAllocations
                0x2000f678        0x4 ./ThirdParty/FreeRTOS/portable/MemMang/heap_4.o
 .bss.xNumberOfSuccessfulFrees
                0x2000f67c        0x4 ./ThirdParty/FreeRTOS/portable/MemMang/heap_4.o
 .bss.__sf      0x2000f680      0x138 /opt/st/stm32cubeide_1.18.0/plugins/com.st.stm32cube.ide.mcu.externaltools.gnu-tools-for-stm32.13.3.rel1.linux64_1.0.0.202410170706/tools/bin/../lib/gcc/arm-none-eabi/13.3.1/../../../../arm-none-eabi/lib/thumb/v7e-m+fp/hard/libc_nano.a(libc_a-findfp.o)
                0x2000f680                __sf
 .bss.__stdio_exit_handler
                0x2000f7b8        0x4 /opt/st/stm32cubeide_1.18.0/plugins/com.st.stm32cube.ide.mcu.externaltools.gnu-tools-for-stm32.13.3.rel1.linux64_1.0.0.202410170706/tools/bin/../lib/gcc/arm-none-eabi/13.3.1/../../../../arm-none-eabi/lib/thumb/v7e-m+fp/hard/libc_nano.a(libc_a-findfp.o)
                0x2000f7b8                __stdio_exit_handler
 .bss.errno     0x2000f7bc        0x4 /opt/st/stm32cubeide_1.18.0/plugins/com.st.stm32cube.ide.mcu.externaltools.gnu-tools-for-stm32.13.3.rel1.linux64_1.0.0.202410170706/tools/bin/../lib/gcc/arm-none-eabi/13.3.1/../../../../arm-none-eabi/lib/thumb/v7e-m+fp/hard/libc_nano.a(libc_a-reent.o)
                0x2000f7bc                errno
 .bss.__lock___malloc_recursive_mutex
                0x2000f7c0        0x1 /opt/st/stm32cubeide_1.18.0/plugins/com.st.stm32cube.ide.mcu.externaltools.gnu-tools-for-stm32.13.3.rel1.linux64_1.0.0.202410170706/tools/bin/../lib/gcc/arm-none-eabi/13.3.1/../../../../arm-none-eabi/lib/thumb/v7e-m+fp/hard/libc_nano.a(libc_a-lock.o)
                0x2000f7c0                __lock___malloc_recursive_mutex
 .bss.__lock___sfp_recursive_mutex
                0x2000f7c1        0x1 /opt/st/stm32cubeide_1.18.0/plugins/com.st.stm32cube.ide.mcu.externaltools.gnu-tools-for-stm32.13.3.rel1.linux64_1.0.0.202410170706/tools/bin/../lib/gcc/arm-none-eabi/13.3.1/../../../../arm-none-eabi/lib/thumb/v7e-m+fp/hard/libc_nano.a(libc_a-lock.o)
                0x2000f7c1                __lock___sfp_recursive_mutex
 *fill*         0x2000f7c2        0x2 
 .bss.__malloc_sbrk_start
                0x2000f7c4        0x4 /opt/st/stm32cubeide_1.18.0/plugins/com.st.stm32cube.ide.mcu.externaltools.gnu-tools-for-stm32.13.3.rel1.linux64_1.0.0.202410170706/tools/bin/../lib/gcc/arm-none-eabi/13.3.1/../../../../arm-none-eabi/lib/thumb/v7e-m+fp/hard/libc_nano.a(libc_a-mallocr.o)
                0x2000f7c4                __malloc_sbrk_start
 .bss.__malloc_free_list
                0x2000f7c8        0x4 /opt/st/stm32cubeide_1.18.0/plugins/com.st.stm32cube.ide.mcu.externaltools.gnu-tools-for-stm32.13.3.rel1.linux64_1.0.0.202410170706/tools/bin/../lib/gcc/arm-none-eabi/13.3.1/../../../../arm-none-eabi/lib/thumb/v7e-m+fp/hard/libc_nano.a(libc_a-mallocr.o)
                0x2000f7c8                __malloc_free_list
 *(COMMON)
                0x2000f7cc                        . = ALIGN (0x4)
                0x2000f7cc                        _ebss = .
                0x2000f7cc                        __bss_end__ = _ebss

._user_heap_stack
                0x2000f7cc      0x604 load address 0x08004d24
                0x2000f7d0                        . = ALIGN (0x8)
 *fill*         0x2000f7cc        0x4 
                [!provide]                        PROVIDE (end = .)
                0x2000f7d0                        PROVIDE (_end = .)
                0x2000f9d0                        . = (. + _Min_Heap_Size)
 *fill*         0x2000f7d0      0x200 
                0x2000fdd0                        . = (. + _Min_Stack_Size)
 *fill*         0x2000f9d0      0x400 
                0x2000fdd0                        . = ALIGN (0x8)

/DISCARD/
 libc.a(*)
 libm.a(*)
 libgcc.a(*)

.ARM.attributes
                0x00000000       0x30
 *(.ARM.attributes)
 .ARM.attributes
                0x00000000       0x22 /opt/st/stm32cubeide_1.18.0/plugins/com.st.stm32cube.ide.mcu.externaltools.gnu-tools-for-stm32.13.3.rel1.linux64_1.0.0.202410170706/tools/bin/../lib/gcc/arm-none-eabi/13.3.1/thumb/v7e-m+fp/hard/crti.o
 .ARM.attributes
                0x00000022       0x34 /opt/st/stm32cubeide_1.18.0/plugins/com.st.stm32cube.ide.mcu.externaltools.gnu-tools-for-stm32.13.3.rel1.linux64_1.0.0.202410170706/tools/bin/../lib/gcc/arm-none-eabi/13.3.1/thumb/v7e-m+fp/hard/crtbegin.o
 .ARM.attributes
                0x00000056       0x34 ./Core/Src/main.o
 .ARM.attributes
                0x0000008a       0x34 ./Core/Src/stm32f7xx_hal_msp.o
 .ARM.attributes
                0x000000be       0x34 ./Core/Src/stm32f7xx_hal_timebase_tim.o
 .ARM.attributes
                0x000000f2       0x34 ./Core/Src/stm32f7xx_it.o
 .ARM.attributes
                0x00000126       0x34 ./Core/Src/syscalls.o
 .ARM.attributes
                0x0000015a       0x34 ./Core/Src/sysmem.o
 .ARM.attributes
                0x0000018e       0x34 ./Core/Src/system_stm32f7xx.o
 .ARM.attributes
                0x000001c2       0x21 ./Core/Startup/startup_stm32f723iekx.o
 .ARM.attributes
                0x000001e3       0x34 ./Drivers/STM32F7xx_HAL_Driver/Src/stm32f7xx_hal.o
 .ARM.attributes
                0x00000217       0x34 ./Drivers/STM32F7xx_HAL_Driver/Src/stm32f7xx_hal_cortex.o
 .ARM.attributes
                0x0000024b       0x34 ./Drivers/STM32F7xx_HAL_Driver/Src/stm32f7xx_hal_pwr.o
 .ARM.attributes
                0x0000027f       0x34 ./Drivers/STM32F7xx_HAL_Driver/Src/stm32f7xx_hal_pwr_ex.o
 .ARM.attributes
                0x000002b3       0x34 ./Drivers/STM32F7xx_HAL_Driver/Src/stm32f7xx_hal_rcc.o
 .ARM.attributes
                0x000002e7       0x34 ./Drivers/STM32F7xx_HAL_Driver/Src/stm32f7xx_hal_tim.o
 .ARM.attributes
                0x0000031b       0x34 ./Drivers/STM32F7xx_HAL_Driver/Src/stm32f7xx_hal_tim_ex.o
 .ARM.attributes
                0x0000034f       0x34 ./ThirdParty/FreeRTOS/list.o
 .ARM.attributes
                0x00000383       0x34 ./ThirdParty/FreeRTOS/queue.o
 .ARM.attributes
                0x000003b7       0x34 ./ThirdParty/FreeRTOS/tasks.o
 .ARM.attributes
                0x000003eb       0x34 ./ThirdParty/FreeRTOS/timers.o
 .ARM.attributes
                0x0000041f       0x34 ./ThirdParty/FreeRTOS/portable/GCC/ARM_CM7/port.o
 .ARM.attributes
                0x00000453       0x34 ./ThirdParty/FreeRTOS/portable/MemMang/heap_4.o
 .ARM.attributes
                0x00000487       0x34 /opt/st/stm32cubeide_1.18.0/plugins/com.st.stm32cube.ide.mcu.externaltools.gnu-tools-for-stm32.13.3.rel1.linux64_1.0.0.202410170706/tools/bin/../lib/gcc/arm-none-eabi/13.3.1/../../../../arm-none-eabi/lib/thumb/v7e-m+fp/hard/libc_nano.a(libc_a-findfp.o)
 .ARM.attributes
                0x000004bb       0x34 /opt/st/stm32cubeide_1.18.0/plugins/com.st.stm32cube.ide.mcu.externaltools.gnu-tools-for-stm32.13.3.rel1.linux64_1.0.0.202410170706/tools/bin/../lib/gcc/arm-none-eabi/13.3.1/../../../../arm-none-eabi/lib/thumb/v7e-m+fp/hard/libc_nano.a(libc_a-fwalk.o)
 .ARM.attributes
                0x000004ef       0x34 /opt/st/stm32cubeide_1.18.0/plugins/com.st.stm32cube.ide.mcu.externaltools.gnu-tools-for-stm32.13.3.rel1.linux64_1.0.0.202410170706/tools/bin/../lib/gcc/arm-none-eabi/13.3.1/../../../../arm-none-eabi/lib/thumb/v7e-m+fp/hard/libc_nano.a(libc_a-puts.o)
 .ARM.attributes
                0x00000523       0x34 /opt/st/stm32cubeide_1.18.0/plugins/com.st.stm32cube.ide.mcu.externaltools.gnu-tools-for-stm32.13.3.rel1.linux64_1.0.0.202410170706/tools/bin/../lib/gcc/arm-none-eabi/13.3.1/../../../../arm-none-eabi/lib/thumb/v7e-m+fp/hard/libc_nano.a(libc_a-stdio.o)
 .ARM.attributes
                0x00000557       0x34 /opt/st/stm32cubeide_1.18.0/plugins/com.st.stm32cube.ide.mcu.externaltools.gnu-tools-for-stm32.13.3.rel1.linux64_1.0.0.202410170706/tools/bin/../lib/gcc/arm-none-eabi/13.3.1/../../../../arm-none-eabi/lib/thumb/v7e-m+fp/hard/libc_nano.a(libc_a-wbuf.o)
 .ARM.attributes
                0x0000058b       0x34 /opt/st/stm32cubeide_1.18.0/plugins/com.st.stm32cube.ide.mcu.externaltools.gnu-tools-for-stm32.13.3.rel1.linux64_1.0.0.202410170706/tools/bin/../lib/gcc/arm-none-eabi/13.3.1/../../../../arm-none-eabi/lib/thumb/v7e-m+fp/hard/libc_nano.a(libc_a-wsetup.o)
 .ARM.attributes
                0x000005bf       0x34 /opt/st/stm32cubeide_1.18.0/plugins/com.st.stm32cube.ide.mcu.externaltools.gnu-tools-for-stm32.13.3.rel1.linux64_1.0.0.202410170706/tools/bin/../lib/gcc/arm-none-eabi/13.3.1/../../../../arm-none-eabi/lib/thumb/v7e-m+fp/hard/libc_nano.a(libc_a-memset.o)
 .ARM.attributes
                0x000005f3       0x34 /opt/st/stm32cubeide_1.18.0/plugins/com.st.stm32cube.ide.mcu.externaltools.gnu-tools-for-stm32.13.3.rel1.linux64_1.0.0.202410170706/tools/bin/../lib/gcc/arm-none-eabi/13.3.1/../../../../arm-none-eabi/lib/thumb/v7e-m+fp/hard/libc_nano.a(libc_a-closer.o)
 .ARM.attributes
                0x00000627       0x34 /opt/st/stm32cubeide_1.18.0/plugins/com.st.stm32cube.ide.mcu.externaltools.gnu-tools-for-stm32.13.3.rel1.linux64_1.0.0.202410170706/tools/bin/../lib/gcc/arm-none-eabi/13.3.1/../../../../arm-none-eabi/lib/thumb/v7e-m+fp/hard/libc_nano.a(libc_a-reent.o)
 .ARM.attributes
                0x0000065b       0x34 /opt/st/stm32cubeide_1.18.0/plugins/com.st.stm32cube.ide.mcu.externaltools.gnu-tools-for-stm32.13.3.rel1.linux64_1.0.0.202410170706/tools/bin/../lib/gcc/arm-none-eabi/13.3.1/../../../../arm-none-eabi/lib/thumb/v7e-m+fp/hard/libc_nano.a(libc_a-impure.o)
 .ARM.attributes
                0x0000068f       0x34 /opt/st/stm32cubeide_1.18.0/plugins/com.st.stm32cube.ide.mcu.externaltools.gnu-tools-for-stm32.13.3.rel1.linux64_1.0.0.202410170706/tools/bin/../lib/gcc/arm-none-eabi/13.3.1/../../../../arm-none-eabi/lib/thumb/v7e-m+fp/hard/libc_nano.a(libc_a-lseekr.o)
 .ARM.attributes
                0x000006c3       0x34 /opt/st/stm32cubeide_1.18.0/plugins/com.st.stm32cube.ide.mcu.externaltools.gnu-tools-for-stm32.13.3.rel1.linux64_1.0.0.202410170706/tools/bin/../lib/gcc/arm-none-eabi/13.3.1/../../../../arm-none-eabi/lib/thumb/v7e-m+fp/hard/libc_nano.a(libc_a-readr.o)
 .ARM.attributes
                0x000006f7       0x34 /opt/st/stm32cubeide_1.18.0/plugins/com.st.stm32cube.ide.mcu.externaltools.gnu-tools-for-stm32.13.3.rel1.linux64_1.0.0.202410170706/tools/bin/../lib/gcc/arm-none-eabi/13.3.1/../../../../arm-none-eabi/lib/thumb/v7e-m+fp/hard/libc_nano.a(libc_a-writer.o)
 .ARM.attributes
                0x0000072b       0x34 /opt/st/stm32cubeide_1.18.0/plugins/com.st.stm32cube.ide.mcu.externaltools.gnu-tools-for-stm32.13.3.rel1.linux64_1.0.0.202410170706/tools/bin/../lib/gcc/arm-none-eabi/13.3.1/../../../../arm-none-eabi/lib/thumb/v7e-m+fp/hard/libc_nano.a(libc_a-errno.o)
 .ARM.attributes
                0x0000075f       0x34 /opt/st/stm32cubeide_1.18.0/plugins/com.st.stm32cube.ide.mcu.externaltools.gnu-tools-for-stm32.13.3.rel1.linux64_1.0.0.202410170706/tools/bin/../lib/gcc/arm-none-eabi/13.3.1/../../../../arm-none-eabi/lib/thumb/v7e-m+fp/hard/libc_nano.a(libc_a-init.o)
 .ARM.attributes
                0x00000793       0x34 /opt/st/stm32cubeide_1.18.0/plugins/com.st.stm32cube.ide.mcu.externaltools.gnu-tools-for-stm32.13.3.rel1.linux64_1.0.0.202410170706/tools/bin/../lib/gcc/arm-none-eabi/13.3.1/../../../../arm-none-eabi/lib/thumb/v7e-m+fp/hard/libc_nano.a(libc_a-lock.o)
 .ARM.attributes
                0x000007c7       0x34 /opt/st/stm32cubeide_1.18.0/plugins/com.st.stm32cube.ide.mcu.externaltools.gnu-tools-for-stm32.13.3.rel1.linux64_1.0.0.202410170706/tools/bin/../lib/gcc/arm-none-eabi/13.3.1/../../../../arm-none-eabi/lib/thumb/v7e-m+fp/hard/libc_nano.a(libc_a-memcpy-stub.o)
 .ARM.attributes
                0x000007fb       0x34 /opt/st/stm32cubeide_1.18.0/plugins/com.st.stm32cube.ide.mcu.externaltools.gnu-tools-for-stm32.13.3.rel1.linux64_1.0.0.202410170706/tools/bin/../lib/gcc/arm-none-eabi/13.3.1/../../../../arm-none-eabi/lib/thumb/v7e-m+fp/hard/libc_nano.a(libc_a-freer.o)
 .ARM.attributes
                0x0000082f       0x34 /opt/st/stm32cubeide_1.18.0/plugins/com.st.stm32cube.ide.mcu.externaltools.gnu-tools-for-stm32.13.3.rel1.linux64_1.0.0.202410170706/tools/bin/../lib/gcc/arm-none-eabi/13.3.1/../../../../arm-none-eabi/lib/thumb/v7e-m+fp/hard/libc_nano.a(libc_a-mallocr.o)
 .ARM.attributes
                0x00000863       0x34 /opt/st/stm32cubeide_1.18.0/plugins/com.st.stm32cube.ide.mcu.externaltools.gnu-tools-for-stm32.13.3.rel1.linux64_1.0.0.202410170706/tools/bin/../lib/gcc/arm-none-eabi/13.3.1/../../../../arm-none-eabi/lib/thumb/v7e-m+fp/hard/libc_nano.a(libc_a-mlock.o)
 .ARM.attributes
                0x00000897       0x34 /opt/st/stm32cubeide_1.18.0/plugins/com.st.stm32cube.ide.mcu.externaltools.gnu-tools-for-stm32.13.3.rel1.linux64_1.0.0.202410170706/tools/bin/../lib/gcc/arm-none-eabi/13.3.1/../../../../arm-none-eabi/lib/thumb/v7e-m+fp/hard/libc_nano.a(libc_a-fflush.o)
 .ARM.attributes
                0x000008cb       0x34 /opt/st/stm32cubeide_1.18.0/plugins/com.st.stm32cube.ide.mcu.externaltools.gnu-tools-for-stm32.13.3.rel1.linux64_1.0.0.202410170706/tools/bin/../lib/gcc/arm-none-eabi/13.3.1/../../../../arm-none-eabi/lib/thumb/v7e-m+fp/hard/libc_nano.a(libc_a-makebuf.o)
 .ARM.attributes
                0x000008ff       0x34 /opt/st/stm32cubeide_1.18.0/plugins/com.st.stm32cube.ide.mcu.externaltools.gnu-tools-for-stm32.13.3.rel1.linux64_1.0.0.202410170706/tools/bin/../lib/gcc/arm-none-eabi/13.3.1/../../../../arm-none-eabi/lib/thumb/v7e-m+fp/hard/libc_nano.a(libc_a-fstatr.o)
 .ARM.attributes
                0x00000933       0x34 /opt/st/stm32cubeide_1.18.0/plugins/com.st.stm32cube.ide.mcu.externaltools.gnu-tools-for-stm32.13.3.rel1.linux64_1.0.0.202410170706/tools/bin/../lib/gcc/arm-none-eabi/13.3.1/../../../../arm-none-eabi/lib/thumb/v7e-m+fp/hard/libc_nano.a(libc_a-isattyr.o)
 .ARM.attributes
                0x00000967       0x34 /opt/st/stm32cubeide_1.18.0/plugins/com.st.stm32cube.ide.mcu.externaltools.gnu-tools-for-stm32.13.3.rel1.linux64_1.0.0.202410170706/tools/bin/../lib/gcc/arm-none-eabi/13.3.1/../../../../arm-none-eabi/lib/thumb/v7e-m+fp/hard/libc_nano.a(libc_a-sbrkr.o)
 .ARM.attributes
                0x0000099b       0x22 /opt/st/stm32cubeide_1.18.0/plugins/com.st.stm32cube.ide.mcu.externaltools.gnu-tools-for-stm32.13.3.rel1.linux64_1.0.0.202410170706/tools/bin/../lib/gcc/arm-none-eabi/13.3.1/thumb/v7e-m+fp/hard/libgcc.a(_aeabi_uldivmod.o)
 .ARM.attributes
                0x000009bd       0x34 /opt/st/stm32cubeide_1.18.0/plugins/com.st.stm32cube.ide.mcu.externaltools.gnu-tools-for-stm32.13.3.rel1.linux64_1.0.0.202410170706/tools/bin/../lib/gcc/arm-none-eabi/13.3.1/thumb/v7e-m+fp/hard/libgcc.a(_udivmoddi4.o)
 .ARM.attributes
                0x000009f1       0x22 /opt/st/stm32cubeide_1.18.0/plugins/com.st.stm32cube.ide.mcu.externaltools.gnu-tools-for-stm32.13.3.rel1.linux64_1.0.0.202410170706/tools/bin/../lib/gcc/arm-none-eabi/13.3.1/thumb/v7e-m+fp/hard/libgcc.a(_dvmd_tls.o)
 .ARM.attributes
                0x00000a13       0x22 /opt/st/stm32cubeide_1.18.0/plugins/com.st.stm32cube.ide.mcu.externaltools.gnu-tools-for-stm32.13.3.rel1.linux64_1.0.0.202410170706/tools/bin/../lib/gcc/arm-none-eabi/13.3.1/thumb/v7e-m+fp/hard/crtn.o
OUTPUT(FreeRTOS_HelloWorld.elf elf32-littlearm)
LOAD linker stubs
LOAD /opt/st/stm32cubeide_1.18.0/plugins/com.st.stm32cube.ide.mcu.externaltools.gnu-tools-for-stm32.13.3.rel1.linux64_1.0.0.202410170706/tools/bin/../lib/gcc/arm-none-eabi/13.3.1/../../../../arm-none-eabi/lib/thumb/v7e-m+fp/hard/libc.a
LOAD /opt/st/stm32cubeide_1.18.0/plugins/com.st.stm32cube.ide.mcu.externaltools.gnu-tools-for-stm32.13.3.rel1.linux64_1.0.0.202410170706/tools/bin/../lib/gcc/arm-none-eabi/13.3.1/../../../../arm-none-eabi/lib/thumb/v7e-m+fp/hard/libm.a
LOAD /opt/st/stm32cubeide_1.18.0/plugins/com.st.stm32cube.ide.mcu.externaltools.gnu-tools-for-stm32.13.3.rel1.linux64_1.0.0.202410170706/tools/bin/../lib/gcc/arm-none-eabi/13.3.1/thumb/v7e-m+fp/hard/libgcc.a

.debug_info     0x00000000    0x10403
 .debug_info    0x00000000      0xcb0 ./Core/Src/main.o
 .debug_info    0x00000cb0      0x28d ./Core/Src/stm32f7xx_hal_msp.o
 .debug_info    0x00000f3d      0xc6d ./Core/Src/stm32f7xx_hal_timebase_tim.o
 .debug_info    0x00001baa      0x6f6 ./Core/Src/stm32f7xx_it.o
 .debug_info    0x000022a0      0x6d1 ./Core/Src/syscalls.o
 .debug_info    0x00002971      0x168 ./Core/Src/sysmem.o
 .debug_info    0x00002ad9      0x6ed ./Core/Src/system_stm32f7xx.o
 .debug_info    0x000031c6       0x30 ./Core/Startup/startup_stm32f723iekx.o
 .debug_info    0x000031f6      0x990 ./Drivers/STM32F7xx_HAL_Driver/Src/stm32f7xx_hal.o
 .debug_info    0x00003b86      0xf36 ./Drivers/STM32F7xx_HAL_Driver/Src/stm32f7xx_hal_cortex.o
 .debug_info    0x00004abc      0x90e ./Drivers/STM32F7xx_HAL_Driver/Src/stm32f7xx_hal_pwr.o
 .debug_info    0x000053ca      0x8cd ./Drivers/STM32F7xx_HAL_Driver/Src/stm32f7xx_hal_pwr_ex.o
 .debug_info    0x00005c97      0x8fc ./Drivers/STM32F7xx_HAL_Driver/Src/stm32f7xx_hal_rcc.o
 .debug_info    0x00006593     0x2abd ./Drivers/STM32F7xx_HAL_Driver/Src/stm32f7xx_hal_tim.o
 .debug_info    0x00009050     0x15bb ./Drivers/STM32F7xx_HAL_Driver/Src/stm32f7xx_hal_tim_ex.o
 .debug_info    0x0000a60b      0x2aa ./ThirdParty/FreeRTOS/list.o
 .debug_info    0x0000a8b5     0x18dd ./ThirdParty/FreeRTOS/queue.o
 .debug_info    0x0000c192     0x2866 ./ThirdParty/FreeRTOS/tasks.o
 .debug_info    0x0000e9f8      0xece ./ThirdParty/FreeRTOS/timers.o
 .debug_info    0x0000f8c6      0x547 ./ThirdParty/FreeRTOS/portable/GCC/ARM_CM7/port.o
 .debug_info    0x0000fe0d      0x5f6 ./ThirdParty/FreeRTOS/portable/MemMang/heap_4.o

.debug_abbrev   0x00000000     0x2a5c
 .debug_abbrev  0x00000000      0x2af ./Core/Src/main.o
 .debug_abbrev  0x000002af       0xd8 ./Core/Src/stm32f7xx_hal_msp.o
 .debug_abbrev  0x00000387      0x1f4 ./Core/Src/stm32f7xx_hal_timebase_tim.o
 .debug_abbrev  0x0000057b      0x17d ./Core/Src/stm32f7xx_it.o
 .debug_abbrev  0x000006f8      0x1b1 ./Core/Src/syscalls.o
 .debug_abbrev  0x000008a9       0xbc ./Core/Src/sysmem.o
 .debug_abbrev  0x00000965      0x13b ./Core/Src/system_stm32f7xx.o
 .debug_abbrev  0x00000aa0       0x24 ./Core/Startup/startup_stm32f723iekx.o
 .debug_abbrev  0x00000ac4      0x213 ./Drivers/STM32F7xx_HAL_Driver/Src/stm32f7xx_hal.o
 .debug_abbrev  0x00000cd7      0x31e ./Drivers/STM32F7xx_HAL_Driver/Src/stm32f7xx_hal_cortex.o
 .debug_abbrev  0x00000ff5      0x1c5 ./Drivers/STM32F7xx_HAL_Driver/Src/stm32f7xx_hal_pwr.o
 .debug_abbrev  0x000011ba      0x1d5 ./Drivers/STM32F7xx_HAL_Driver/Src/stm32f7xx_hal_pwr_ex.o
 .debug_abbrev  0x0000138f      0x288 ./Drivers/STM32F7xx_HAL_Driver/Src/stm32f7xx_hal_rcc.o
 .debug_abbrev  0x00001617      0x278 ./Drivers/STM32F7xx_HAL_Driver/Src/stm32f7xx_hal_tim.o
 .debug_abbrev  0x0000188f      0x283 ./Drivers/STM32F7xx_HAL_Driver/Src/stm32f7xx_hal_tim_ex.o
 .debug_abbrev  0x00001b12       0xee ./ThirdParty/FreeRTOS/list.o
 .debug_abbrev  0x00001c00      0x323 ./ThirdParty/FreeRTOS/queue.o
 .debug_abbrev  0x00001f23      0x398 ./ThirdParty/FreeRTOS/tasks.o
 .debug_abbrev  0x000022bb      0x2dd ./ThirdParty/FreeRTOS/timers.o
 .debug_abbrev  0x00002598      0x26a ./ThirdParty/FreeRTOS/portable/GCC/ARM_CM7/port.o
 .debug_abbrev  0x00002802      0x25a ./ThirdParty/FreeRTOS/portable/MemMang/heap_4.o

.debug_aranges  0x00000000     0x10c0
 .debug_aranges
                0x00000000       0x48 ./Core/Src/main.o
 .debug_aranges
                0x00000048       0x20 ./Core/Src/stm32f7xx_hal_msp.o
 .debug_aranges
                0x00000068       0x30 ./Core/Src/stm32f7xx_hal_timebase_tim.o
 .debug_aranges
                0x00000098       0x50 ./Core/Src/stm32f7xx_it.o
 .debug_aranges
                0x000000e8       0xb0 ./Core/Src/syscalls.o
 .debug_aranges
                0x00000198       0x20 ./Core/Src/sysmem.o
 .debug_aranges
                0x000001b8       0x28 ./Core/Src/system_stm32f7xx.o
 .debug_aranges
                0x000001e0       0x28 ./Core/Startup/startup_stm32f723iekx.o
 .debug_aranges
                0x00000208      0x100 ./Drivers/STM32F7xx_HAL_Driver/Src/stm32f7xx_hal.o
 .debug_aranges
                0x00000308      0x128 ./Drivers/STM32F7xx_HAL_Driver/Src/stm32f7xx_hal_cortex.o
 .debug_aranges
                0x00000430       0xa0 ./Drivers/STM32F7xx_HAL_Driver/Src/stm32f7xx_hal_pwr.o
 .debug_aranges
                0x000004d0       0x80 ./Drivers/STM32F7xx_HAL_Driver/Src/stm32f7xx_hal_pwr_ex.o
 .debug_aranges
                0x00000550       0x88 ./Drivers/STM32F7xx_HAL_Driver/Src/stm32f7xx_hal_rcc.o
 .debug_aranges
                0x000005d8      0x3e0 ./Drivers/STM32F7xx_HAL_Driver/Src/stm32f7xx_hal_tim.o
 .debug_aranges
                0x000009b8      0x178 ./Drivers/STM32F7xx_HAL_Driver/Src/stm32f7xx_hal_tim_ex.o
 .debug_aranges
                0x00000b30       0x40 ./ThirdParty/FreeRTOS/list.o
 .debug_aranges
                0x00000b70      0x140 ./ThirdParty/FreeRTOS/queue.o
 .debug_aranges
                0x00000cb0      0x228 ./ThirdParty/FreeRTOS/tasks.o
 .debug_aranges
                0x00000ed8       0xf8 ./ThirdParty/FreeRTOS/timers.o
 .debug_aranges
                0x00000fd0       0x80 ./ThirdParty/FreeRTOS/portable/GCC/ARM_CM7/port.o
 .debug_aranges
                0x00001050       0x70 ./ThirdParty/FreeRTOS/portable/MemMang/heap_4.o

.debug_rnglists
                0x00000000      0xce5
 .debug_rnglists
                0x00000000       0x33 ./Core/Src/main.o
 .debug_rnglists
                0x00000033       0x13 ./Core/Src/stm32f7xx_hal_msp.o
 .debug_rnglists
                0x00000046       0x20 ./Core/Src/stm32f7xx_hal_timebase_tim.o
 .debug_rnglists
                0x00000066       0x37 ./Core/Src/stm32f7xx_it.o
 .debug_rnglists
                0x0000009d       0x7f ./Core/Src/syscalls.o
 .debug_rnglists
                0x0000011c       0x13 ./Core/Src/sysmem.o
 .debug_rnglists
                0x0000012f       0x1a ./Core/Src/system_stm32f7xx.o
 .debug_rnglists
                0x00000149       0x19 ./Core/Startup/startup_stm32f723iekx.o
 .debug_rnglists
                0x00000162       0xbb ./Drivers/STM32F7xx_HAL_Driver/Src/stm32f7xx_hal.o
 .debug_rnglists
                0x0000021d       0xda ./Drivers/STM32F7xx_HAL_Driver/Src/stm32f7xx_hal_cortex.o
 .debug_rnglists
                0x000002f7       0x74 ./Drivers/STM32F7xx_HAL_Driver/Src/stm32f7xx_hal_pwr.o
 .debug_rnglists
                0x0000036b       0x5f ./Drivers/STM32F7xx_HAL_Driver/Src/stm32f7xx_hal_pwr_ex.o
 .debug_rnglists
                0x000003ca       0x67 ./Drivers/STM32F7xx_HAL_Driver/Src/stm32f7xx_hal_rcc.o
 .debug_rnglists
                0x00000431      0x328 ./Drivers/STM32F7xx_HAL_Driver/Src/stm32f7xx_hal_tim.o
 .debug_rnglists
                0x00000759      0x131 ./Drivers/STM32F7xx_HAL_Driver/Src/stm32f7xx_hal_tim_ex.o
 .debug_rnglists
                0x0000088a       0x2b ./ThirdParty/FreeRTOS/list.o
 .debug_rnglists
                0x000008b5       0xf9 ./ThirdParty/FreeRTOS/queue.o
 .debug_rnglists
                0x000009ae      0x1cd ./ThirdParty/FreeRTOS/tasks.o
 .debug_rnglists
                0x00000b7b       0xb9 ./ThirdParty/FreeRTOS/timers.o
 .debug_rnglists
                0x00000c34       0x5d ./ThirdParty/FreeRTOS/portable/GCC/ARM_CM7/port.o
 .debug_rnglists
                0x00000c91       0x54 ./ThirdParty/FreeRTOS/portable/MemMang/heap_4.o

.debug_macro    0x00000000    0x25ee8
 .debug_macro   0x00000000      0x346 ./Core/Src/main.o
 .debug_macro   0x00000346      0xad8 ./Core/Src/main.o
 .debug_macro   0x00000e1e      0x293 ./Core/Src/main.o
 .debug_macro   0x000010b1       0x2e ./Core/Src/main.o
 .debug_macro   0x000010df       0x3b ./Core/Src/main.o
 .debug_macro   0x0000111a       0x22 ./Core/Src/main.o
 .debug_macro   0x0000113c       0x8e ./Core/Src/main.o
 .debug_macro   0x000011ca       0x51 ./Core/Src/main.o
 .debug_macro   0x0000121b      0x103 ./Core/Src/main.o
 .debug_macro   0x0000131e       0x6a ./Core/Src/main.o
 .debug_macro   0x00001388      0x1df ./Core/Src/main.o
 .debug_macro   0x00001567       0x1c ./Core/Src/main.o
 .debug_macro   0x00001583       0x22 ./Core/Src/main.o
 .debug_macro   0x000015a5       0xd9 ./Core/Src/main.o
 .debug_macro   0x0000167e     0x12cd ./Core/Src/main.o
 .debug_macro   0x0000294b      0x11f ./Core/Src/main.o
 .debug_macro   0x00002a6a       0x19 ./Core/Src/main.o
 .debug_macro   0x00002a83    0x15e66 ./Core/Src/main.o
 .debug_macro   0x000188e9       0x6d ./Core/Src/main.o
 .debug_macro   0x00018956     0x375e ./Core/Src/main.o
 .debug_macro   0x0001c0b4      0x190 ./Core/Src/main.o
 .debug_macro   0x0001c244       0x63 ./Core/Src/main.o
 .debug_macro   0x0001c2a7     0x1588 ./Core/Src/main.o
 .debug_macro   0x0001d82f      0x6c4 ./Core/Src/main.o
 .debug_macro   0x0001def3      0x17e ./Core/Src/main.o
 .debug_macro   0x0001e071      0x115 ./Core/Src/main.o
 .debug_macro   0x0001e186      0x1d8 ./Core/Src/main.o
 .debug_macro   0x0001e35e       0xa5 ./Core/Src/main.o
 .debug_macro   0x0001e403      0x24f ./Core/Src/main.o
 .debug_macro   0x0001e652       0x71 ./Core/Src/main.o
 .debug_macro   0x0001e6c3       0x58 ./Core/Src/main.o
 .debug_macro   0x0001e71b      0x236 ./Core/Src/main.o
 .debug_macro   0x0001e951      0x154 ./Core/Src/main.o
 .debug_macro   0x0001eaa5      0x2c3 ./Core/Src/main.o
 .debug_macro   0x0001ed68       0x12 ./Core/Src/main.o
 .debug_macro   0x0001ed7a      0x504 ./Core/Src/main.o
 .debug_macro   0x0001f27e      0x22c ./Core/Src/main.o
 .debug_macro   0x0001f4aa       0x61 ./Core/Src/main.o
 .debug_macro   0x0001f50b       0xa5 ./Core/Src/main.o
 .debug_macro   0x0001f5b0      0x12e ./Core/Src/main.o
 .debug_macro   0x0001f6de      0x108 ./Core/Src/main.o
 .debug_macro   0x0001f7e6       0x35 ./Core/Src/main.o
 .debug_macro   0x0001f81b      0xa83 ./Core/Src/main.o
 .debug_macro   0x0002029e       0x59 ./Core/Src/main.o
 .debug_macro   0x000202f7      0x14d ./Core/Src/main.o
 .debug_macro   0x00020444      0x65e ./Core/Src/main.o
 .debug_macro   0x00020aa2       0x61 ./Core/Src/main.o
 .debug_macro   0x00020b03       0x2a ./Core/Src/main.o
 .debug_macro   0x00020b2d       0x43 ./Core/Src/main.o
 .debug_macro   0x00020b70       0x34 ./Core/Src/main.o
 .debug_macro   0x00020ba4       0x16 ./Core/Src/main.o
 .debug_macro   0x00020bba       0x3c ./Core/Src/main.o
 .debug_macro   0x00020bf6      0x370 ./Core/Src/main.o
 .debug_macro   0x00020f66       0x10 ./Core/Src/main.o
 .debug_macro   0x00020f76       0x16 ./Core/Src/main.o
 .debug_macro   0x00020f8c       0x4a ./Core/Src/main.o
 .debug_macro   0x00020fd6       0x34 ./Core/Src/main.o
 .debug_macro   0x0002100a       0x10 ./Core/Src/main.o
 .debug_macro   0x0002101a       0x58 ./Core/Src/main.o
 .debug_macro   0x00021072       0x8e ./Core/Src/main.o
 .debug_macro   0x00021100       0x1c ./Core/Src/main.o
 .debug_macro   0x0002111c      0x185 ./Core/Src/main.o
 .debug_macro   0x000212a1       0x16 ./Core/Src/main.o
 .debug_macro   0x000212b7       0x16 ./Core/Src/main.o
 .debug_macro   0x000212cd      0x146 ./Core/Src/main.o
 .debug_macro   0x00021413       0x16 ./Core/Src/main.o
 .debug_macro   0x00021429      0x106 ./Core/Src/main.o
 .debug_macro   0x0002152f       0x22 ./Core/Src/main.o
 .debug_macro   0x00021551      0x182 ./Core/Src/main.o
 .debug_macro   0x000216d3       0xee ./Core/Src/main.o
 .debug_macro   0x000217c1       0x3a ./Core/Src/main.o
 .debug_macro   0x000217fb       0x1f ./Core/Src/main.o
 .debug_macro   0x0002181a       0x12 ./Core/Src/main.o
 .debug_macro   0x0002182c     0x1104 ./Core/Src/main.o
 .debug_macro   0x00022930       0xc3 ./Core/Src/main.o
 .debug_macro   0x000229f3      0x14f ./Core/Src/main.o
 .debug_macro   0x00022b42      0x1f7 ./Core/Src/stm32f7xx_hal_msp.o
 .debug_macro   0x00022d39      0x1e8 ./Core/Src/stm32f7xx_hal_timebase_tim.o
 .debug_macro   0x00022f21      0x201 ./Core/Src/stm32f7xx_it.o
 .debug_macro   0x00023122      0x286 ./Core/Src/syscalls.o
 .debug_macro   0x000233a8       0x5b ./Core/Src/syscalls.o
 .debug_macro   0x00023403       0x94 ./Core/Src/syscalls.o
 .debug_macro   0x00023497       0x57 ./Core/Src/syscalls.o
 .debug_macro   0x000234ee       0x10 ./Core/Src/syscalls.o
 .debug_macro   0x000234fe       0x10 ./Core/Src/syscalls.o
 .debug_macro   0x0002350e       0x10 ./Core/Src/syscalls.o
 .debug_macro   0x0002351e       0x10 ./Core/Src/syscalls.o
 .debug_macro   0x0002352e       0x1c ./Core/Src/syscalls.o
 .debug_macro   0x0002354a       0x52 ./Core/Src/syscalls.o
 .debug_macro   0x0002359c       0x22 ./Core/Src/syscalls.o
 .debug_macro   0x000235be       0x10 ./Core/Src/syscalls.o
 .debug_macro   0x000235ce       0x52 ./Core/Src/syscalls.o
 .debug_macro   0x00023620       0xcf ./Core/Src/syscalls.o
 .debug_macro   0x000236ef       0x1c ./Core/Src/syscalls.o
 .debug_macro   0x0002370b       0x3d ./Core/Src/syscalls.o
 .debug_macro   0x00023748       0x35 ./Core/Src/syscalls.o
 .debug_macro   0x0002377d      0x12c ./Core/Src/syscalls.o
 .debug_macro   0x000238a9       0x16 ./Core/Src/syscalls.o
 .debug_macro   0x000238bf       0x16 ./Core/Src/syscalls.o
 .debug_macro   0x000238d5       0x29 ./Core/Src/syscalls.o
 .debug_macro   0x000238fe       0x10 ./Core/Src/syscalls.o
 .debug_macro   0x0002390e      0x242 ./Core/Src/syscalls.o
 .debug_macro   0x00023b50       0x1c ./Core/Src/syscalls.o
 .debug_macro   0x00023b6c       0x10 ./Core/Src/syscalls.o
 .debug_macro   0x00023b7c      0x18a ./Core/Src/syscalls.o
 .debug_macro   0x00023d06       0x16 ./Core/Src/syscalls.o
 .debug_macro   0x00023d1c       0xce ./Core/Src/syscalls.o
 .debug_macro   0x00023dea      0x112 ./Core/Src/sysmem.o
 .debug_macro   0x00023efc      0x23c ./Core/Src/sysmem.o
 .debug_macro   0x00024138      0x1e8 ./Core/Src/system_stm32f7xx.o
 .debug_macro   0x00024320      0x20c ./Drivers/STM32F7xx_HAL_Driver/Src/stm32f7xx_hal.o
 .debug_macro   0x0002452c      0x1e8 ./Drivers/STM32F7xx_HAL_Driver/Src/stm32f7xx_hal_cortex.o
 .debug_macro   0x00024714      0x206 ./Drivers/STM32F7xx_HAL_Driver/Src/stm32f7xx_hal_pwr.o
 .debug_macro   0x0002491a      0x200 ./Drivers/STM32F7xx_HAL_Driver/Src/stm32f7xx_hal_pwr_ex.o
 .debug_macro   0x00024b1a      0x20c ./Drivers/STM32F7xx_HAL_Driver/Src/stm32f7xx_hal_rcc.o
 .debug_macro   0x00024d26      0x1e9 ./Drivers/STM32F7xx_HAL_Driver/Src/stm32f7xx_hal_tim.o
 .debug_macro   0x00024f0f      0x1e8 ./Drivers/STM32F7xx_HAL_Driver/Src/stm32f7xx_hal_tim_ex.o
 .debug_macro   0x000250f7      0x1a2 ./ThirdParty/FreeRTOS/list.o
 .debug_macro   0x00025299      0x239 ./ThirdParty/FreeRTOS/queue.o
 .debug_macro   0x000254d2       0x16 ./ThirdParty/FreeRTOS/queue.o
 .debug_macro   0x000254e8       0x20 ./ThirdParty/FreeRTOS/queue.o
 .debug_macro   0x00025508       0x80 ./ThirdParty/FreeRTOS/queue.o
 .debug_macro   0x00025588      0x2c6 ./ThirdParty/FreeRTOS/tasks.o
 .debug_macro   0x0002584e       0x17 ./ThirdParty/FreeRTOS/tasks.o
 .debug_macro   0x00025865      0x1f1 ./ThirdParty/FreeRTOS/timers.o
 .debug_macro   0x00025a56       0x9e ./ThirdParty/FreeRTOS/timers.o
 .debug_macro   0x00025af4      0x1bd ./ThirdParty/FreeRTOS/portable/GCC/ARM_CM7/port.o
 .debug_macro   0x00025cb1      0x237 ./ThirdParty/FreeRTOS/portable/MemMang/heap_4.o

.debug_line     0x00000000    0x121f0
 .debug_line    0x00000000      0xab7 ./Core/Src/main.o
 .debug_line    0x00000ab7      0x6b1 ./Core/Src/stm32f7xx_hal_msp.o
 .debug_line    0x00001168      0x724 ./Core/Src/stm32f7xx_hal_timebase_tim.o
 .debug_line    0x0000188c      0x73a ./Core/Src/stm32f7xx_it.o
 .debug_line    0x00001fc6      0x820 ./Core/Src/syscalls.o
 .debug_line    0x000027e6      0x4bd ./Core/Src/sysmem.o
 .debug_line    0x00002ca3      0x725 ./Core/Src/system_stm32f7xx.o
 .debug_line    0x000033c8       0x7a ./Core/Startup/startup_stm32f723iekx.o
 .debug_line    0x00003442      0x9d8 ./Drivers/STM32F7xx_HAL_Driver/Src/stm32f7xx_hal.o
 .debug_line    0x00003e1a      0xc58 ./Drivers/STM32F7xx_HAL_Driver/Src/stm32f7xx_hal_cortex.o
 .debug_line    0x00004a72      0x8d8 ./Drivers/STM32F7xx_HAL_Driver/Src/stm32f7xx_hal_pwr.o
 .debug_line    0x0000534a      0x9a8 ./Drivers/STM32F7xx_HAL_Driver/Src/stm32f7xx_hal_pwr_ex.o
 .debug_line    0x00005cf2      0xecb ./Drivers/STM32F7xx_HAL_Driver/Src/stm32f7xx_hal_rcc.o
 .debug_line    0x00006bbd     0x3c73 ./Drivers/STM32F7xx_HAL_Driver/Src/stm32f7xx_hal_tim.o
 .debug_line    0x0000a830     0x1a06 ./Drivers/STM32F7xx_HAL_Driver/Src/stm32f7xx_hal_tim_ex.o
 .debug_line    0x0000c236      0x76c ./ThirdParty/FreeRTOS/list.o
 .debug_line    0x0000c9a2     0x16de ./ThirdParty/FreeRTOS/queue.o
 .debug_line    0x0000e080     0x20a2 ./ThirdParty/FreeRTOS/tasks.o
 .debug_line    0x00010122      0xd2e ./ThirdParty/FreeRTOS/timers.o
 .debug_line    0x00010e50      0x87e ./ThirdParty/FreeRTOS/portable/GCC/ARM_CM7/port.o
 .debug_line    0x000116ce      0xb22 ./ThirdParty/FreeRTOS/portable/MemMang/heap_4.o

.debug_str      0x00000000    0xed3aa
 .debug_str     0x00000000    0xed3aa ./Core/Src/main.o
                              0xe44d8 (size before relaxing)
 .debug_str     0x000ed3aa    0xd58dc ./Core/Src/stm32f7xx_hal_msp.o
 .debug_str     0x000ed3aa    0xd4a2b ./Core/Src/stm32f7xx_hal_timebase_tim.o
 .debug_str     0x000ed3aa    0xd5db7 ./Core/Src/stm32f7xx_it.o
 .debug_str     0x000ed3aa     0x9aa1 ./Core/Src/syscalls.o
 .debug_str     0x000ed3aa     0x7791 ./Core/Src/sysmem.o
 .debug_str     0x000ed3aa    0xd3fa8 ./Core/Src/system_stm32f7xx.o
 .debug_str     0x000ed3aa       0x91 ./Core/Startup/startup_stm32f723iekx.o
 .debug_str     0x000ed3aa    0xd487f ./Drivers/STM32F7xx_HAL_Driver/Src/stm32f7xx_hal.o
 .debug_str     0x000ed3aa    0xd489c ./Drivers/STM32F7xx_HAL_Driver/Src/stm32f7xx_hal_cortex.o
 .debug_str     0x000ed3aa    0xd4249 ./Drivers/STM32F7xx_HAL_Driver/Src/stm32f7xx_hal_pwr.o
 .debug_str     0x000ed3aa    0xd4217 ./Drivers/STM32F7xx_HAL_Driver/Src/stm32f7xx_hal_pwr_ex.o
 .debug_str     0x000ed3aa    0xd4311 ./Drivers/STM32F7xx_HAL_Driver/Src/stm32f7xx_hal_rcc.o
 .debug_str     0x000ed3aa    0xd52cb ./Drivers/STM32F7xx_HAL_Driver/Src/stm32f7xx_hal_tim.o
 .debug_str     0x000ed3aa    0xd4b11 ./Drivers/STM32F7xx_HAL_Driver/Src/stm32f7xx_hal_tim_ex.o
 .debug_str     0x000ed3aa    0x10cd2 ./ThirdParty/FreeRTOS/list.o
 .debug_str     0x000ed3aa    0x13621 ./ThirdParty/FreeRTOS/queue.o
 .debug_str     0x000ed3aa    0x1455f ./ThirdParty/FreeRTOS/tasks.o
 .debug_str     0x000ed3aa    0x138d0 ./ThirdParty/FreeRTOS/timers.o
 .debug_str     0x000ed3aa     0xf6ec ./ThirdParty/FreeRTOS/portable/GCC/ARM_CM7/port.o
 .debug_str     0x000ed3aa    0x12864 ./ThirdParty/FreeRTOS/portable/MemMang/heap_4.o

.comment        0x00000000       0x43
 .comment       0x00000000       0x43 ./Core/Src/main.o
                                 0x44 (size before relaxing)
 .comment       0x00000043       0x44 ./Core/Src/stm32f7xx_hal_msp.o
 .comment       0x00000043       0x44 ./Core/Src/stm32f7xx_hal_timebase_tim.o
 .comment       0x00000043       0x44 ./Core/Src/stm32f7xx_it.o
 .comment       0x00000043       0x44 ./Core/Src/syscalls.o
 .comment       0x00000043       0x44 ./Core/Src/sysmem.o
 .comment       0x00000043       0x44 ./Core/Src/system_stm32f7xx.o
 .comment       0x00000043       0x44 ./Drivers/STM32F7xx_HAL_Driver/Src/stm32f7xx_hal.o
 .comment       0x00000043       0x44 ./Drivers/STM32F7xx_HAL_Driver/Src/stm32f7xx_hal_cortex.o
 .comment       0x00000043       0x44 ./Drivers/STM32F7xx_HAL_Driver/Src/stm32f7xx_hal_pwr.o
 .comment       0x00000043       0x44 ./Drivers/STM32F7xx_HAL_Driver/Src/stm32f7xx_hal_pwr_ex.o
 .comment       0x00000043       0x44 ./Drivers/STM32F7xx_HAL_Driver/Src/stm32f7xx_hal_rcc.o
 .comment       0x00000043       0x44 ./Drivers/STM32F7xx_HAL_Driver/Src/stm32f7xx_hal_tim.o
 .comment       0x00000043       0x44 ./Drivers/STM32F7xx_HAL_Driver/Src/stm32f7xx_hal_tim_ex.o
 .comment       0x00000043       0x44 ./ThirdParty/FreeRTOS/list.o
 .comment       0x00000043       0x44 ./ThirdParty/FreeRTOS/queue.o
 .comment       0x00000043       0x44 ./ThirdParty/FreeRTOS/tasks.o
 .comment       0x00000043       0x44 ./ThirdParty/FreeRTOS/timers.o
 .comment       0x00000043       0x44 ./ThirdParty/FreeRTOS/portable/GCC/ARM_CM7/port.o
 .comment       0x00000043       0x44 ./ThirdParty/FreeRTOS/portable/MemMang/heap_4.o

.debug_frame    0x00000000     0x4b54
 .debug_frame   0x00000000       0xd0 ./Core/Src/main.o
 .debug_frame   0x000000d0       0x38 ./Core/Src/stm32f7xx_hal_msp.o
 .debug_frame   0x00000108       0x74 ./Core/Src/stm32f7xx_hal_timebase_tim.o
 .debug_frame   0x0000017c       0xc4 ./Core/Src/stm32f7xx_it.o
 .debug_frame   0x00000240      0x2d4 ./Core/Src/syscalls.o
 .debug_frame   0x00000514       0x34 ./Core/Src/sysmem.o
 .debug_frame   0x00000548       0x58 ./Core/Src/system_stm32f7xx.o
 .debug_frame   0x000005a0      0x3b4 ./Drivers/STM32F7xx_HAL_Driver/Src/stm32f7xx_hal.o
 .debug_frame   0x00000954      0x4e8 ./Drivers/STM32F7xx_HAL_Driver/Src/stm32f7xx_hal_cortex.o
 .debug_frame   0x00000e3c      0x254 ./Drivers/STM32F7xx_HAL_Driver/Src/stm32f7xx_hal_pwr.o
 .debug_frame   0x00001090      0x1c8 ./Drivers/STM32F7xx_HAL_Driver/Src/stm32f7xx_hal_pwr_ex.o
 .debug_frame   0x00001258      0x1f8 ./Drivers/STM32F7xx_HAL_Driver/Src/stm32f7xx_hal_rcc.o
 .debug_frame   0x00001450     0x121c ./Drivers/STM32F7xx_HAL_Driver/Src/stm32f7xx_hal_tim.o
 .debug_frame   0x0000266c      0x688 ./Drivers/STM32F7xx_HAL_Driver/Src/stm32f7xx_hal_tim_ex.o
 .debug_frame   0x00002cf4       0xd8 ./ThirdParty/FreeRTOS/list.o
 .debug_frame   0x00002dcc      0x584 ./ThirdParty/FreeRTOS/queue.o
 .debug_frame   0x00003350      0x998 ./ThirdParty/FreeRTOS/tasks.o
 .debug_frame   0x00003ce8      0x40c ./ThirdParty/FreeRTOS/timers.o
 .debug_frame   0x000040f4      0x1a8 ./ThirdParty/FreeRTOS/portable/GCC/ARM_CM7/port.o
 .debug_frame   0x0000429c      0x194 ./ThirdParty/FreeRTOS/portable/MemMang/heap_4.o
 .debug_frame   0x00004430      0x144 /opt/st/stm32cubeide_1.18.0/plugins/com.st.stm32cube.ide.mcu.externaltools.gnu-tools-for-stm32.13.3.rel1.linux64_1.0.0.202410170706/tools/bin/../lib/gcc/arm-none-eabi/13.3.1/../../../../arm-none-eabi/lib/thumb/v7e-m+fp/hard/libc_nano.a(libc_a-findfp.o)
 .debug_frame   0x00004574       0x34 /opt/st/stm32cubeide_1.18.0/plugins/com.st.stm32cube.ide.mcu.externaltools.gnu-tools-for-stm32.13.3.rel1.linux64_1.0.0.202410170706/tools/bin/../lib/gcc/arm-none-eabi/13.3.1/../../../../arm-none-eabi/lib/thumb/v7e-m+fp/hard/libc_nano.a(libc_a-fwalk.o)