21:32:16 **** Clean-only build of configuration Debug for project FreeRTOS_HelloWorld ****
make -j8 clean 
rm -rf ./ThirdParty/FreeRTOS/portable/MemMang/heap_4.cyclo ./ThirdParty/FreeRTOS/portable/MemMang/heap_4.d ./ThirdParty/FreeRTOS/portable/MemMang/heap_4.o ./ThirdParty/FreeRTOS/portable/MemMang/heap_4.su
rm -rf ./ThirdParty/FreeRTOS/portable/GCC/ARM_CM4F/port.cyclo ./ThirdParty/FreeRTOS/portable/GCC/ARM_CM4F/port.d ./ThirdParty/FreeRTOS/portable/GCC/ARM_CM4F/port.o ./ThirdParty/FreeRTOS/portable/GCC/ARM_CM4F/port.su
rm -rf ./ThirdParty/FreeRTOS/croutine.cyclo ./ThirdParty/FreeRTOS/croutine.d ./ThirdParty/FreeRTOS/croutine.o ./ThirdParty/FreeRTOS/croutine.su ./ThirdParty/FreeRTOS/event_groups.cyclo ./ThirdParty/FreeRTOS/event_groups.d ./ThirdParty/FreeRTOS/event_groups.o ./ThirdParty/FreeRTOS/event_groups.su ./ThirdParty/FreeRTOS/list.cyclo ./ThirdParty/FreeRTOS/list.d ./ThirdParty/FreeRTOS/list.o ./ThirdParty/FreeRTOS/list.su ./ThirdParty/FreeRTOS/queue.cyclo ./ThirdParty/FreeRTOS/queue.d ./ThirdParty/FreeRTOS/queue.o ./ThirdParty/FreeRTOS/queue.su ./ThirdParty/FreeRTOS/stream_buffer.cyclo ./ThirdParty/FreeRTOS/stream_buffer.d ./ThirdParty/FreeRTOS/stream_buffer.o ./ThirdParty/FreeRTOS/stream_buffer.su ./ThirdParty/FreeRTOS/tasks.cyclo ./ThirdParty/FreeRTOS/tasks.d ./ThirdParty/FreeRTOS/tasks.o ./ThirdParty/FreeRTOS/tasks.su ./ThirdParty/FreeRTOS/timers.cyclo ./ThirdParty/FreeRTOS/timers.d ./ThirdParty/FreeRTOS/timers.o ./ThirdParty/FreeRTOS/timers.su
rm -rf ./Drivers/STM32F4xx_HAL_Driver/Src/stm32f4xx_ll_exti.cyclo ./Drivers/STM32F4xx_HAL_Driver/Src/stm32f4xx_ll_exti.d ./Drivers/STM32F4xx_HAL_Driver/Src/stm32f4xx_ll_exti.o ./Drivers/STM32F4xx_HAL_Driver/Src/stm32f4xx_ll_exti.su ./Drivers/STM32F4xx_HAL_Driver/Src/stm32f4xx_ll_gpio.cyclo ./Drivers/STM32F4xx_HAL_Driver/Src/stm32f4xx_ll_gpio.d ./Drivers/STM32F4xx_HAL_Driver/Src/stm32f4xx_ll_gpio.o ./Drivers/STM32F4xx_HAL_Driver/Src/stm32f4xx_ll_gpio.su ./Drivers/STM32F4xx_HAL_Driver/Src/stm32f4xx_ll_rcc.cyclo ./Drivers/STM32F4xx_HAL_Driver/Src/stm32f4xx_ll_rcc.d ./Drivers/STM32F4xx_HAL_Driver/Src/stm32f4xx_ll_rcc.o ./Drivers/STM32F4xx_HAL_Driver/Src/stm32f4xx_ll_rcc.su ./Drivers/STM32F4xx_HAL_Driver/Src/stm32f4xx_ll_utils.cyclo ./Drivers/STM32F4xx_HAL_Driver/Src/stm32f4xx_ll_utils.d ./Drivers/STM32F4xx_HAL_Driver/Src/stm32f4xx_ll_utils.o ./Drivers/STM32F4xx_HAL_Driver/Src/stm32f4xx_ll_utils.su
rm -rf ./Core/Startup/startup_stm32f401ccux.d ./Core/Startup/startup_stm32f401ccux.o
rm -rf ./Core/Src/main.cyclo ./Core/Src/main.d ./Core/Src/main.o ./Core/Src/main.su ./Core/Src/stm32f4xx_it.cyclo ./Core/Src/stm32f4xx_it.d ./Core/Src/stm32f4xx_it.o ./Core/Src/stm32f4xx_it.su ./Core/Src/syscalls.cyclo ./Core/Src/syscalls.d ./Core/Src/syscalls.o ./Core/Src/syscalls.su ./Core/Src/sysmem.cyclo ./Core/Src/sysmem.d ./Core/Src/sysmem.o ./Core/Src/sysmem.su ./Core/Src/system_stm32f4xx.cyclo ./Core/Src/system_stm32f4xx.d ./Core/Src/system_stm32f4xx.o ./Core/Src/system_stm32f4xx.su
rm -rf FreeRTOS_HelloWorld.elf FreeRTOS_HelloWorld.list FreeRTOS_HelloWorld.map default.size.stdout
 
21:32:32 **** Build of configuration Debug for project FreeRTOS_HelloWorld ****
make -j8 all 
arm-none-eabi-gcc "../ThirdParty/FreeRTOS/portable/MemMang/heap_4.c" -mcpu=cortex-m4 -std=gnu11 -g3 -DDEBUG -DSTM32F401xC -DUSE_FULL_LL_DRIVER -DHSE_VALUE=25000000 -DHSE_STARTUP_TIMEOUT=100 -DLSE_STARTUP_TIMEOUT=5000 -DLSE_VALUE=32768 -DEXTERNAL_CLOCK_VALUE=12288000 -DHSI_VALUE=16000000 -DLSI_VALUE=32000 -DVDD_VALUE=3300 -DPREFETCH_ENABLE=1 -DINSTRUCTION_CACHE_ENABLE=1 -DDATA_CACHE_ENABLE=1 -c -I../Core/Inc -I"/home/vdev/MyPrograms/os/freeRTOS/stm32f401ccu6/FreeRTOS_HelloWorld/ThirdParty/FreeRTOS" -I"/home/vdev/MyPrograms/os/freeRTOS/stm32f401ccu6/FreeRTOS_HelloWorld/ThirdParty/FreeRTOS/portable/GCC/ARM_CM4F" -I"/home/vdev/MyPrograms/os/freeRTOS/stm32f401ccu6/FreeRTOS_HelloWorld/ThirdParty/FreeRTOS/include" -I../Drivers/STM32F4xx_HAL_Driver/Inc -I../Drivers/CMSIS/Device/ST/STM32F4xx/Include -I../Drivers/CMSIS/Include -O0 -ffunction-sections -fdata-sections -Wall -fstack-usage -fcyclomatic-complexity -MMD -MP -MF"ThirdParty/FreeRTOS/portable/MemMang/heap_4.d" -MT"ThirdParty/FreeRTOS/portable/MemMang/heap_4.o" --specs=nano.specs -mfpu=fpv4-sp-d16 -mfloat-abi=hard -mthumb -o "ThirdParty/FreeRTOS/portable/MemMang/heap_4.o"
arm-none-eabi-gcc "../ThirdParty/FreeRTOS/portable/GCC/ARM_CM4F/port.c" -mcpu=cortex-m4 -std=gnu11 -g3 -DDEBUG -DSTM32F401xC -DUSE_FULL_LL_DRIVER -DHSE_VALUE=25000000 -DHSE_STARTUP_TIMEOUT=100 -DLSE_STARTUP_TIMEOUT=5000 -DLSE_VALUE=32768 -DEXTERNAL_CLOCK_VALUE=12288000 -DHSI_VALUE=16000000 -DLSI_VALUE=32000 -DVDD_VALUE=3300 -DPREFETCH_ENABLE=1 -DINSTRUCTION_CACHE_ENABLE=1 -DDATA_CACHE_ENABLE=1 -c -I../Core/Inc -I"/home/vdev/MyPrograms/os/freeRTOS/stm32f401ccu6/FreeRTOS_HelloWorld/ThirdParty/FreeRTOS" -I"/home/vdev/MyPrograms/os/freeRTOS/stm32f401ccu6/FreeRTOS_HelloWorld/ThirdParty/FreeRTOS/portable/GCC/ARM_CM4F" -I"/home/vdev/MyPrograms/os/freeRTOS/stm32f401ccu6/FreeRTOS_HelloWorld/ThirdParty/FreeRTOS/include" -I../Drivers/STM32F4xx_HAL_Driver/Inc -I../Drivers/CMSIS/Device/ST/STM32F4xx/Include -I../Drivers/CMSIS/Include -O0 -ffunction-sections -fdata-sections -Wall -fstack-usage -fcyclomatic-complexity -MMD -MP -MF"ThirdParty/FreeRTOS/portable/GCC/ARM_CM4F/port.d" -MT"ThirdParty/FreeRTOS/portable/GCC/ARM_CM4F/port.o" --specs=nano.specs -mfpu=fpv4-sp-d16 -mfloat-abi=hard -mthumb -o "ThirdParty/FreeRTOS/portable/GCC/ARM_CM4F/port.o"
arm-none-eabi-gcc "../ThirdParty/FreeRTOS/croutine.c" -mcpu=cortex-m4 -std=gnu11 -g3 -DDEBUG -DSTM32F401xC -DUSE_FULL_LL_DRIVER -DHSE_VALUE=25000000 -DHSE_STARTUP_TIMEOUT=100 -DLSE_STARTUP_TIMEOUT=5000 -DLSE_VALUE=32768 -DEXTERNAL_CLOCK_VALUE=12288000 -DHSI_VALUE=16000000 -DLSI_VALUE=32000 -DVDD_VALUE=3300 -DPREFETCH_ENABLE=1 -DINSTRUCTION_CACHE_ENABLE=1 -DDATA_CACHE_ENABLE=1 -c -I../Core/Inc -I"/home/vdev/MyPrograms/os/freeRTOS/stm32f401ccu6/FreeRTOS_HelloWorld/ThirdParty/FreeRTOS" -I"/home/vdev/MyPrograms/os/freeRTOS/stm32f401ccu6/FreeRTOS_HelloWorld/ThirdParty/FreeRTOS/portable/GCC/ARM_CM4F" -I"/home/vdev/MyPrograms/os/freeRTOS/stm32f401ccu6/FreeRTOS_HelloWorld/ThirdParty/FreeRTOS/include" -I../Drivers/STM32F4xx_HAL_Driver/Inc -I../Drivers/CMSIS/Device/ST/STM32F4xx/Include -I../Drivers/CMSIS/Include -O0 -ffunction-sections -fdata-sections -Wall -fstack-usage -fcyclomatic-complexity -MMD -MP -MF"ThirdParty/FreeRTOS/croutine.d" -MT"ThirdParty/FreeRTOS/croutine.o" --specs=nano.specs -mfpu=fpv4-sp-d16 -mfloat-abi=hard -mthumb -o "ThirdParty/FreeRTOS/croutine.o"
arm-none-eabi-gcc "../ThirdParty/FreeRTOS/event_groups.c" -mcpu=cortex-m4 -std=gnu11 -g3 -DDEBUG -DSTM32F401xC -DUSE_FULL_LL_DRIVER -DHSE_VALUE=25000000 -DHSE_STARTUP_TIMEOUT=100 -DLSE_STARTUP_TIMEOUT=5000 -DLSE_VALUE=32768 -DEXTERNAL_CLOCK_VALUE=12288000 -DHSI_VALUE=16000000 -DLSI_VALUE=32000 -DVDD_VALUE=3300 -DPREFETCH_ENABLE=1 -DINSTRUCTION_CACHE_ENABLE=1 -DDATA_CACHE_ENABLE=1 -c -I../Core/Inc -I"/home/vdev/MyPrograms/os/freeRTOS/stm32f401ccu6/FreeRTOS_HelloWorld/ThirdParty/FreeRTOS" -I"/home/vdev/MyPrograms/os/freeRTOS/stm32f401ccu6/FreeRTOS_HelloWorld/ThirdParty/FreeRTOS/portable/GCC/ARM_CM4F" -I"/home/vdev/MyPrograms/os/freeRTOS/stm32f401ccu6/FreeRTOS_HelloWorld/ThirdParty/FreeRTOS/include" -I../Drivers/STM32F4xx_HAL_Driver/Inc -I../Drivers/CMSIS/Device/ST/STM32F4xx/Include -I../Drivers/CMSIS/Include -O0 -ffunction-sections -fdata-sections -Wall -fstack-usage -fcyclomatic-complexity -MMD -MP -MF"ThirdParty/FreeRTOS/event_groups.d" -MT"ThirdParty/FreeRTOS/event_groups.o" --specs=nano.specs -mfpu=fpv4-sp-d16 -mfloat-abi=hard -mthumb -o "ThirdParty/FreeRTOS/event_groups.o"
arm-none-eabi-gcc "../ThirdParty/FreeRTOS/list.c" -mcpu=cortex-m4 -std=gnu11 -g3 -DDEBUG -DSTM32F401xC -DUSE_FULL_LL_DRIVER -DHSE_VALUE=25000000 -DHSE_STARTUP_TIMEOUT=100 -DLSE_STARTUP_TIMEOUT=5000 -DLSE_VALUE=32768 -DEXTERNAL_CLOCK_VALUE=12288000 -DHSI_VALUE=16000000 -DLSI_VALUE=32000 -DVDD_VALUE=3300 -DPREFETCH_ENABLE=1 -DINSTRUCTION_CACHE_ENABLE=1 -DDATA_CACHE_ENABLE=1 -c -I../Core/Inc -I"/home/vdev/MyPrograms/os/freeRTOS/stm32f401ccu6/FreeRTOS_HelloWorld/ThirdParty/FreeRTOS" -I"/home/vdev/MyPrograms/os/freeRTOS/stm32f401ccu6/FreeRTOS_HelloWorld/ThirdParty/FreeRTOS/portable/GCC/ARM_CM4F" -I"/home/vdev/MyPrograms/os/freeRTOS/stm32f401ccu6/FreeRTOS_HelloWorld/ThirdParty/FreeRTOS/include" -I../Drivers/STM32F4xx_HAL_Driver/Inc -I../Drivers/CMSIS/Device/ST/STM32F4xx/Include -I../Drivers/CMSIS/Include -O0 -ffunction-sections -fdata-sections -Wall -fstack-usage -fcyclomatic-complexity -MMD -MP -MF"ThirdParty/FreeRTOS/list.d" -MT"ThirdParty/FreeRTOS/list.o" --specs=nano.specs -mfpu=fpv4-sp-d16 -mfloat-abi=hard -mthumb -o "ThirdParty/FreeRTOS/list.o"
arm-none-eabi-gcc "../ThirdParty/FreeRTOS/queue.c" -mcpu=cortex-m4 -std=gnu11 -g3 -DDEBUG -DSTM32F401xC -DUSE_FULL_LL_DRIVER -DHSE_VALUE=25000000 -DHSE_STARTUP_TIMEOUT=100 -DLSE_STARTUP_TIMEOUT=5000 -DLSE_VALUE=32768 -DEXTERNAL_CLOCK_VALUE=12288000 -DHSI_VALUE=16000000 -DLSI_VALUE=32000 -DVDD_VALUE=3300 -DPREFETCH_ENABLE=1 -DINSTRUCTION_CACHE_ENABLE=1 -DDATA_CACHE_ENABLE=1 -c -I../Core/Inc -I"/home/vdev/MyPrograms/os/freeRTOS/stm32f401ccu6/FreeRTOS_HelloWorld/ThirdParty/FreeRTOS" -I"/home/vdev/MyPrograms/os/freeRTOS/stm32f401ccu6/FreeRTOS_HelloWorld/ThirdParty/FreeRTOS/portable/GCC/ARM_CM4F" -I"/home/vdev/MyPrograms/os/freeRTOS/stm32f401ccu6/FreeRTOS_HelloWorld/ThirdParty/FreeRTOS/include" -I../Drivers/STM32F4xx_HAL_Driver/Inc -I../Drivers/CMSIS/Device/ST/STM32F4xx/Include -I../Drivers/CMSIS/Include -O0 -ffunction-sections -fdata-sections -Wall -fstack-usage -fcyclomatic-complexity -MMD -MP -MF"ThirdParty/FreeRTOS/queue.d" -MT"ThirdParty/FreeRTOS/queue.o" --specs=nano.specs -mfpu=fpv4-sp-d16 -mfloat-abi=hard -mthumb -o "ThirdParty/FreeRTOS/queue.o"
arm-none-eabi-gcc "../ThirdParty/FreeRTOS/stream_buffer.c" -mcpu=cortex-m4 -std=gnu11 -g3 -DDEBUG -DSTM32F401xC -DUSE_FULL_LL_DRIVER -DHSE_VALUE=25000000 -DHSE_STARTUP_TIMEOUT=100 -DLSE_STARTUP_TIMEOUT=5000 -DLSE_VALUE=32768 -DEXTERNAL_CLOCK_VALUE=12288000 -DHSI_VALUE=16000000 -DLSI_VALUE=32000 -DVDD_VALUE=3300 -DPREFETCH_ENABLE=1 -DINSTRUCTION_CACHE_ENABLE=1 -DDATA_CACHE_ENABLE=1 -c -I../Core/Inc -I"/home/vdev/MyPrograms/os/freeRTOS/stm32f401ccu6/FreeRTOS_HelloWorld/ThirdParty/FreeRTOS" -I"/home/vdev/MyPrograms/os/freeRTOS/stm32f401ccu6/FreeRTOS_HelloWorld/ThirdParty/FreeRTOS/portable/GCC/ARM_CM4F" -I"/home/vdev/MyPrograms/os/freeRTOS/stm32f401ccu6/FreeRTOS_HelloWorld/ThirdParty/FreeRTOS/include" -I../Drivers/STM32F4xx_HAL_Driver/Inc -I../Drivers/CMSIS/Device/ST/STM32F4xx/Include -I../Drivers/CMSIS/Include -O0 -ffunction-sections -fdata-sections -Wall -fstack-usage -fcyclomatic-complexity -MMD -MP -MF"ThirdParty/FreeRTOS/stream_buffer.d" -MT"ThirdParty/FreeRTOS/stream_buffer.o" --specs=nano.specs -mfpu=fpv4-sp-d16 -mfloat-abi=hard -mthumb -o "ThirdParty/FreeRTOS/stream_buffer.o"
arm-none-eabi-gcc "../ThirdParty/FreeRTOS/tasks.c" -mcpu=cortex-m4 -std=gnu11 -g3 -DDEBUG -DSTM32F401xC -DUSE_FULL_LL_DRIVER -DHSE_VALUE=25000000 -DHSE_STARTUP_TIMEOUT=100 -DLSE_STARTUP_TIMEOUT=5000 -DLSE_VALUE=32768 -DEXTERNAL_CLOCK_VALUE=12288000 -DHSI_VALUE=16000000 -DLSI_VALUE=32000 -DVDD_VALUE=3300 -DPREFETCH_ENABLE=1 -DINSTRUCTION_CACHE_ENABLE=1 -DDATA_CACHE_ENABLE=1 -c -I../Core/Inc -I"/home/vdev/MyPrograms/os/freeRTOS/stm32f401ccu6/FreeRTOS_HelloWorld/ThirdParty/FreeRTOS" -I"/home/vdev/MyPrograms/os/freeRTOS/stm32f401ccu6/FreeRTOS_HelloWorld/ThirdParty/FreeRTOS/portable/GCC/ARM_CM4F" -I"/home/vdev/MyPrograms/os/freeRTOS/stm32f401ccu6/FreeRTOS_HelloWorld/ThirdParty/FreeRTOS/include" -I../Drivers/STM32F4xx_HAL_Driver/Inc -I../Drivers/CMSIS/Device/ST/STM32F4xx/Include -I../Drivers/CMSIS/Include -O0 -ffunction-sections -fdata-sections -Wall -fstack-usage -fcyclomatic-complexity -MMD -MP -MF"ThirdParty/FreeRTOS/tasks.d" -MT"ThirdParty/FreeRTOS/tasks.o" --specs=nano.specs -mfpu=fpv4-sp-d16 -mfloat-abi=hard -mthumb -o "ThirdParty/FreeRTOS/tasks.o"
arm-none-eabi-gcc "../ThirdParty/FreeRTOS/timers.c" -mcpu=cortex-m4 -std=gnu11 -g3 -DDEBUG -DSTM32F401xC -DUSE_FULL_LL_DRIVER -DHSE_VALUE=25000000 -DHSE_STARTUP_TIMEOUT=100 -DLSE_STARTUP_TIMEOUT=5000 -DLSE_VALUE=32768 -DEXTERNAL_CLOCK_VALUE=12288000 -DHSI_VALUE=16000000 -DLSI_VALUE=32000 -DVDD_VALUE=3300 -DPREFETCH_ENABLE=1 -DINSTRUCTION_CACHE_ENABLE=1 -DDATA_CACHE_ENABLE=1 -c -I../Core/Inc -I"/home/vdev/MyPrograms/os/freeRTOS/stm32f401ccu6/FreeRTOS_HelloWorld/ThirdParty/FreeRTOS" -I"/home/vdev/MyPrograms/os/freeRTOS/stm32f401ccu6/FreeRTOS_HelloWorld/ThirdParty/FreeRTOS/portable/GCC/ARM_CM4F" -I"/home/vdev/MyPrograms/os/freeRTOS/stm32f401ccu6/FreeRTOS_HelloWorld/ThirdParty/FreeRTOS/include" -I../Drivers/STM32F4xx_HAL_Driver/Inc -I../Drivers/CMSIS/Device/ST/STM32F4xx/Include -I../Drivers/CMSIS/Include -O0 -ffunction-sections -fdata-sections -Wall -fstack-usage -fcyclomatic-complexity -MMD -MP -MF"ThirdParty/FreeRTOS/timers.d" -MT"ThirdParty/FreeRTOS/timers.o" --specs=nano.specs -mfpu=fpv4-sp-d16 -mfloat-abi=hard -mthumb -o "ThirdParty/FreeRTOS/timers.o"
arm-none-eabi-gcc "../Drivers/STM32F4xx_HAL_Driver/Src/stm32f4xx_ll_exti.c" -mcpu=cortex-m4 -std=gnu11 -g3 -DDEBUG -DSTM32F401xC -DUSE_FULL_LL_DRIVER -DHSE_VALUE=25000000 -DHSE_STARTUP_TIMEOUT=100 -DLSE_STARTUP_TIMEOUT=5000 -DLSE_VALUE=32768 -DEXTERNAL_CLOCK_VALUE=12288000 -DHSI_VALUE=16000000 -DLSI_VALUE=32000 -DVDD_VALUE=3300 -DPREFETCH_ENABLE=1 -DINSTRUCTION_CACHE_ENABLE=1 -DDATA_CACHE_ENABLE=1 -c -I../Core/Inc -I"/home/vdev/MyPrograms/os/freeRTOS/stm32f401ccu6/FreeRTOS_HelloWorld/ThirdParty/FreeRTOS" -I"/home/vdev/MyPrograms/os/freeRTOS/stm32f401ccu6/FreeRTOS_HelloWorld/ThirdParty/FreeRTOS/portable/GCC/ARM_CM4F" -I"/home/vdev/MyPrograms/os/freeRTOS/stm32f401ccu6/FreeRTOS_HelloWorld/ThirdParty/FreeRTOS/include" -I../Drivers/STM32F4xx_HAL_Driver/Inc -I../Drivers/CMSIS/Device/ST/STM32F4xx/Include -I../Drivers/CMSIS/Include -O0 -ffunction-sections -fdata-sections -Wall -fstack-usage -fcyclomatic-complexity -MMD -MP -MF"Drivers/STM32F4xx_HAL_Driver/Src/stm32f4xx_ll_exti.d" -MT"Drivers/STM32F4xx_HAL_Driver/Src/stm32f4xx_ll_exti.o" --specs=nano.specs -mfpu=fpv4-sp-d16 -mfloat-abi=hard -mthumb -o "Drivers/STM32F4xx_HAL_Driver/Src/stm32f4xx_ll_exti.o"
arm-none-eabi-gcc "../Drivers/STM32F4xx_HAL_Driver/Src/stm32f4xx_ll_gpio.c" -mcpu=cortex-m4 -std=gnu11 -g3 -DDEBUG -DSTM32F401xC -DUSE_FULL_LL_DRIVER -DHSE_VALUE=25000000 -DHSE_STARTUP_TIMEOUT=100 -DLSE_STARTUP_TIMEOUT=5000 -DLSE_VALUE=32768 -DEXTERNAL_CLOCK_VALUE=12288000 -DHSI_VALUE=16000000 -DLSI_VALUE=32000 -DVDD_VALUE=3300 -DPREFETCH_ENABLE=1 -DINSTRUCTION_CACHE_ENABLE=1 -DDATA_CACHE_ENABLE=1 -c -I../Core/Inc -I"/home/vdev/MyPrograms/os/freeRTOS/stm32f401ccu6/FreeRTOS_HelloWorld/ThirdParty/FreeRTOS" -I"/home/vdev/MyPrograms/os/freeRTOS/stm32f401ccu6/FreeRTOS_HelloWorld/ThirdParty/FreeRTOS/portable/GCC/ARM_CM4F" -I"/home/vdev/MyPrograms/os/freeRTOS/stm32f401ccu6/FreeRTOS_HelloWorld/ThirdParty/FreeRTOS/include" -I../Drivers/STM32F4xx_HAL_Driver/Inc -I../Drivers/CMSIS/Device/ST/STM32F4xx/Include -I../Drivers/CMSIS/Include -O0 -ffunction-sections -fdata-sections -Wall -fstack-usage -fcyclomatic-complexity -MMD -MP -MF"Drivers/STM32F4xx_HAL_Driver/Src/stm32f4xx_ll_gpio.d" -MT"Drivers/STM32F4xx_HAL_Driver/Src/stm32f4xx_ll_gpio.o" --specs=nano.specs -mfpu=fpv4-sp-d16 -mfloat-abi=hard -mthumb -o "Drivers/STM32F4xx_HAL_Driver/Src/stm32f4xx_ll_gpio.o"
arm-none-eabi-gcc "../Drivers/STM32F4xx_HAL_Driver/Src/stm32f4xx_ll_rcc.c" -mcpu=cortex-m4 -std=gnu11 -g3 -DDEBUG -DSTM32F401xC -DUSE_FULL_LL_DRIVER -DHSE_VALUE=25000000 -DHSE_STARTUP_TIMEOUT=100 -DLSE_STARTUP_TIMEOUT=5000 -DLSE_VALUE=32768 -DEXTERNAL_CLOCK_VALUE=12288000 -DHSI_VALUE=16000000 -DLSI_VALUE=32000 -DVDD_VALUE=3300 -DPREFETCH_ENABLE=1 -DINSTRUCTION_CACHE_ENABLE=1 -DDATA_CACHE_ENABLE=1 -c -I../Core/Inc -I"/home/vdev/MyPrograms/os/freeRTOS/stm32f401ccu6/FreeRTOS_HelloWorld/ThirdParty/FreeRTOS" -I"/home/vdev/MyPrograms/os/freeRTOS/stm32f401ccu6/FreeRTOS_HelloWorld/ThirdParty/FreeRTOS/portable/GCC/ARM_CM4F" -I"/home/vdev/MyPrograms/os/freeRTOS/stm32f401ccu6/FreeRTOS_HelloWorld/ThirdParty/FreeRTOS/include" -I../Drivers/STM32F4xx_HAL_Driver/Inc -I../Drivers/CMSIS/Device/ST/STM32F4xx/Include -I../Drivers/CMSIS/Include -O0 -ffunction-sections -fdata-sections -Wall -fstack-usage -fcyclomatic-complexity -MMD -MP -MF"Drivers/STM32F4xx_HAL_Driver/Src/stm32f4xx_ll_rcc.d" -MT"Drivers/STM32F4xx_HAL_Driver/Src/stm32f4xx_ll_rcc.o" --specs=nano.specs -mfpu=fpv4-sp-d16 -mfloat-abi=hard -mthumb -o "Drivers/STM32F4xx_HAL_Driver/Src/stm32f4xx_ll_rcc.o"
arm-none-eabi-gcc "../Drivers/STM32F4xx_HAL_Driver/Src/stm32f4xx_ll_utils.c" -mcpu=cortex-m4 -std=gnu11 -g3 -DDEBUG -DSTM32F401xC -DUSE_FULL_LL_DRIVER -DHSE_VALUE=25000000 -DHSE_STARTUP_TIMEOUT=100 -DLSE_STARTUP_TIMEOUT=5000 -DLSE_VALUE=32768 -DEXTERNAL_CLOCK_VALUE=12288000 -DHSI_VALUE=16000000 -DLSI_VALUE=32000 -DVDD_VALUE=3300 -DPREFETCH_ENABLE=1 -DINSTRUCTION_CACHE_ENABLE=1 -DDATA_CACHE_ENABLE=1 -c -I../Core/Inc -I"/home/vdev/MyPrograms/os/freeRTOS/stm32f401ccu6/FreeRTOS_HelloWorld/ThirdParty/FreeRTOS" -I"/home/vdev/MyPrograms/os/freeRTOS/stm32f401ccu6/FreeRTOS_HelloWorld/ThirdParty/FreeRTOS/portable/GCC/ARM_CM4F" -I"/home/vdev/MyPrograms/os/freeRTOS/stm32f401ccu6/FreeRTOS_HelloWorld/ThirdParty/FreeRTOS/include" -I../Drivers/STM32F4xx_HAL_Driver/Inc -I../Drivers/CMSIS/Device/ST/STM32F4xx/Include -I../Drivers/CMSIS/Include -O0 -ffunction-sections -fdata-sections -Wall -fstack-usage -fcyclomatic-complexity -MMD -MP -MF"Drivers/STM32F4xx_HAL_Driver/Src/stm32f4xx_ll_utils.d" -MT"Drivers/STM32F4xx_HAL_Driver/Src/stm32f4xx_ll_utils.o" --specs=nano.specs -mfpu=fpv4-sp-d16 -mfloat-abi=hard -mthumb -o "Drivers/STM32F4xx_HAL_Driver/Src/stm32f4xx_ll_utils.o"
arm-none-eabi-gcc -mcpu=cortex-m4 -g3 -DDEBUG -c -x assembler-with-cpp -MMD -MP -MF"Core/Startup/startup_stm32f401ccux.d" -MT"Core/Startup/startup_stm32f401ccux.o" --specs=nano.specs -mfpu=fpv4-sp-d16 -mfloat-abi=hard -mthumb -o "Core/Startup/startup_stm32f401ccux.o" "../Core/Startup/startup_stm32f401ccux.s"
arm-none-eabi-gcc "../Core/Src/main.c" -mcpu=cortex-m4 -std=gnu11 -g3 -DDEBUG -DSTM32F401xC -DUSE_FULL_LL_DRIVER -DHSE_VALUE=25000000 -DHSE_STARTUP_TIMEOUT=100 -DLSE_STARTUP_TIMEOUT=5000 -DLSE_VALUE=32768 -DEXTERNAL_CLOCK_VALUE=12288000 -DHSI_VALUE=16000000 -DLSI_VALUE=32000 -DVDD_VALUE=3300 -DPREFETCH_ENABLE=1 -DINSTRUCTION_CACHE_ENABLE=1 -DDATA_CACHE_ENABLE=1 -c -I../Core/Inc -I"/home/vdev/MyPrograms/os/freeRTOS/stm32f401ccu6/FreeRTOS_HelloWorld/ThirdParty/FreeRTOS" -I"/home/vdev/MyPrograms/os/freeRTOS/stm32f401ccu6/FreeRTOS_HelloWorld/ThirdParty/FreeRTOS/portable/GCC/ARM_CM4F" -I"/home/vdev/MyPrograms/os/freeRTOS/stm32f401ccu6/FreeRTOS_HelloWorld/ThirdParty/FreeRTOS/include" -I../Drivers/STM32F4xx_HAL_Driver/Inc -I../Drivers/CMSIS/Device/ST/STM32F4xx/Include -I../Drivers/CMSIS/Include -O0 -ffunction-sections -fdata-sections -Wall -fstack-usage -fcyclomatic-complexity -MMD -MP -MF"Core/Src/main.d" -MT"Core/Src/main.o" --specs=nano.specs -mfpu=fpv4-sp-d16 -mfloat-abi=hard -mthumb -o "Core/Src/main.o"
arm-none-eabi-gcc "../Core/Src/stm32f4xx_it.c" -mcpu=cortex-m4 -std=gnu11 -g3 -DDEBUG -DSTM32F401xC -DUSE_FULL_LL_DRIVER -DHSE_VALUE=25000000 -DHSE_STARTUP_TIMEOUT=100 -DLSE_STARTUP_TIMEOUT=5000 -DLSE_VALUE=32768 -DEXTERNAL_CLOCK_VALUE=12288000 -DHSI_VALUE=16000000 -DLSI_VALUE=32000 -DVDD_VALUE=3300 -DPREFETCH_ENABLE=1 -DINSTRUCTION_CACHE_ENABLE=1 -DDATA_CACHE_ENABLE=1 -c -I../Core/Inc -I"/home/vdev/MyPrograms/os/freeRTOS/stm32f401ccu6/FreeRTOS_HelloWorld/ThirdParty/FreeRTOS" -I"/home/vdev/MyPrograms/os/freeRTOS/stm32f401ccu6/FreeRTOS_HelloWorld/ThirdParty/FreeRTOS/portable/GCC/ARM_CM4F" -I"/home/vdev/MyPrograms/os/freeRTOS/stm32f401ccu6/FreeRTOS_HelloWorld/ThirdParty/FreeRTOS/include" -I../Drivers/STM32F4xx_HAL_Driver/Inc -I../Drivers/CMSIS/Device/ST/STM32F4xx/Include -I../Drivers/CMSIS/Include -O0 -ffunction-sections -fdata-sections -Wall -fstack-usage -fcyclomatic-complexity -MMD -MP -MF"Core/Src/stm32f4xx_it.d" -MT"Core/Src/stm32f4xx_it.o" --specs=nano.specs -mfpu=fpv4-sp-d16 -mfloat-abi=hard -mthumb -o "Core/Src/stm32f4xx_it.o"
arm-none-eabi-gcc "../Core/Src/syscalls.c" -mcpu=cortex-m4 -std=gnu11 -g3 -DDEBUG -DSTM32F401xC -DUSE_FULL_LL_DRIVER -DHSE_VALUE=25000000 -DHSE_STARTUP_TIMEOUT=100 -DLSE_STARTUP_TIMEOUT=5000 -DLSE_VALUE=32768 -DEXTERNAL_CLOCK_VALUE=12288000 -DHSI_VALUE=16000000 -DLSI_VALUE=32000 -DVDD_VALUE=3300 -DPREFETCH_ENABLE=1 -DINSTRUCTION_CACHE_ENABLE=1 -DDATA_CACHE_ENABLE=1 -c -I../Core/Inc -I"/home/vdev/MyPrograms/os/freeRTOS/stm32f401ccu6/FreeRTOS_HelloWorld/ThirdParty/FreeRTOS" -I"/home/vdev/MyPrograms/os/freeRTOS/stm32f401ccu6/FreeRTOS_HelloWorld/ThirdParty/FreeRTOS/portable/GCC/ARM_CM4F" -I"/home/vdev/MyPrograms/os/freeRTOS/stm32f401ccu6/FreeRTOS_HelloWorld/ThirdParty/FreeRTOS/include" -I../Drivers/STM32F4xx_HAL_Driver/Inc -I../Drivers/CMSIS/Device/ST/STM32F4xx/Include -I../Drivers/CMSIS/Include -O0 -ffunction-sections -fdata-sections -Wall -fstack-usage -fcyclomatic-complexity -MMD -MP -MF"Core/Src/syscalls.d" -MT"Core/Src/syscalls.o" --specs=nano.specs -mfpu=fpv4-sp-d16 -mfloat-abi=hard -mthumb -o "Core/Src/syscalls.o"
arm-none-eabi-gcc "../Core/Src/sysmem.c" -mcpu=cortex-m4 -std=gnu11 -g3 -DDEBUG -DSTM32F401xC -DUSE_FULL_LL_DRIVER -DHSE_VALUE=25000000 -DHSE_STARTUP_TIMEOUT=100 -DLSE_STARTUP_TIMEOUT=5000 -DLSE_VALUE=32768 -DEXTERNAL_CLOCK_VALUE=12288000 -DHSI_VALUE=16000000 -DLSI_VALUE=32000 -DVDD_VALUE=3300 -DPREFETCH_ENABLE=1 -DINSTRUCTION_CACHE_ENABLE=1 -DDATA_CACHE_ENABLE=1 -c -I../Core/Inc -I"/home/vdev/MyPrograms/os/freeRTOS/stm32f401ccu6/FreeRTOS_HelloWorld/ThirdParty/FreeRTOS" -I"/home/vdev/MyPrograms/os/freeRTOS/stm32f401ccu6/FreeRTOS_HelloWorld/ThirdParty/FreeRTOS/portable/GCC/ARM_CM4F" -I"/home/vdev/MyPrograms/os/freeRTOS/stm32f401ccu6/FreeRTOS_HelloWorld/ThirdParty/FreeRTOS/include" -I../Drivers/STM32F4xx_HAL_Driver/Inc -I../Drivers/CMSIS/Device/ST/STM32F4xx/Include -I../Drivers/CMSIS/Include -O0 -ffunction-sections -fdata-sections -Wall -fstack-usage -fcyclomatic-complexity -MMD -MP -MF"Core/Src/sysmem.d" -MT"Core/Src/sysmem.o" --specs=nano.specs -mfpu=fpv4-sp-d16 -mfloat-abi=hard -mthumb -o "Core/Src/sysmem.o"
arm-none-eabi-gcc "../Core/Src/system_stm32f4xx.c" -mcpu=cortex-m4 -std=gnu11 -g3 -DDEBUG -DSTM32F401xC -DUSE_FULL_LL_DRIVER -DHSE_VALUE=25000000 -DHSE_STARTUP_TIMEOUT=100 -DLSE_STARTUP_TIMEOUT=5000 -DLSE_VALUE=32768 -DEXTERNAL_CLOCK_VALUE=12288000 -DHSI_VALUE=16000000 -DLSI_VALUE=32000 -DVDD_VALUE=3300 -DPREFETCH_ENABLE=1 -DINSTRUCTION_CACHE_ENABLE=1 -DDATA_CACHE_ENABLE=1 -c -I../Core/Inc -I"/home/vdev/MyPrograms/os/freeRTOS/stm32f401ccu6/FreeRTOS_HelloWorld/ThirdParty/FreeRTOS" -I"/home/vdev/MyPrograms/os/freeRTOS/stm32f401ccu6/FreeRTOS_HelloWorld/ThirdParty/FreeRTOS/portable/GCC/ARM_CM4F" -I"/home/vdev/MyPrograms/os/freeRTOS/stm32f401ccu6/FreeRTOS_HelloWorld/ThirdParty/FreeRTOS/include" -I../Drivers/STM32F4xx_HAL_Driver/Inc -I../Drivers/CMSIS/Device/ST/STM32F4xx/Include -I../Drivers/CMSIS/Include -O0 -ffunction-sections -fdata-sections -Wall -fstack-usage -fcyclomatic-complexity -MMD -MP -MF"Core/Src/system_stm32f4xx.d" -MT"Core/Src/system_stm32f4xx.o" --specs=nano.specs -mfpu=fpv4-sp-d16 -mfloat-abi=hard -mthumb -o "Core/Src/system_stm32f4xx.o"
arm-none-eabi-gcc -o "FreeRTOS_HelloWorld.elf" @"objects.list"   -mcpu=cortex-m4 -T"/home/vdev/MyPrograms/os/freeRTOS/stm32f401ccu6/FreeRTOS_HelloWorld/STM32F401CCUX_FLASH.ld" --specs=nosys.specs -Wl,-Map="FreeRTOS_HelloWorld.map" -Wl,--gc-sections -static --specs=nano.specs -mfpu=fpv4-sp-d16 -mfloat-abi=hard -mthumb -Wl,--start-group -lc -lm -Wl,--end-group
Finished building target: FreeRTOS_HelloWorld.elf
 
arm-none-eabi-size  FreeRTOS_HelloWorld.elf 
arm-none-eabi-objdump -h -S FreeRTOS_HelloWorld.elf  > "FreeRTOS_HelloWorld.list"
   text	   data	    bss	    dec	    hex	filename
  14628	    100	  58644	  73372	  11e9c	FreeRTOS_HelloWorld.elf
Finished building: default.size.stdout
 
Finished building: FreeRTOS_HelloWorld.list
 
21:33:11 **** Incremental Build of configuration Debug for project FreeRTOS_HelloWorld ****
make -j8 all 
arm-none-eabi-size  FreeRTOS_HelloWorld.elf 
   text	   data	    bss	    dec	    hex	filename
  14628	    100	  58644	  73372	  11e9c	FreeRTOS_HelloWorld.elf
Finished building: default.size.stdout
 
21:34:15 **** Incremental Build of configuration Debug for project FreeRTOS_HelloWorld ****
make -j8 all 
arm-none-eabi-size  FreeRTOS_HelloWorld.elf 
   text	   data	    bss	    dec	    hex	filename
  14628	    100	  58644	  73372	  11e9c	FreeRTOS_HelloWorld.elf
Finished building: default.size.stdout
 
21:34:37 **** Incremental Build of configuration Debug for project FreeRTOS_HelloWorld ****
make -j8 all 
arm-none-eabi-size  FreeRTOS_HelloWorld.elf 
   text	   data	    bss	    dec	    hex	filename
  14628	    100	  58644	  73372	  11e9c	FreeRTOS_HelloWorld.elf
Finished building: default.size.stdout
 
21:35:54 **** Incremental Build of configuration Debug for project FreeRTOS_HelloWorld ****
make -j8 all 
arm-none-eabi-gcc "../ThirdParty/FreeRTOS/portable/MemMang/heap_4.c" -mcpu=cortex-m4 -std=gnu11 -g3 -DDEBUG -DSTM32F401xC -DUSE_FULL_LL_DRIVER -DHSE_VALUE=25000000 -DHSE_STARTUP_TIMEOUT=100 -DLSE_STARTUP_TIMEOUT=5000 -DLSE_VALUE=32768 -DEXTERNAL_CLOCK_VALUE=12288000 -DHSI_VALUE=16000000 -DLSI_VALUE=32000 -DVDD_VALUE=3300 -DPREFETCH_ENABLE=1 -DINSTRUCTION_CACHE_ENABLE=1 -DDATA_CACHE_ENABLE=1 -c -I../Core/Inc -I"/home/vdev/MyPrograms/os/freeRTOS/stm32f401ccu6/FreeRTOS_HelloWorld/ThirdParty/FreeRTOS" -I"/home/vdev/MyPrograms/os/freeRTOS/stm32f401ccu6/FreeRTOS_HelloWorld/ThirdParty/FreeRTOS/portable/GCC/ARM_CM4F" -I"/home/vdev/MyPrograms/os/freeRTOS/stm32f401ccu6/FreeRTOS_HelloWorld/ThirdParty/FreeRTOS/include" -I../Drivers/STM32F4xx_HAL_Driver/Inc -I../Drivers/CMSIS/Device/ST/STM32F4xx/Include -I../Drivers/CMSIS/Include -O0 -ffunction-sections -fdata-sections -Wall -fstack-usage -fcyclomatic-complexity -MMD -MP -MF"ThirdParty/FreeRTOS/portable/MemMang/heap_4.d" -MT"ThirdParty/FreeRTOS/portable/MemMang/heap_4.o" --specs=nano.specs -mfpu=fpv4-sp-d16 -mfloat-abi=hard -mthumb -o "ThirdParty/FreeRTOS/portable/MemMang/heap_4.o"
arm-none-eabi-gcc "../ThirdParty/FreeRTOS/portable/GCC/ARM_CM4F/port.c" -mcpu=cortex-m4 -std=gnu11 -g3 -DDEBUG -DSTM32F401xC -DUSE_FULL_LL_DRIVER -DHSE_VALUE=25000000 -DHSE_STARTUP_TIMEOUT=100 -DLSE_STARTUP_TIMEOUT=5000 -DLSE_VALUE=32768 -DEXTERNAL_CLOCK_VALUE=12288000 -DHSI_VALUE=16000000 -DLSI_VALUE=32000 -DVDD_VALUE=3300 -DPREFETCH_ENABLE=1 -DINSTRUCTION_CACHE_ENABLE=1 -DDATA_CACHE_ENABLE=1 -c -I../Core/Inc -I"/home/vdev/MyPrograms/os/freeRTOS/stm32f401ccu6/FreeRTOS_HelloWorld/ThirdParty/FreeRTOS" -I"/home/vdev/MyPrograms/os/freeRTOS/stm32f401ccu6/FreeRTOS_HelloWorld/ThirdParty/FreeRTOS/portable/GCC/ARM_CM4F" -I"/home/vdev/MyPrograms/os/freeRTOS/stm32f401ccu6/FreeRTOS_HelloWorld/ThirdParty/FreeRTOS/include" -I../Drivers/STM32F4xx_HAL_Driver/Inc -I../Drivers/CMSIS/Device/ST/STM32F4xx/Include -I../Drivers/CMSIS/Include -O0 -ffunction-sections -fdata-sections -Wall -fstack-usage -fcyclomatic-complexity -MMD -MP -MF"ThirdParty/FreeRTOS/portable/GCC/ARM_CM4F/port.d" -MT"ThirdParty/FreeRTOS/portable/GCC/ARM_CM4F/port.o" --specs=nano.specs -mfpu=fpv4-sp-d16 -mfloat-abi=hard -mthumb -o "ThirdParty/FreeRTOS/portable/GCC/ARM_CM4F/port.o"
arm-none-eabi-gcc "../ThirdParty/FreeRTOS/croutine.c" -mcpu=cortex-m4 -std=gnu11 -g3 -DDEBUG -DSTM32F401xC -DUSE_FULL_LL_DRIVER -DHSE_VALUE=25000000 -DHSE_STARTUP_TIMEOUT=100 -DLSE_STARTUP_TIMEOUT=5000 -DLSE_VALUE=32768 -DEXTERNAL_CLOCK_VALUE=12288000 -DHSI_VALUE=16000000 -DLSI_VALUE=32000 -DVDD_VALUE=3300 -DPREFETCH_ENABLE=1 -DINSTRUCTION_CACHE_ENABLE=1 -DDATA_CACHE_ENABLE=1 -c -I../Core/Inc -I"/home/vdev/MyPrograms/os/freeRTOS/stm32f401ccu6/FreeRTOS_HelloWorld/ThirdParty/FreeRTOS" -I"/home/vdev/MyPrograms/os/freeRTOS/stm32f401ccu6/FreeRTOS_HelloWorld/ThirdParty/FreeRTOS/portable/GCC/ARM_CM4F" -I"/home/vdev/MyPrograms/os/freeRTOS/stm32f401ccu6/FreeRTOS_HelloWorld/ThirdParty/FreeRTOS/include" -I../Drivers/STM32F4xx_HAL_Driver/Inc -I../Drivers/CMSIS/Device/ST/STM32F4xx/Include -I../Drivers/CMSIS/Include -O0 -ffunction-sections -fdata-sections -Wall -fstack-usage -fcyclomatic-complexity -MMD -MP -MF"ThirdParty/FreeRTOS/croutine.d" -MT"ThirdParty/FreeRTOS/croutine.o" --specs=nano.specs -mfpu=fpv4-sp-d16 -mfloat-abi=hard -mthumb -o "ThirdParty/FreeRTOS/croutine.o"
arm-none-eabi-gcc "../ThirdParty/FreeRTOS/event_groups.c" -mcpu=cortex-m4 -std=gnu11 -g3 -DDEBUG -DSTM32F401xC -DUSE_FULL_LL_DRIVER -DHSE_VALUE=25000000 -DHSE_STARTUP_TIMEOUT=100 -DLSE_STARTUP_TIMEOUT=5000 -DLSE_VALUE=32768 -DEXTERNAL_CLOCK_VALUE=12288000 -DHSI_VALUE=16000000 -DLSI_VALUE=32000 -DVDD_VALUE=3300 -DPREFETCH_ENABLE=1 -DINSTRUCTION_CACHE_ENABLE=1 -DDATA_CACHE_ENABLE=1 -c -I../Core/Inc -I"/home/vdev/MyPrograms/os/freeRTOS/stm32f401ccu6/FreeRTOS_HelloWorld/ThirdParty/FreeRTOS" -I"/home/vdev/MyPrograms/os/freeRTOS/stm32f401ccu6/FreeRTOS_HelloWorld/ThirdParty/FreeRTOS/portable/GCC/ARM_CM4F" -I"/home/vdev/MyPrograms/os/freeRTOS/stm32f401ccu6/FreeRTOS_HelloWorld/ThirdParty/FreeRTOS/include" -I../Drivers/STM32F4xx_HAL_Driver/Inc -I../Drivers/CMSIS/Device/ST/STM32F4xx/Include -I../Drivers/CMSIS/Include -O0 -ffunction-sections -fdata-sections -Wall -fstack-usage -fcyclomatic-complexity -MMD -MP -MF"ThirdParty/FreeRTOS/event_groups.d" -MT"ThirdParty/FreeRTOS/event_groups.o" --specs=nano.specs -mfpu=fpv4-sp-d16 -mfloat-abi=hard -mthumb -o "ThirdParty/FreeRTOS/event_groups.o"
arm-none-eabi-gcc "../ThirdParty/FreeRTOS/list.c" -mcpu=cortex-m4 -std=gnu11 -g3 -DDEBUG -DSTM32F401xC -DUSE_FULL_LL_DRIVER -DHSE_VALUE=25000000 -DHSE_STARTUP_TIMEOUT=100 -DLSE_STARTUP_TIMEOUT=5000 -DLSE_VALUE=32768 -DEXTERNAL_CLOCK_VALUE=12288000 -DHSI_VALUE=16000000 -DLSI_VALUE=32000 -DVDD_VALUE=3300 -DPREFETCH_ENABLE=1 -DINSTRUCTION_CACHE_ENABLE=1 -DDATA_CACHE_ENABLE=1 -c -I../Core/Inc -I"/home/vdev/MyPrograms/os/freeRTOS/stm32f401ccu6/FreeRTOS_HelloWorld/ThirdParty/FreeRTOS" -I"/home/vdev/MyPrograms/os/freeRTOS/stm32f401ccu6/FreeRTOS_HelloWorld/ThirdParty/FreeRTOS/portable/GCC/ARM_CM4F" -I"/home/vdev/MyPrograms/os/freeRTOS/stm32f401ccu6/FreeRTOS_HelloWorld/ThirdParty/FreeRTOS/include" -I../Drivers/STM32F4xx_HAL_Driver/Inc -I../Drivers/CMSIS/Device/ST/STM32F4xx/Include -I../Drivers/CMSIS/Include -O0 -ffunction-sections -fdata-sections -Wall -fstack-usage -fcyclomatic-complexity -MMD -MP -MF"ThirdParty/FreeRTOS/list.d" -MT"ThirdParty/FreeRTOS/list.o" --specs=nano.specs -mfpu=fpv4-sp-d16 -mfloat-abi=hard -mthumb -o "ThirdParty/FreeRTOS/list.o"
arm-none-eabi-gcc "../ThirdParty/FreeRTOS/queue.c" -mcpu=cortex-m4 -std=gnu11 -g3 -DDEBUG -DSTM32F401xC -DUSE_FULL_LL_DRIVER -DHSE_VALUE=25000000 -DHSE_STARTUP_TIMEOUT=100 -DLSE_STARTUP_TIMEOUT=5000 -DLSE_VALUE=32768 -DEXTERNAL_CLOCK_VALUE=12288000 -DHSI_VALUE=16000000 -DLSI_VALUE=32000 -DVDD_VALUE=3300 -DPREFETCH_ENABLE=1 -DINSTRUCTION_CACHE_ENABLE=1 -DDATA_CACHE_ENABLE=1 -c -I../Core/Inc -I"/home/vdev/MyPrograms/os/freeRTOS/stm32f401ccu6/FreeRTOS_HelloWorld/ThirdParty/FreeRTOS" -I"/home/vdev/MyPrograms/os/freeRTOS/stm32f401ccu6/FreeRTOS_HelloWorld/ThirdParty/FreeRTOS/portable/GCC/ARM_CM4F" -I"/home/vdev/MyPrograms/os/freeRTOS/stm32f401ccu6/FreeRTOS_HelloWorld/ThirdParty/FreeRTOS/include" -I../Drivers/STM32F4xx_HAL_Driver/Inc -I../Drivers/CMSIS/Device/ST/STM32F4xx/Include -I../Drivers/CMSIS/Include -O0 -ffunction-sections -fdata-sections -Wall -fstack-usage -fcyclomatic-complexity -MMD -MP -MF"ThirdParty/FreeRTOS/queue.d" -MT"ThirdParty/FreeRTOS/queue.o" --specs=nano.specs -mfpu=fpv4-sp-d16 -mfloat-abi=hard -mthumb -o "ThirdParty/FreeRTOS/queue.o"
arm-none-eabi-gcc "../ThirdParty/FreeRTOS/stream_buffer.c" -mcpu=cortex-m4 -std=gnu11 -g3 -DDEBUG -DSTM32F401xC -DUSE_FULL_LL_DRIVER -DHSE_VALUE=25000000 -DHSE_STARTUP_TIMEOUT=100 -DLSE_STARTUP_TIMEOUT=5000 -DLSE_VALUE=32768 -DEXTERNAL_CLOCK_VALUE=12288000 -DHSI_VALUE=16000000 -DLSI_VALUE=32000 -DVDD_VALUE=3300 -DPREFETCH_ENABLE=1 -DINSTRUCTION_CACHE_ENABLE=1 -DDATA_CACHE_ENABLE=1 -c -I../Core/Inc -I"/home/vdev/MyPrograms/os/freeRTOS/stm32f401ccu6/FreeRTOS_HelloWorld/ThirdParty/FreeRTOS" -I"/home/vdev/MyPrograms/os/freeRTOS/stm32f401ccu6/FreeRTOS_HelloWorld/ThirdParty/FreeRTOS/portable/GCC/ARM_CM4F" -I"/home/vdev/MyPrograms/os/freeRTOS/stm32f401ccu6/FreeRTOS_HelloWorld/ThirdParty/FreeRTOS/include" -I../Drivers/STM32F4xx_HAL_Driver/Inc -I../Drivers/CMSIS/Device/ST/STM32F4xx/Include -I../Drivers/CMSIS/Include -O0 -ffunction-sections -fdata-sections -Wall -fstack-usage -fcyclomatic-complexity -MMD -MP -MF"ThirdParty/FreeRTOS/stream_buffer.d" -MT"ThirdParty/FreeRTOS/stream_buffer.o" --specs=nano.specs -mfpu=fpv4-sp-d16 -mfloat-abi=hard -mthumb -o "ThirdParty/FreeRTOS/stream_buffer.o"
arm-none-eabi-gcc "../ThirdParty/FreeRTOS/tasks.c" -mcpu=cortex-m4 -std=gnu11 -g3 -DDEBUG -DSTM32F401xC -DUSE_FULL_LL_DRIVER -DHSE_VALUE=25000000 -DHSE_STARTUP_TIMEOUT=100 -DLSE_STARTUP_TIMEOUT=5000 -DLSE_VALUE=32768 -DEXTERNAL_CLOCK_VALUE=12288000 -DHSI_VALUE=16000000 -DLSI_VALUE=32000 -DVDD_VALUE=3300 -DPREFETCH_ENABLE=1 -DINSTRUCTION_CACHE_ENABLE=1 -DDATA_CACHE_ENABLE=1 -c -I../Core/Inc -I"/home/vdev/MyPrograms/os/freeRTOS/stm32f401ccu6/FreeRTOS_HelloWorld/ThirdParty/FreeRTOS" -I"/home/vdev/MyPrograms/os/freeRTOS/stm32f401ccu6/FreeRTOS_HelloWorld/ThirdParty/FreeRTOS/portable/GCC/ARM_CM4F" -I"/home/vdev/MyPrograms/os/freeRTOS/stm32f401ccu6/FreeRTOS_HelloWorld/ThirdParty/FreeRTOS/include" -I../Drivers/STM32F4xx_HAL_Driver/Inc -I../Drivers/CMSIS/Device/ST/STM32F4xx/Include -I../Drivers/CMSIS/Include -O0 -ffunction-sections -fdata-sections -Wall -fstack-usage -fcyclomatic-complexity -MMD -MP -MF"ThirdParty/FreeRTOS/tasks.d" -MT"ThirdParty/FreeRTOS/tasks.o" --specs=nano.specs -mfpu=fpv4-sp-d16 -mfloat-abi=hard -mthumb -o "ThirdParty/FreeRTOS/tasks.o"
arm-none-eabi-gcc "../ThirdParty/FreeRTOS/timers.c" -mcpu=cortex-m4 -std=gnu11 -g3 -DDEBUG -DSTM32F401xC -DUSE_FULL_LL_DRIVER -DHSE_VALUE=25000000 -DHSE_STARTUP_TIMEOUT=100 -DLSE_STARTUP_TIMEOUT=5000 -DLSE_VALUE=32768 -DEXTERNAL_CLOCK_VALUE=12288000 -DHSI_VALUE=16000000 -DLSI_VALUE=32000 -DVDD_VALUE=3300 -DPREFETCH_ENABLE=1 -DINSTRUCTION_CACHE_ENABLE=1 -DDATA_CACHE_ENABLE=1 -c -I../Core/Inc -I"/home/vdev/MyPrograms/os/freeRTOS/stm32f401ccu6/FreeRTOS_HelloWorld/ThirdParty/FreeRTOS" -I"/home/vdev/MyPrograms/os/freeRTOS/stm32f401ccu6/FreeRTOS_HelloWorld/ThirdParty/FreeRTOS/portable/GCC/ARM_CM4F" -I"/home/vdev/MyPrograms/os/freeRTOS/stm32f401ccu6/FreeRTOS_HelloWorld/ThirdParty/FreeRTOS/include" -I../Drivers/STM32F4xx_HAL_Driver/Inc -I../Drivers/CMSIS/Device/ST/STM32F4xx/Include -I../Drivers/CMSIS/Include -O0 -ffunction-sections -fdata-sections -Wall -fstack-usage -fcyclomatic-complexity -MMD -MP -MF"ThirdParty/FreeRTOS/timers.d" -MT"ThirdParty/FreeRTOS/timers.o" --specs=nano.specs -mfpu=fpv4-sp-d16 -mfloat-abi=hard -mthumb -o "ThirdParty/FreeRTOS/timers.o"
arm-none-eabi-gcc "../Core/Src/main.c" -mcpu=cortex-m4 -std=gnu11 -g3 -DDEBUG -DSTM32F401xC -DUSE_FULL_LL_DRIVER -DHSE_VALUE=25000000 -DHSE_STARTUP_TIMEOUT=100 -DLSE_STARTUP_TIMEOUT=5000 -DLSE_VALUE=32768 -DEXTERNAL_CLOCK_VALUE=12288000 -DHSI_VALUE=16000000 -DLSI_VALUE=32000 -DVDD_VALUE=3300 -DPREFETCH_ENABLE=1 -DINSTRUCTION_CACHE_ENABLE=1 -DDATA_CACHE_ENABLE=1 -c -I../Core/Inc -I"/home/vdev/MyPrograms/os/freeRTOS/stm32f401ccu6/FreeRTOS_HelloWorld/ThirdParty/FreeRTOS" -I"/home/vdev/MyPrograms/os/freeRTOS/stm32f401ccu6/FreeRTOS_HelloWorld/ThirdParty/FreeRTOS/portable/GCC/ARM_CM4F" -I"/home/vdev/MyPrograms/os/freeRTOS/stm32f401ccu6/FreeRTOS_HelloWorld/ThirdParty/FreeRTOS/include" -I../Drivers/STM32F4xx_HAL_Driver/Inc -I../Drivers/CMSIS/Device/ST/STM32F4xx/Include -I../Drivers/CMSIS/Include -O0 -ffunction-sections -fdata-sections -Wall -fstack-usage -fcyclomatic-complexity -MMD -MP -MF"Core/Src/main.d" -MT"Core/Src/main.o" --specs=nano.specs -mfpu=fpv4-sp-d16 -mfloat-abi=hard -mthumb -o "Core/Src/main.o"
arm-none-eabi-gcc -o "FreeRTOS_HelloWorld.elf" @"objects.list"   -mcpu=cortex-m4 -T"/home/vdev/MyPrograms/os/freeRTOS/stm32f401ccu6/FreeRTOS_HelloWorld/STM32F401CCUX_FLASH.ld" --specs=nosys.specs -Wl,-Map="FreeRTOS_HelloWorld.map" -Wl,--gc-sections -static --specs=nano.specs -mfpu=fpv4-sp-d16 -mfloat-abi=hard -mthumb -Wl,--start-group -lc -lm -Wl,--end-group
Finished building target: FreeRTOS_HelloWorld.elf
 
arm-none-eabi-size  FreeRTOS_HelloWorld.elf 
arm-none-eabi-objdump -h -S FreeRTOS_HelloWorld.elf  > "FreeRTOS_HelloWorld.list"
   text	   data	    bss	    dec	    hex	filename
  14628	    100	  63764	  78492	  1329c	FreeRTOS_HelloWorld.elf
Finished building: default.size.stdout
 
Finished building: FreeRTOS_HelloWorld.list
 
22:00:12 **** Incremental Build of configuration Debug for project FreeRTOS_HelloWorld ****
make -j8 all 
arm-none-eabi-size  FreeRTOS_HelloWorld.elf 
   text	   data	    bss	    dec	    hex	filename
  14628	    100	  63764	  78492	  1329c	FreeRTOS_HelloWorld.elf
Finished building: default.size.stdout
 
22:14:17 **** Incremental Build of configuration Debug for project FreeRTOS_HelloWorld ****
make -j8 all 
arm-none-eabi-gcc "../ThirdParty/FreeRTOS/portable/MemMang/heap_4.c" -mcpu=cortex-m4 -std=gnu11 -g3 -DDEBUG -DSTM32F401xC -DUSE_FULL_LL_DRIVER -DHSE_VALUE=25000000 -DHSE_STARTUP_TIMEOUT=100 -DLSE_STARTUP_TIMEOUT=5000 -DLSE_VALUE=32768 -DEXTERNAL_CLOCK_VALUE=12288000 -DHSI_VALUE=16000000 -DLSI_VALUE=32000 -DVDD_VALUE=3300 -DPREFETCH_ENABLE=1 -DINSTRUCTION_CACHE_ENABLE=1 -DDATA_CACHE_ENABLE=1 -c -I../Core/Inc -I"/home/vdev/MyPrograms/os/freeRTOS/stm32f401ccu6/FreeRTOS_HelloWorld/ThirdParty/FreeRTOS" -I"/home/vdev/MyPrograms/os/freeRTOS/stm32f401ccu6/FreeRTOS_HelloWorld/ThirdParty/FreeRTOS/portable/GCC/ARM_CM4F" -I"/home/vdev/MyPrograms/os/freeRTOS/stm32f401ccu6/FreeRTOS_HelloWorld/ThirdParty/FreeRTOS/include" -I../Drivers/STM32F4xx_HAL_Driver/Inc -I../Drivers/CMSIS/Device/ST/STM32F4xx/Include -I../Drivers/CMSIS/Include -O0 -ffunction-sections -fdata-sections -Wall -fstack-usage -fcyclomatic-complexity -MMD -MP -MF"ThirdParty/FreeRTOS/portable/MemMang/heap_4.d" -MT"ThirdParty/FreeRTOS/portable/MemMang/heap_4.o" --specs=nano.specs -mfpu=fpv4-sp-d16 -mfloat-abi=hard -mthumb -o "ThirdParty/FreeRTOS/portable/MemMang/heap_4.o"
arm-none-eabi-gcc "../ThirdParty/FreeRTOS/portable/GCC/ARM_CM4F/port.c" -mcpu=cortex-m4 -std=gnu11 -g3 -DDEBUG -DSTM32F401xC -DUSE_FULL_LL_DRIVER -DHSE_VALUE=25000000 -DHSE_STARTUP_TIMEOUT=100 -DLSE_STARTUP_TIMEOUT=5000 -DLSE_VALUE=32768 -DEXTERNAL_CLOCK_VALUE=12288000 -DHSI_VALUE=16000000 -DLSI_VALUE=32000 -DVDD_VALUE=3300 -DPREFETCH_ENABLE=1 -DINSTRUCTION_CACHE_ENABLE=1 -DDATA_CACHE_ENABLE=1 -c -I../Core/Inc -I"/home/vdev/MyPrograms/os/freeRTOS/stm32f401ccu6/FreeRTOS_HelloWorld/ThirdParty/FreeRTOS" -I"/home/vdev/MyPrograms/os/freeRTOS/stm32f401ccu6/FreeRTOS_HelloWorld/ThirdParty/FreeRTOS/portable/GCC/ARM_CM4F" -I"/home/vdev/MyPrograms/os/freeRTOS/stm32f401ccu6/FreeRTOS_HelloWorld/ThirdParty/FreeRTOS/include" -I../Drivers/STM32F4xx_HAL_Driver/Inc -I../Drivers/CMSIS/Device/ST/STM32F4xx/Include -I../Drivers/CMSIS/Include -O0 -ffunction-sections -fdata-sections -Wall -fstack-usage -fcyclomatic-complexity -MMD -MP -MF"ThirdParty/FreeRTOS/portable/GCC/ARM_CM4F/port.d" -MT"ThirdParty/FreeRTOS/portable/GCC/ARM_CM4F/port.o" --specs=nano.specs -mfpu=fpv4-sp-d16 -mfloat-abi=hard -mthumb -o "ThirdParty/FreeRTOS/portable/GCC/ARM_CM4F/port.o"
arm-none-eabi-gcc "../ThirdParty/FreeRTOS/croutine.c" -mcpu=cortex-m4 -std=gnu11 -g3 -DDEBUG -DSTM32F401xC -DUSE_FULL_LL_DRIVER -DHSE_VALUE=25000000 -DHSE_STARTUP_TIMEOUT=100 -DLSE_STARTUP_TIMEOUT=5000 -DLSE_VALUE=32768 -DEXTERNAL_CLOCK_VALUE=12288000 -DHSI_VALUE=16000000 -DLSI_VALUE=32000 -DVDD_VALUE=3300 -DPREFETCH_ENABLE=1 -DINSTRUCTION_CACHE_ENABLE=1 -DDATA_CACHE_ENABLE=1 -c -I../Core/Inc -I"/home/vdev/MyPrograms/os/freeRTOS/stm32f401ccu6/FreeRTOS_HelloWorld/ThirdParty/FreeRTOS" -I"/home/vdev/MyPrograms/os/freeRTOS/stm32f401ccu6/FreeRTOS_HelloWorld/ThirdParty/FreeRTOS/portable/GCC/ARM_CM4F" -I"/home/vdev/MyPrograms/os/freeRTOS/stm32f401ccu6/FreeRTOS_HelloWorld/ThirdParty/FreeRTOS/include" -I../Drivers/STM32F4xx_HAL_Driver/Inc -I../Drivers/CMSIS/Device/ST/STM32F4xx/Include -I../Drivers/CMSIS/Include -O0 -ffunction-sections -fdata-sections -Wall -fstack-usage -fcyclomatic-complexity -MMD -MP -MF"ThirdParty/FreeRTOS/croutine.d" -MT"ThirdParty/FreeRTOS/croutine.o" --specs=nano.specs -mfpu=fpv4-sp-d16 -mfloat-abi=hard -mthumb -o "ThirdParty/FreeRTOS/croutine.o"
arm-none-eabi-gcc "../ThirdParty/FreeRTOS/event_groups.c" -mcpu=cortex-m4 -std=gnu11 -g3 -DDEBUG -DSTM32F401xC -DUSE_FULL_LL_DRIVER -DHSE_VALUE=25000000 -DHSE_STARTUP_TIMEOUT=100 -DLSE_STARTUP_TIMEOUT=5000 -DLSE_VALUE=32768 -DEXTERNAL_CLOCK_VALUE=12288000 -DHSI_VALUE=16000000 -DLSI_VALUE=32000 -DVDD_VALUE=3300 -DPREFETCH_ENABLE=1 -DINSTRUCTION_CACHE_ENABLE=1 -DDATA_CACHE_ENABLE=1 -c -I../Core/Inc -I"/home/vdev/MyPrograms/os/freeRTOS/stm32f401ccu6/FreeRTOS_HelloWorld/ThirdParty/FreeRTOS" -I"/home/vdev/MyPrograms/os/freeRTOS/stm32f401ccu6/FreeRTOS_HelloWorld/ThirdParty/FreeRTOS/portable/GCC/ARM_CM4F" -I"/home/vdev/MyPrograms/os/freeRTOS/stm32f401ccu6/FreeRTOS_HelloWorld/ThirdParty/FreeRTOS/include" -I../Drivers/STM32F4xx_HAL_Driver/Inc -I../Drivers/CMSIS/Device/ST/STM32F4xx/Include -I../Drivers/CMSIS/Include -O0 -ffunction-sections -fdata-sections -Wall -fstack-usage -fcyclomatic-complexity -MMD -MP -MF"ThirdParty/FreeRTOS/event_groups.d" -MT"ThirdParty/FreeRTOS/event_groups.o" --specs=nano.specs -mfpu=fpv4-sp-d16 -mfloat-abi=hard -mthumb -o "ThirdParty/FreeRTOS/event_groups.o"
arm-none-eabi-gcc "../ThirdParty/FreeRTOS/list.c" -mcpu=cortex-m4 -std=gnu11 -g3 -DDEBUG -DSTM32F401xC -DUSE_FULL_LL_DRIVER -DHSE_VALUE=25000000 -DHSE_STARTUP_TIMEOUT=100 -DLSE_STARTUP_TIMEOUT=5000 -DLSE_VALUE=32768 -DEXTERNAL_CLOCK_VALUE=12288000 -DHSI_VALUE=16000000 -DLSI_VALUE=32000 -DVDD_VALUE=3300 -DPREFETCH_ENABLE=1 -DINSTRUCTION_CACHE_ENABLE=1 -DDATA_CACHE_ENABLE=1 -c -I../Core/Inc -I"/home/vdev/MyPrograms/os/freeRTOS/stm32f401ccu6/FreeRTOS_HelloWorld/ThirdParty/FreeRTOS" -I"/home/vdev/MyPrograms/os/freeRTOS/stm32f401ccu6/FreeRTOS_HelloWorld/ThirdParty/FreeRTOS/portable/GCC/ARM_CM4F" -I"/home/vdev/MyPrograms/os/freeRTOS/stm32f401ccu6/FreeRTOS_HelloWorld/ThirdParty/FreeRTOS/include" -I../Drivers/STM32F4xx_HAL_Driver/Inc -I../Drivers/CMSIS/Device/ST/STM32F4xx/Include -I../Drivers/CMSIS/Include -O0 -ffunction-sections -fdata-sections -Wall -fstack-usage -fcyclomatic-complexity -MMD -MP -MF"ThirdParty/FreeRTOS/list.d" -MT"ThirdParty/FreeRTOS/list.o" --specs=nano.specs -mfpu=fpv4-sp-d16 -mfloat-abi=hard -mthumb -o "ThirdParty/FreeRTOS/list.o"
arm-none-eabi-gcc "../ThirdParty/FreeRTOS/queue.c" -mcpu=cortex-m4 -std=gnu11 -g3 -DDEBUG -DSTM32F401xC -DUSE_FULL_LL_DRIVER -DHSE_VALUE=25000000 -DHSE_STARTUP_TIMEOUT=100 -DLSE_STARTUP_TIMEOUT=5000 -DLSE_VALUE=32768 -DEXTERNAL_CLOCK_VALUE=12288000 -DHSI_VALUE=16000000 -DLSI_VALUE=32000 -DVDD_VALUE=3300 -DPREFETCH_ENABLE=1 -DINSTRUCTION_CACHE_ENABLE=1 -DDATA_CACHE_ENABLE=1 -c -I../Core/Inc -I"/home/vdev/MyPrograms/os/freeRTOS/stm32f401ccu6/FreeRTOS_HelloWorld/ThirdParty/FreeRTOS" -I"/home/vdev/MyPrograms/os/freeRTOS/stm32f401ccu6/FreeRTOS_HelloWorld/ThirdParty/FreeRTOS/portable/GCC/ARM_CM4F" -I"/home/vdev/MyPrograms/os/freeRTOS/stm32f401ccu6/FreeRTOS_HelloWorld/ThirdParty/FreeRTOS/include" -I../Drivers/STM32F4xx_HAL_Driver/Inc -I../Drivers/CMSIS/Device/ST/STM32F4xx/Include -I../Drivers/CMSIS/Include -O0 -ffunction-sections -fdata-sections -Wall -fstack-usage -fcyclomatic-complexity -MMD -MP -MF"ThirdParty/FreeRTOS/queue.d" -MT"ThirdParty/FreeRTOS/queue.o" --specs=nano.specs -mfpu=fpv4-sp-d16 -mfloat-abi=hard -mthumb -o "ThirdParty/FreeRTOS/queue.o"
arm-none-eabi-gcc "../ThirdParty/FreeRTOS/stream_buffer.c" -mcpu=cortex-m4 -std=gnu11 -g3 -DDEBUG -DSTM32F401xC -DUSE_FULL_LL_DRIVER -DHSE_VALUE=25000000 -DHSE_STARTUP_TIMEOUT=100 -DLSE_STARTUP_TIMEOUT=5000 -DLSE_VALUE=32768 -DEXTERNAL_CLOCK_VALUE=12288000 -DHSI_VALUE=16000000 -DLSI_VALUE=32000 -DVDD_VALUE=3300 -DPREFETCH_ENABLE=1 -DINSTRUCTION_CACHE_ENABLE=1 -DDATA_CACHE_ENABLE=1 -c -I../Core/Inc -I"/home/vdev/MyPrograms/os/freeRTOS/stm32f401ccu6/FreeRTOS_HelloWorld/ThirdParty/FreeRTOS" -I"/home/vdev/MyPrograms/os/freeRTOS/stm32f401ccu6/FreeRTOS_HelloWorld/ThirdParty/FreeRTOS/portable/GCC/ARM_CM4F" -I"/home/vdev/MyPrograms/os/freeRTOS/stm32f401ccu6/FreeRTOS_HelloWorld/ThirdParty/FreeRTOS/include" -I../Drivers/STM32F4xx_HAL_Driver/Inc -I../Drivers/CMSIS/Device/ST/STM32F4xx/Include -I../Drivers/CMSIS/Include -O0 -ffunction-sections -fdata-sections -Wall -fstack-usage -fcyclomatic-complexity -MMD -MP -MF"ThirdParty/FreeRTOS/stream_buffer.d" -MT"ThirdParty/FreeRTOS/stream_buffer.o" --specs=nano.specs -mfpu=fpv4-sp-d16 -mfloat-abi=hard -mthumb -o "ThirdParty/FreeRTOS/stream_buffer.o"
arm-none-eabi-gcc "../ThirdParty/FreeRTOS/tasks.c" -mcpu=cortex-m4 -std=gnu11 -g3 -DDEBUG -DSTM32F401xC -DUSE_FULL_LL_DRIVER -DHSE_VALUE=25000000 -DHSE_STARTUP_TIMEOUT=100 -DLSE_STARTUP_TIMEOUT=5000 -DLSE_VALUE=32768 -DEXTERNAL_CLOCK_VALUE=12288000 -DHSI_VALUE=16000000 -DLSI_VALUE=32000 -DVDD_VALUE=3300 -DPREFETCH_ENABLE=1 -DINSTRUCTION_CACHE_ENABLE=1 -DDATA_CACHE_ENABLE=1 -c -I../Core/Inc -I"/home/vdev/MyPrograms/os/freeRTOS/stm32f401ccu6/FreeRTOS_HelloWorld/ThirdParty/FreeRTOS" -I"/home/vdev/MyPrograms/os/freeRTOS/stm32f401ccu6/FreeRTOS_HelloWorld/ThirdParty/FreeRTOS/portable/GCC/ARM_CM4F" -I"/home/vdev/MyPrograms/os/freeRTOS/stm32f401ccu6/FreeRTOS_HelloWorld/ThirdParty/FreeRTOS/include" -I../Drivers/STM32F4xx_HAL_Driver/Inc -I../Drivers/CMSIS/Device/ST/STM32F4xx/Include -I../Drivers/CMSIS/Include -O0 -ffunction-sections -fdata-sections -Wall -fstack-usage -fcyclomatic-complexity -MMD -MP -MF"ThirdParty/FreeRTOS/tasks.d" -MT"ThirdParty/FreeRTOS/tasks.o" --specs=nano.specs -mfpu=fpv4-sp-d16 -mfloat-abi=hard -mthumb -o "ThirdParty/FreeRTOS/tasks.o"
arm-none-eabi-gcc "../ThirdParty/FreeRTOS/timers.c" -mcpu=cortex-m4 -std=gnu11 -g3 -DDEBUG -DSTM32F401xC -DUSE_FULL_LL_DRIVER -DHSE_VALUE=25000000 -DHSE_STARTUP_TIMEOUT=100 -DLSE_STARTUP_TIMEOUT=5000 -DLSE_VALUE=32768 -DEXTERNAL_CLOCK_VALUE=12288000 -DHSI_VALUE=16000000 -DLSI_VALUE=32000 -DVDD_VALUE=3300 -DPREFETCH_ENABLE=1 -DINSTRUCTION_CACHE_ENABLE=1 -DDATA_CACHE_ENABLE=1 -c -I../Core/Inc -I"/home/vdev/MyPrograms/os/freeRTOS/stm32f401ccu6/FreeRTOS_HelloWorld/ThirdParty/FreeRTOS" -I"/home/vdev/MyPrograms/os/freeRTOS/stm32f401ccu6/FreeRTOS_HelloWorld/ThirdParty/FreeRTOS/portable/GCC/ARM_CM4F" -I"/home/vdev/MyPrograms/os/freeRTOS/stm32f401ccu6/FreeRTOS_HelloWorld/ThirdParty/FreeRTOS/include" -I../Drivers/STM32F4xx_HAL_Driver/Inc -I../Drivers/CMSIS/Device/ST/STM32F4xx/Include -I../Drivers/CMSIS/Include -O0 -ffunction-sections -fdata-sections -Wall -fstack-usage -fcyclomatic-complexity -MMD -MP -MF"ThirdParty/FreeRTOS/timers.d" -MT"ThirdParty/FreeRTOS/timers.o" --specs=nano.specs -mfpu=fpv4-sp-d16 -mfloat-abi=hard -mthumb -o "ThirdParty/FreeRTOS/timers.o"
arm-none-eabi-gcc "../Core/Src/main.c" -mcpu=cortex-m4 -std=gnu11 -g3 -DDEBUG -DSTM32F401xC -DUSE_FULL_LL_DRIVER -DHSE_VALUE=25000000 -DHSE_STARTUP_TIMEOUT=100 -DLSE_STARTUP_TIMEOUT=5000 -DLSE_VALUE=32768 -DEXTERNAL_CLOCK_VALUE=12288000 -DHSI_VALUE=16000000 -DLSI_VALUE=32000 -DVDD_VALUE=3300 -DPREFETCH_ENABLE=1 -DINSTRUCTION_CACHE_ENABLE=1 -DDATA_CACHE_ENABLE=1 -c -I../Core/Inc -I"/home/vdev/MyPrograms/os/freeRTOS/stm32f401ccu6/FreeRTOS_HelloWorld/ThirdParty/FreeRTOS" -I"/home/vdev/MyPrograms/os/freeRTOS/stm32f401ccu6/FreeRTOS_HelloWorld/ThirdParty/FreeRTOS/portable/GCC/ARM_CM4F" -I"/home/vdev/MyPrograms/os/freeRTOS/stm32f401ccu6/FreeRTOS_HelloWorld/ThirdParty/FreeRTOS/include" -I../Drivers/STM32F4xx_HAL_Driver/Inc -I../Drivers/CMSIS/Device/ST/STM32F4xx/Include -I../Drivers/CMSIS/Include -O0 -ffunction-sections -fdata-sections -Wall -fstack-usage -fcyclomatic-complexity -MMD -MP -MF"Core/Src/main.d" -MT"Core/Src/main.o" --specs=nano.specs -mfpu=fpv4-sp-d16 -mfloat-abi=hard -mthumb -o "Core/Src/main.o"
arm-none-eabi-gcc -o "FreeRTOS_HelloWorld.elf" @"objects.list"   -mcpu=cortex-m4 -T"/home/vdev/MyPrograms/os/freeRTOS/stm32f401ccu6/FreeRTOS_HelloWorld/STM32F401CCUX_FLASH.ld" --specs=nosys.specs -Wl,-Map="FreeRTOS_HelloWorld.map" -Wl,--gc-sections -static --specs=nano.specs -mfpu=fpv4-sp-d16 -mfloat-abi=hard -mthumb -Wl,--start-group -lc -lm -Wl,--end-group
Finished building target: FreeRTOS_HelloWorld.elf
 
arm-none-eabi-size  FreeRTOS_HelloWorld.elf 
arm-none-eabi-objdump -h -S FreeRTOS_HelloWorld.elf  > "FreeRTOS_HelloWorld.list"
   text	   data	    bss	    dec	    hex	filename
  14628	    100	  64788	  79516	  1369c	FreeRTOS_HelloWorld.elf
Finished building: default.size.stdout
 
Finished building: FreeRTOS_HelloWorld.list
 
