Archive member included to satisfy reference by file (symbol)

/opt/st/stm32cubeide_1.18.0/plugins/com.st.stm32cube.ide.mcu.externaltools.gnu-tools-for-stm32.13.3.rel1.linux64_1.0.0.202410170706/tools/bin/../lib/gcc/arm-none-eabi/13.3.1/../../../../arm-none-eabi/lib/thumb/v7e-m+fp/hard/libc_nano.a(libc_a-exit.o)
                              /opt/st/stm32cubeide_1.18.0/plugins/com.st.stm32cube.ide.mcu.externaltools.gnu-tools-for-stm32.13.3.rel1.linux64_1.0.0.202410170706/tools/bin/../lib/gcc/arm-none-eabi/13.3.1/../../../../arm-none-eabi/lib/thumb/v7e-m+fp/hard/crt0.o (exit)
/opt/st/stm32cubeide_1.18.0/plugins/com.st.stm32cube.ide.mcu.externaltools.gnu-tools-for-stm32.13.3.rel1.linux64_1.0.0.202410170706/tools/bin/../lib/gcc/arm-none-eabi/13.3.1/../../../../arm-none-eabi/lib/thumb/v7e-m+fp/hard/libc_nano.a(libc_a-findfp.o)
                              /opt/st/stm32cubeide_1.18.0/plugins/com.st.stm32cube.ide.mcu.externaltools.gnu-tools-for-stm32.13.3.rel1.linux64_1.0.0.202410170706/tools/bin/../lib/gcc/arm-none-eabi/13.3.1/../../../../arm-none-eabi/lib/thumb/v7e-m+fp/hard/libc_nano.a(libc_a-exit.o) (__stdio_exit_handler)
/opt/st/stm32cubeide_1.18.0/plugins/com.st.stm32cube.ide.mcu.externaltools.gnu-tools-for-stm32.13.3.rel1.linux64_1.0.0.202410170706/tools/bin/../lib/gcc/arm-none-eabi/13.3.1/../../../../arm-none-eabi/lib/thumb/v7e-m+fp/hard/libc_nano.a(libc_a-fwalk.o)
                              /opt/st/stm32cubeide_1.18.0/plugins/com.st.stm32cube.ide.mcu.externaltools.gnu-tools-for-stm32.13.3.rel1.linux64_1.0.0.202410170706/tools/bin/../lib/gcc/arm-none-eabi/13.3.1/../../../../arm-none-eabi/lib/thumb/v7e-m+fp/hard/libc_nano.a(libc_a-findfp.o) (_fwalk_sglue)
/opt/st/stm32cubeide_1.18.0/plugins/com.st.stm32cube.ide.mcu.externaltools.gnu-tools-for-stm32.13.3.rel1.linux64_1.0.0.202410170706/tools/bin/../lib/gcc/arm-none-eabi/13.3.1/../../../../arm-none-eabi/lib/thumb/v7e-m+fp/hard/libc_nano.a(libc_a-puts.o)
                              ./Core/Src/main.o (puts)
/opt/st/stm32cubeide_1.18.0/plugins/com.st.stm32cube.ide.mcu.externaltools.gnu-tools-for-stm32.13.3.rel1.linux64_1.0.0.202410170706/tools/bin/../lib/gcc/arm-none-eabi/13.3.1/../../../../arm-none-eabi/lib/thumb/v7e-m+fp/hard/libc_nano.a(libc_a-stdio.o)
                              /opt/st/stm32cubeide_1.18.0/plugins/com.st.stm32cube.ide.mcu.externaltools.gnu-tools-for-stm32.13.3.rel1.linux64_1.0.0.202410170706/tools/bin/../lib/gcc/arm-none-eabi/13.3.1/../../../../arm-none-eabi/lib/thumb/v7e-m+fp/hard/libc_nano.a(libc_a-findfp.o) (__sread)
/opt/st/stm32cubeide_1.18.0/plugins/com.st.stm32cube.ide.mcu.externaltools.gnu-tools-for-stm32.13.3.rel1.linux64_1.0.0.202410170706/tools/bin/../lib/gcc/arm-none-eabi/13.3.1/../../../../arm-none-eabi/lib/thumb/v7e-m+fp/hard/libc_nano.a(libc_a-wbuf.o)
                              /opt/st/stm32cubeide_1.18.0/plugins/com.st.stm32cube.ide.mcu.externaltools.gnu-tools-for-stm32.13.3.rel1.linux64_1.0.0.202410170706/tools/bin/../lib/gcc/arm-none-eabi/13.3.1/../../../../arm-none-eabi/lib/thumb/v7e-m+fp/hard/libc_nano.a(libc_a-puts.o) (__swbuf_r)
/opt/st/stm32cubeide_1.18.0/plugins/com.st.stm32cube.ide.mcu.externaltools.gnu-tools-for-stm32.13.3.rel1.linux64_1.0.0.202410170706/tools/bin/../lib/gcc/arm-none-eabi/13.3.1/../../../../arm-none-eabi/lib/thumb/v7e-m+fp/hard/libc_nano.a(libc_a-wsetup.o)
                              /opt/st/stm32cubeide_1.18.0/plugins/com.st.stm32cube.ide.mcu.externaltools.gnu-tools-for-stm32.13.3.rel1.linux64_1.0.0.202410170706/tools/bin/../lib/gcc/arm-none-eabi/13.3.1/../../../../arm-none-eabi/lib/thumb/v7e-m+fp/hard/libc_nano.a(libc_a-puts.o) (__swsetup_r)
/opt/st/stm32cubeide_1.18.0/plugins/com.st.stm32cube.ide.mcu.externaltools.gnu-tools-for-stm32.13.3.rel1.linux64_1.0.0.202410170706/tools/bin/../lib/gcc/arm-none-eabi/13.3.1/../../../../arm-none-eabi/lib/thumb/v7e-m+fp/hard/libc_nano.a(libc_a-memset.o)
                              /opt/st/stm32cubeide_1.18.0/plugins/com.st.stm32cube.ide.mcu.externaltools.gnu-tools-for-stm32.13.3.rel1.linux64_1.0.0.202410170706/tools/bin/../lib/gcc/arm-none-eabi/13.3.1/../../../../arm-none-eabi/lib/thumb/v7e-m+fp/hard/crt0.o (memset)
/opt/st/stm32cubeide_1.18.0/plugins/com.st.stm32cube.ide.mcu.externaltools.gnu-tools-for-stm32.13.3.rel1.linux64_1.0.0.202410170706/tools/bin/../lib/gcc/arm-none-eabi/13.3.1/../../../../arm-none-eabi/lib/thumb/v7e-m+fp/hard/libc_nano.a(libc_a-closer.o)
                              /opt/st/stm32cubeide_1.18.0/plugins/com.st.stm32cube.ide.mcu.externaltools.gnu-tools-for-stm32.13.3.rel1.linux64_1.0.0.202410170706/tools/bin/../lib/gcc/arm-none-eabi/13.3.1/../../../../arm-none-eabi/lib/thumb/v7e-m+fp/hard/libc_nano.a(libc_a-stdio.o) (_close_r)
/opt/st/stm32cubeide_1.18.0/plugins/com.st.stm32cube.ide.mcu.externaltools.gnu-tools-for-stm32.13.3.rel1.linux64_1.0.0.202410170706/tools/bin/../lib/gcc/arm-none-eabi/13.3.1/../../../../arm-none-eabi/lib/thumb/v7e-m+fp/hard/libc_nano.a(libc_a-reent.o)
[...]
Memory Configuration

Name             Origin             Length             Attributes
RAM              0x20000000         0x00010000         xrw
FLASH            0x08000000         0x00040000         xr
*default*        0x00000000         0xffffffff

Linker script and memory map

LOAD /opt/st/stm32cubeide_1.18.0/plugins/com.st.stm32cube.ide.mcu.externaltools.gnu-tools-for-stm32.13.3.rel1.linux64_1.0.0.202410170706/tools/bin/../lib/gcc/arm-none-eabi/13.3.1/thumb/v7e-m+fp/hard/crti.o
LOAD /opt/st/stm32cubeide_1.18.0/plugins/com.st.stm32cube.ide.mcu.externaltools.gnu-tools-for-stm32.13.3.rel1.linux64_1.0.0.202410170706/tools/bin/../lib/gcc/arm-none-eabi/13.3.1/thumb/v7e-m+fp/hard/crtbegin.o
LOAD /opt/st/stm32cubeide_1.18.0/plugins/com.st.stm32cube.ide.mcu.externaltools.gnu-tools-for-stm32.13.3.rel1.linux64_1.0.0.202410170706/tools/bin/../lib/gcc/arm-none-eabi/13.3.1/../../../../arm-none-eabi/lib/thumb/v7e-m+fp/hard/crt0.o
LOAD ./Core/Src/main.o
LOAD ./Core/Src/stm32f4xx_it.o
LOAD ./Core/Src/syscalls.o
LOAD ./Core/Src/sysmem.o
LOAD ./Core/Src/system_stm32f4xx.o
LOAD ./Core/Startup/startup_stm32f401ccux.o
LOAD ./Drivers/STM32F4xx_HAL_Driver/Src/stm32f4xx_ll_exti.o
LOAD ./Drivers/STM32F4xx_HAL_Driver/Src/stm32f4xx_ll_gpio.o
LOAD ./Drivers/STM32F4xx_HAL_Driver/Src/stm32f4xx_ll_rcc.o
LOAD ./Drivers/STM32F4xx_HAL_Driver/Src/stm32f4xx_ll_utils.o
LOAD ./ThirdParty/FreeRTOS/croutine.o
LOAD ./ThirdParty/FreeRTOS/event_groups.o
LOAD ./ThirdParty/FreeRTOS/list.o
LOAD ./ThirdParty/FreeRTOS/queue.o
LOAD ./ThirdParty/FreeRTOS/stream_buffer.o
LOAD ./ThirdParty/FreeRTOS/tasks.o
LOAD ./ThirdParty/FreeRTOS/timers.o
LOAD ./ThirdParty/FreeRTOS/portable/GCC/ARM_CM4F/port.o
LOAD ./ThirdParty/FreeRTOS/portable/MemMang/heap_4.o
START GROUP
LOAD /opt/st/stm32cubeide_1.18.0/plugins/com.st.stm32cube.ide.mcu.externaltools.gnu-tools-for-stm32.13.3.rel1.linux64_1.0.0.202410170706/tools/bin/../lib/gcc/arm-none-eabi/13.3.1/../../../../arm-none-eabi/lib/thumb/v7e-m+fp/hard/libc_nano.a
LOAD /opt/st/stm32cubeide_1.18.0/plugins/com.st.stm32cube.ide.mcu.externaltools.gnu-tools-for-stm32.13.3.rel1.linux64_1.0.0.202410170706/tools/bin/../lib/gcc/arm-none-eabi/13.3.1/../../../../arm-none-eabi/lib/thumb/v7e-m+fp/hard/libm.a
END GROUP
START GROUP
LOAD /opt/st/stm32cubeide_1.18.0/plugins/com.st.stm32cube.ide.mcu.externaltools.gnu-tools-for-stm32.13.3.rel1.linux64_1.0.0.202410170706/tools/bin/../lib/gcc/arm-none-eabi/13.3.1/thumb/v7e-m+fp/hard/libgcc.a
LOAD /opt/st/stm32cubeide_1.18.0/plugins/com.st.stm32cube.ide.mcu.externaltools.gnu-tools-for-stm32.13.3.rel1.linux64_1.0.0.202410170706/tools/bin/../lib/gcc/arm-none-eabi/13.3.1/../../../../arm-none-eabi/lib/thumb/v7e-m+fp/hard/libc_nano.a
END GROUP
START GROUP
LOAD /opt/st/stm32cubeide_1.18.0/plugins/com.st.stm32cube.ide.mcu.externaltools.gnu-tools-for-stm32.13.3.rel1.linux64_1.0.0.202410170706/tools/bin/../lib/gcc/arm-none-eabi/13.3.1/thumb/v7e-m+fp/hard/libgcc.a
LOAD /opt/st/stm32cubeide_1.18.0/plugins/com.st.stm32cube.ide.mcu.externaltools.gnu-tools-for-stm32.13.3.rel1.linux64_1.0.0.202410170706/tools/bin/../lib/gcc/arm-none-eabi/13.3.1/../../../../arm-none-eabi/lib/thumb/v7e-m+fp/hard/libc_nano.a
LOAD /opt/st/stm32cubeide_1.18.0/plugins/com.st.stm32cube.ide.mcu.externaltools.gnu-tools-for-stm32.13.3.rel1.linux64_1.0.0.202410170706/tools/bin/../lib/gcc/arm-none-eabi/13.3.1/../../../../arm-none-eabi/lib/thumb/v7e-m+fp/hard/libnosys.a
END GROUP
START GROUP
LOAD /opt/st/stm32cubeide_1.18.0/plugins/com.st.stm32cube.ide.mcu.externaltools.gnu-tools-for-stm32.13.3.rel1.linux64_1.0.0.202410170706/tools/bin/../lib/gcc/arm-none-eabi/13.3.1/thumb/v7e-m+fp/hard/libgcc.a
LOAD /opt/st/stm32cubeide_1.18.0/plugins/com.st.stm32cube.ide.mcu.externaltools.gnu-tools-for-stm32.13.3.rel1.linux64_1.0.0.202410170706/tools/bin/../lib/gcc/arm-none-eabi/13.3.1/../../../../arm-none-eabi/lib/thumb/v7e-m+fp/hard/libc_nano.a
LOAD /opt/st/stm32cubeide_1.18.0/plugins/com.st.stm32cube.ide.mcu.externaltools.gnu-tools-for-stm32.13.3.rel1.linux64_1.0.0.202410170706/tools/bin/../lib/gcc/arm-none-eabi/13.3.1/../../../../arm-none-eabi/lib/thumb/v7e-m+fp/hard/libnosys.a
END GROUP
LOAD /opt/st/stm32cubeide_1.18.0/plugins/com.st.stm32cube.ide.mcu.externaltools.gnu-tools-for-stm32.13.3.rel1.linux64_1.0.0.202410170706/tools/bin/../lib/gcc/arm-none-eabi/13.3.1/thumb/v7e-m+fp/hard/crtend.o
LOAD /opt/st/stm32cubeide_1.18.0/plugins/com.st.stm32cube.ide.mcu.externaltools.gnu-tools-for-stm32.13.3.rel1.linux64_1.0.0.202410170706/tools/bin/../lib/gcc/arm-none-eabi/13.3.1/thumb/v7e-m+fp/hard/crtn.o
                0x20010000                        _estack = (ORIGIN (RAM) + LENGTH (RAM))
                0x00000200                        _Min_Heap_Size = 0x200
                0x00000400                        _Min_Stack_Size = 0x400

.isr_vector     0x08000000      0x194
                0x08000000                        . = ALIGN (0x4)
 *(.isr_vector)
 .isr_vector    0x08000000      0x194 ./Core/Startup/startup_stm32f401ccux.o
                0x08000000                g_pfnVectors
                0x08000194                        . = ALIGN (0x4)

.text           0x08000194     0x3720
                0x08000194                        . = ALIGN (0x4)
 *(.text)
 .text          0x08000194       0x40 /opt/st/stm32cubeide_1.18.0/plugins/com.st.stm32cube.ide.mcu.externaltools.gnu-tools-for-stm32.13.3.rel1.linux64_1.0.0.202410170706/tools/bin/../lib/gcc/arm-none-eabi/13.3.1/thumb/v7e-m+fp/hard/crtbegin.o
 *(.text*)
 .text.__NVIC_SetPriorityGrouping
                0x080001d4       0x48 ./Core/Src/main.o
 .text.__NVIC_GetPriorityGrouping
                0x0800021c       0x1c ./Core/Src/main.o
 .text.__NVIC_SetPriority
                0x08000238       0x54 ./Core/Src/main.o
 .text.NVIC_EncodePriority
                0x0800028c       0x66 ./Core/Src/main.o
 *fill*         0x080002f2        0x2 
 .text.LL_RCC_HSI_Enable
                0x080002f4       0x20 ./Core/Src/main.o
 .text.LL_RCC_HSI_IsReady
                0x08000314       0x24 ./Core/Src/main.o
 .text.LL_RCC_HSI_SetCalibTrimming
                0x08000338       0x2c ./Core/Src/main.o
 .text.LL_RCC_SetSysClkSource
                0x08000364       0x28 ./Core/Src/main.o
 .text.LL_RCC_GetSysClkSource
                0x0800038c       0x1c ./Core/Src/main.o
 .text.LL_RCC_SetAHBPrescaler
                0x080003a8       0x28 ./Core/Src/main.o
 .text.LL_RCC_SetAPB1Prescaler
                0x080003d0       0x28 ./Core/Src/main.o
 .text.LL_RCC_SetAPB2Prescaler
                0x080003f8       0x28 ./Core/Src/main.o
 .text.LL_RCC_SetTIMPrescaler
                0x08000420       0x2c ./Core/Src/main.o
 .text.LL_AHB1_GRP1_EnableClock
                0x0800044c       0x30 ./Core/Src/main.o
 .text.LL_APB1_GRP1_EnableClock
                0x0800047c       0x30 ./Core/Src/main.o
 .text.LL_APB2_GRP1_EnableClock
                0x080004ac       0x30 ./Core/Src/main.o
 .text.LL_FLASH_SetLatency
                0x080004dc       0x28 ./Core/Src/main.o
 .text.LL_FLASH_GetLatency
                0x08000504       0x1c ./Core/Src/main.o
 .text.LL_PWR_SetRegulVoltageScaling
                0x08000520       0x28 ./Core/Src/main.o
 .text.main     0x08000548       0xd4 ./Core/Src/main.o
                0x08000548                main
 .text.SystemClock_Config
                0x0800061c       0x74 ./Core/Src/main.o
                0x0800061c                SystemClock_Config
 .text.MX_GPIO_Init
                0x08000690        0xe ./Core/Src/main.o
 .text.task1handler
                0x0800069e       0x10 ./Core/Src/main.o
 .text.task2handler
                0x080006ae       0x10 ./Core/Src/main.o
 .text.NMI_Handler
                0x080006be        0x8 ./Core/Src/stm32f4xx_it.o
                0x080006be                NMI_Handler
 .text.HardFault_Handler
                0x080006c6        0x8 ./Core/Src/stm32f4xx_it.o
                0x080006c6                HardFault_Handler
 .text.MemManage_Handler
                0x080006ce        0x8 ./Core/Src/stm32f4xx_it.o
                0x080006ce                MemManage_Handler
 .text.BusFault_Handler
                0x080006d6        0x8 ./Core/Src/stm32f4xx_it.o
                0x080006d6                BusFault_Handler
 .text.UsageFault_Handler
                0x080006de        0x8 ./Core/Src/stm32f4xx_it.o
                0x080006de                UsageFault_Handler
 .text.DebugMon_Handler
                0x080006e6        0xe ./Core/Src/stm32f4xx_it.o
                0x080006e6                DebugMon_Handler
 .text.ITM_SendChar
                0x080006f4       0x50 ./Core/Src/syscalls.o
                0x080006f4                ITM_SendChar
 .text._read    0x08000744       0x3a ./Core/Src/syscalls.o
                0x08000744                _read
 .text._write   0x0800077e       0x38 ./Core/Src/syscalls.o
                0x0800077e                _write
 .text._close   0x080007b6       0x18 ./Core/Src/syscalls.o
                0x080007b6                _close
 .text._fstat   0x080007ce       0x20 ./Core/Src/syscalls.o
                0x080007ce                _fstat
 .text._isatty  0x080007ee       0x16 ./Core/Src/syscalls.o
                0x080007ee                _isatty
 .text._lseek   0x08000804       0x1a ./Core/Src/syscalls.o
                0x08000804                _lseek
 *fill*         0x0800081e        0x2 
 .text._sbrk    0x08000820       0x6c ./Core/Src/sysmem.o
                0x08000820                _sbrk
 .text.SystemInit
                0x0800088c       0x24 ./Core/Src/system_stm32f4xx.o
                0x0800088c                SystemInit
 .text.Reset_Handler
                0x080008b0       0x50 ./Core/Startup/startup_stm32f401ccux.o
                0x080008b0                Reset_Handler
 .text.Default_Handler
                0x08000900        0x2 ./Core/Startup/startup_stm32f401ccux.o
                0x08000900                RTC_Alarm_IRQHandler
                0x08000900                EXTI2_IRQHandler
                0x08000900                SPI4_IRQHandler
                0x08000900                TIM1_CC_IRQHandler
                0x08000900                DMA2_Stream5_IRQHandler
                0x08000900                DMA1_Stream5_IRQHandler
                0x08000900                PVD_IRQHandler
                0x08000900                SDIO_IRQHandler
                0x08000900                TAMP_STAMP_IRQHandler
                0x08000900                EXTI3_IRQHandler
                0x08000900                TIM1_UP_TIM10_IRQHandler
                0x08000900                I2C3_ER_IRQHandler
                0x08000900                EXTI0_IRQHandler
                0x08000900                I2C2_EV_IRQHandler
                0x08000900                DMA1_Stream2_IRQHandler
                0x08000900                FPU_IRQHandler
                0x08000900                DMA2_Stream2_IRQHandler
                0x08000900                SPI1_IRQHandler
                0x08000900                TIM1_BRK_TIM9_IRQHandler
                0x08000900                DMA2_Stream3_IRQHandler
                0x08000900                USART6_IRQHandler
                0x08000900                DMA2_Stream0_IRQHandler
                0x08000900                TIM4_IRQHandler
                0x08000900                I2C1_EV_IRQHandler
                0x08000900                DMA1_Stream6_IRQHandler
                0x08000900                DMA1_Stream1_IRQHandler
                0x08000900                TIM3_IRQHandler
                0x08000900                RCC_IRQHandler
                0x08000900                Default_Handler
                0x08000900                EXTI15_10_IRQHandler
                0x08000900                ADC_IRQHandler
                0x08000900                DMA1_Stream7_IRQHandler
                0x08000900                TIM5_IRQHandler
                0x08000900                DMA2_Stream7_IRQHandler
                0x08000900                I2C3_EV_IRQHandler
                0x08000900                EXTI9_5_IRQHandler
                0x08000900                RTC_WKUP_IRQHandler
                0x08000900                SPI2_IRQHandler
                0x08000900                DMA1_Stream0_IRQHandler
                0x08000900                EXTI4_IRQHandler
                0x08000900                WWDG_IRQHandler
                0x08000900                TIM2_IRQHandler
                0x08000900                OTG_FS_WKUP_IRQHandler
                0x08000900                TIM1_TRG_COM_TIM11_IRQHandler
                0x08000900                EXTI1_IRQHandler
                0x08000900                USART2_IRQHandler
                0x08000900                I2C2_ER_IRQHandler
                0x08000900                DMA2_Stream1_IRQHandler
                0x08000900                FLASH_IRQHandler
                0x08000900                DMA2_Stream4_IRQHandler
                0x08000900                USART1_IRQHandler
                0x08000900                OTG_FS_IRQHandler
                0x08000900                SPI3_IRQHandler
                0x08000900                DMA1_Stream4_IRQHandler
                0x08000900                I2C1_ER_IRQHandler
                0x08000900                DMA2_Stream6_IRQHandler
                0x08000900                DMA1_Stream3_IRQHandler
 *fill*         0x08000902        0x2 
 .text.LL_InitTick
                0x08000904       0x34 ./Drivers/STM32F4xx_HAL_Driver/Src/stm32f4xx_ll_utils.o
 .text.LL_Init1msTick
                0x08000938       0x1a ./Drivers/STM32F4xx_HAL_Driver/Src/stm32f4xx_ll_utils.o
                0x08000938                LL_Init1msTick
 *fill*         0x08000952        0x2 
 .text.LL_SetSystemCoreClock
                0x08000954       0x20 ./Drivers/STM32F4xx_HAL_Driver/Src/stm32f4xx_ll_utils.o
                0x08000954                LL_SetSystemCoreClock
 .text.vListInitialise
                0x08000974       0x40 ./ThirdParty/FreeRTOS/list.o
                0x08000974                vListInitialise
 .text.vListInitialiseItem
                0x080009b4       0x1a ./ThirdParty/FreeRTOS/list.o
                0x080009b4                vListInitialiseItem
 .text.vListInsert
                0x080009ce       0x72 ./ThirdParty/FreeRTOS/list.o
                0x080009ce                vListInsert
 .text.uxListRemove
                0x08000a40       0x54 ./ThirdParty/FreeRTOS/list.o
                0x08000a40                uxListRemove
 .text.xQueueGenericReset
                0x08000a94      0x124 ./ThirdParty/FreeRTOS/queue.o
                0x08000a94                xQueueGenericReset
 .text.xQueueGenericCreate
                0x08000bb8       0x9e ./ThirdParty/FreeRTOS/queue.o
                0x08000bb8                xQueueGenericCreate
 .text.prvInitialiseNewQueue
                0x08000c56       0x46 ./ThirdParty/FreeRTOS/queue.o
 .text.xQueueReceive
                0x08000c9c      0x1c4 ./ThirdParty/FreeRTOS/queue.o
                0x08000c9c                xQueueReceive
 .text.prvCopyDataFromQueue
                0x08000e60       0x4c ./ThirdParty/FreeRTOS/queue.o
 .text.prvUnlockQueue
                0x08000eac       0xa4 ./ThirdParty/FreeRTOS/queue.o
 .text.prvIsQueueEmpty
                0x08000f50       0x2c ./ThirdParty/FreeRTOS/queue.o
 .text.vQueueAddToRegistry
                0x08000f7c       0xa0 ./ThirdParty/FreeRTOS/queue.o
                0x08000f7c                vQueueAddToRegistry
 .text.vQueueWaitForMessageRestricted
                0x0800101c       0x68 ./ThirdParty/FreeRTOS/queue.o
                0x0800101c                vQueueWaitForMessageRestricted
 .text.prvCreateTask
                0x08001084       0x78 ./ThirdParty/FreeRTOS/tasks.o
 .text.xTaskCreate
                0x080010fc       0x46 ./ThirdParty/FreeRTOS/tasks.o
                0x080010fc                xTaskCreate
 .text.prvInitialiseNewTask
                0x08001142      0x120 ./ThirdParty/FreeRTOS/tasks.o
 *fill*         0x08001262        0x2 
 .text.prvAddNewTaskToReadyList
                0x08001264      0x130 ./ThirdParty/FreeRTOS/tasks.o
 .text.prvCreateIdleTasks
                0x08001394       0xa8 ./ThirdParty/FreeRTOS/tasks.o
 .text.vTaskStartScheduler
                0x0800143c       0x88 ./ThirdParty/FreeRTOS/tasks.o
                0x0800143c                vTaskStartScheduler
 .text.vTaskSuspendAll
                0x080014c4       0x1c ./ThirdParty/FreeRTOS/tasks.o
                0x080014c4                vTaskSuspendAll
 .text.xTaskResumeAll
                0x080014e0      0x210 ./ThirdParty/FreeRTOS/tasks.o
                0x080014e0                xTaskResumeAll
 .text.xTaskGetTickCount
                0x080016f0       0x20 ./ThirdParty/FreeRTOS/tasks.o
                0x080016f0                xTaskGetTickCount
 .text.xTaskIncrementTick
                0x08001710      0x234 ./ThirdParty/FreeRTOS/tasks.o
                0x08001710                xTaskIncrementTick
 .text.vTaskSwitchContext
                0x08001944       0xbc ./ThirdParty/FreeRTOS/tasks.o
                0x08001944                vTaskSwitchContext
 .text.vTaskPlaceOnEventList
                0x08001a00       0x4c ./ThirdParty/FreeRTOS/tasks.o
                0x08001a00                vTaskPlaceOnEventList
 .text.vTaskPlaceOnEventListRestricted
                0x08001a4c       0x8c ./ThirdParty/FreeRTOS/tasks.o
                0x08001a4c                vTaskPlaceOnEventListRestricted
 .text.xTaskRemoveFromEventList
                0x08001ad8      0x1b4 ./ThirdParty/FreeRTOS/tasks.o
                0x08001ad8                xTaskRemoveFromEventList
 .text.vTaskInternalSetTimeOutState
                0x08001c8c       0x2c ./ThirdParty/FreeRTOS/tasks.o
                0x08001c8c                vTaskInternalSetTimeOutState
 .text.xTaskCheckForTimeOut
                0x08001cb8       0xd0 ./ThirdParty/FreeRTOS/tasks.o
                0x08001cb8                xTaskCheckForTimeOut
 .text.vTaskMissedYield
                0x08001d88       0x18 ./ThirdParty/FreeRTOS/tasks.o
                0x08001d88                vTaskMissedYield
 .text.prvIdleTask
                0x08001da0       0x30 ./ThirdParty/FreeRTOS/tasks.o
 .text.prvInitialiseTaskLists
                0x08001dd0       0x80 ./ThirdParty/FreeRTOS/tasks.o
 .text.prvCheckTasksWaitingTermination
                0x08001e50       0x5c ./ThirdParty/FreeRTOS/tasks.o
 .text.prvDeleteTCB
                0x08001eac       0x20 ./ThirdParty/FreeRTOS/tasks.o
 .text.prvResetNextTaskUnblockTime
                0x08001ecc       0x38 ./ThirdParty/FreeRTOS/tasks.o
 .text.xTaskGetSchedulerState
                0x08001f04       0x3c ./ThirdParty/FreeRTOS/tasks.o
                0x08001f04                xTaskGetSchedulerState
 .text.prvAddCurrentTaskToDelayedList
                0x08001f40      0x104 ./ThirdParty/FreeRTOS/tasks.o
 .text.xTimerCreateTimerTask
                0x08002044       0x68 ./ThirdParty/FreeRTOS/timers.o
                0x08002044                xTimerCreateTimerTask
 .text.prvReloadTimer
                0x080020ac       0x42 ./ThirdParty/FreeRTOS/timers.o
 *fill*         0x080020ee        0x2 
 .text.prvProcessExpiredTimer
                0x080020f0       0x60 ./ThirdParty/FreeRTOS/timers.o
 .text.prvTimerTask
                0x08002150       0x26 ./ThirdParty/FreeRTOS/timers.o
 *fill*         0x08002176        0x2 
 .text.prvProcessTimerOrBlockTask
                0x08002178       0x9c ./ThirdParty/FreeRTOS/timers.o
 .text.prvGetNextExpireTime
                0x08002214       0x48 ./ThirdParty/FreeRTOS/timers.o
 .text.prvSampleTimeNow
                0x0800225c       0x40 ./ThirdParty/FreeRTOS/timers.o
 .text.prvInsertTimerInActiveList
                0x0800229c       0x84 ./ThirdParty/FreeRTOS/timers.o
 .text.prvProcessReceivedCommands
                0x08002320      0x198 ./ThirdParty/FreeRTOS/timers.o
 .text.prvSwitchTimerLists
                0x080024b8       0x4c ./ThirdParty/FreeRTOS/timers.o
 .text.prvCheckForValidListAndQueue
                0x08002504       0x6c ./ThirdParty/FreeRTOS/timers.o
 .text.pxPortInitialiseStack
                0x08002570       0x68 ./ThirdParty/FreeRTOS/portable/GCC/ARM_CM4F/port.o
                0x08002570                pxPortInitialiseStack
 .text.prvTaskExitError
                0x080025d8       0x5c ./ThirdParty/FreeRTOS/portable/GCC/ARM_CM4F/port.o
 .text.SVC_Handler
                0x08002634       0x24 ./ThirdParty/FreeRTOS/portable/GCC/ARM_CM4F/port.o
                0x08002634                SVC_Handler
 .text.prvPortStartFirstTask
                0x08002658       0x2c ./ThirdParty/FreeRTOS/portable/GCC/ARM_CM4F/port.o
 .text.xPortStartScheduler
                0x08002684      0x1e0 ./ThirdParty/FreeRTOS/portable/GCC/ARM_CM4F/port.o
                0x08002684                xPortStartScheduler
 .text.vPortEnterCritical
                0x08002864       0x64 ./ThirdParty/FreeRTOS/portable/GCC/ARM_CM4F/port.o
                0x08002864                vPortEnterCritical
 .text.vPortExitCritical
                0x080028c8       0x54 ./ThirdParty/FreeRTOS/portable/GCC/ARM_CM4F/port.o
                0x080028c8                vPortExitCritical
 .text.PendSV_Handler
                0x0800291c       0x64 ./ThirdParty/FreeRTOS/portable/GCC/ARM_CM4F/port.o
                0x0800291c                PendSV_Handler
 .text.SysTick_Handler
                0x08002980       0x44 ./ThirdParty/FreeRTOS/portable/GCC/ARM_CM4F/port.o
                0x08002980                SysTick_Handler
 .text.vPortSetupTimerInterrupt
                0x080029c4       0x48 ./ThirdParty/FreeRTOS/portable/GCC/ARM_CM4F/port.o
                0x080029c4                vPortSetupTimerInterrupt
 .text.vPortEnableVFP
                0x08002a0c       0x18 ./ThirdParty/FreeRTOS/portable/GCC/ARM_CM4F/port.o
 .text.pvPortMalloc
                0x08002a24      0x270 ./ThirdParty/FreeRTOS/portable/MemMang/heap_4.o
                0x08002a24                pvPortMalloc
 .text.vPortFree
                0x08002c94       0xec ./ThirdParty/FreeRTOS/portable/MemMang/heap_4.o
                0x08002c94                vPortFree
 .text.prvHeapInit
                0x08002d80       0xb4 ./ThirdParty/FreeRTOS/portable/MemMang/heap_4.o
 .text.prvInsertBlockIntoFreeList
                0x08002e34       0xf4 ./ThirdParty/FreeRTOS/portable/MemMang/heap_4.o
 .text.std      0x08002f28       0x6c /opt/st/stm32cubeide_1.18.0/plugins/com.st.stm32cube.ide.mcu.externaltools.gnu-tools-for-stm32.13.3.rel1.linux64_1.0.0.202410170706/tools/bin/../lib/gcc/arm-none-eabi/13.3.1/../../../../arm-none-eabi/lib/thumb/v7e-m+fp/hard/libc_nano.a(libc_a-findfp.o)
 .text.stdio_exit_handler
                0x08002f94       0x18 /opt/st/stm32cubeide_1.18.0/plugins/com.st.stm32cube.ide.mcu.externaltools.gnu-tools-for-stm32.13.3.rel1.linux64_1.0.0.202410170706/tools/bin/../lib/gcc/arm-none-eabi/13.3.1/../../../../arm-none-eabi/lib/thumb/v7e-m+fp/hard/libc_nano.a(libc_a-findfp.o)
 .text.cleanup_stdio
                0x08002fac       0x40 /opt/st/stm32cubeide_1.18.0/plugins/com.st.stm32cube.ide.mcu.externaltools.gnu-tools-for-stm32.13.3.rel1.linux64_1.0.0.202410170706/tools/bin/../lib/gcc/arm-none-eabi/13.3.1/../../../../arm-none-eabi/lib/thumb/v7e-m+fp/hard/libc_nano.a(libc_a-findfp.o)
 .text.global_stdio_init.part.0
                0x08002fec       0x3c /opt/st/stm32cubeide_1.18.0/plugins/com.st.stm32cube.ide.mcu.externaltools.gnu-tools-for-stm32.13.3.rel1.linux64_1.0.0.202410170706/tools/bin/../lib/gcc/arm-none-eabi/13.3.1/../../../../arm-none-eabi/lib/thumb/v7e-m+fp/hard/libc_nano.a(libc_a-findfp.o)
 .text.__sfp_lock_acquire
                0x08003028        0xc /opt/st/stm32cubeide_1.18.0/plugins/com.st.stm32cube.ide.mcu.externaltools.gnu-tools-for-stm32.13.3.rel1.linux64_1.0.0.202410170706/tools/bin/../lib/gcc/arm-none-eabi/13.3.1/../../../../arm-none-eabi/lib/thumb/v7e-m+fp/hard/libc_nano.a(libc_a-findfp.o)
                0x08003028                __sfp_lock_acquire
 .text.__sfp_lock_release
                0x08003034        0xc /opt/st/stm32cubeide_1.18.0/plugins/com.st.stm32cube.ide.mcu.externaltools.gnu-tools-for-stm32.13.3.rel1.linux64_1.0.0.202410170706/tools/bin/../lib/gcc/arm-none-eabi/13.3.1/../../../../arm-none-eabi/lib/thumb/v7e-m+fp/hard/libc_nano.a(libc_a-findfp.o)
                0x08003034                __sfp_lock_release
 .text.__sinit  0x08003040       0x30 /opt/st/stm32cubeide_1.18.0/plugins/com.st.stm32cube.ide.mcu.externaltools.gnu-tools-for-stm32.13.3.rel1.linux64_1.0.0.202410170706/tools/bin/../lib/gcc/arm-none-eabi/13.3.1/../../../../arm-none-eabi/lib/thumb/v7e-m+fp/hard/libc_nano.a(libc_a-findfp.o)
                0x08003040                __sinit
 .text._fwalk_sglue
                0x08003070       0x3c /opt/st/stm32cubeide_1.18.0/plugins/com.st.stm32cube.ide.mcu.externaltools.gnu-tools-for-stm32.13.3.rel1.linux64_1.0.0.202410170706/tools/bin/../lib/gcc/arm-none-eabi/13.3.1/../../../../arm-none-eabi/lib/thumb/v7e-m+fp/hard/libc_nano.a(libc_a-fwalk.o)
                0x08003070                _fwalk_sglue
 .text._puts_r  0x080030ac       0xaa /opt/st/stm32cubeide_1.18.0/plugins/com.st.stm32cube.ide.mcu.externaltools.gnu-tools-for-stm32.13.3.rel1.linux64_1.0.0.202410170706/tools/bin/../lib/gcc/arm-none-eabi/13.3.1/../../../../arm-none-eabi/lib/thumb/v7e-m+fp/hard/libc_nano.a(libc_a-puts.o)
                0x080030ac                _puts_r
 *fill*         0x08003156        0x2 
 .text.puts     0x08003158       0x10 /opt/st/stm32cubeide_1.18.0/plugins/com.st.stm32cube.ide.mcu.externaltools.gnu-tools-for-stm32.13.3.rel1.linux64_1.0.0.202410170706/tools/bin/../lib/gcc/arm-none-eabi/13.3.1/../../../../arm-none-eabi/lib/thumb/v7e-m+fp/hard/libc_nano.a(libc_a-puts.o)
                0x08003158                puts
 .text.__sread  0x08003168       0x22 /opt/st/stm32cubeide_1.18.0/plugins/com.st.stm32cube.ide.mcu.externaltools.gnu-tools-for-stm32.13.3.rel1.linux64_1.0.0.202410170706/tools/bin/../lib/gcc/arm-none-eabi/13.3.1/../../../../arm-none-eabi/lib/thumb/v7e-m+fp/hard/libc_nano.a(libc_a-stdio.o)
                0x08003168                __sread
 .text.__swrite
                0x0800318a       0x38 /opt/st/stm32cubeide_1.18.0/plugins/com.st.stm32cube.ide.mcu.externaltools.gnu-tools-for-stm32.13.3.rel1.linux64_1.0.0.202410170706/tools/bin/../lib/gcc/arm-none-eabi/13.3.1/../../../../arm-none-eabi/lib/thumb/v7e-m+fp/hard/libc_nano.a(libc_a-stdio.o)
                0x0800318a                __swrite
 .text.__sseek  0x080031c2       0x24 /opt/st/stm32cubeide_1.18.0/plugins/com.st.stm32cube.ide.mcu.externaltools.gnu-tools-for-stm32.13.3.rel1.linux64_1.0.0.202410170706/tools/bin/../lib/gcc/arm-none-eabi/13.3.1/../../../../arm-none-eabi/lib/thumb/v7e-m+fp/hard/libc_nano.a(libc_a-stdio.o)
                0x080031c2                __sseek
 .text.__sclose
                0x080031e6        0x8 /opt/st/stm32cubeide_1.18.0/plugins/com.st.stm32cube.ide.mcu.externaltools.gnu-tools-for-stm32.13.3.rel1.linux64_1.0.0.202410170706/tools/bin/../lib/gcc/arm-none-eabi/13.3.1/../../../../arm-none-eabi/lib/thumb/v7e-m+fp/hard/libc_nano.a(libc_a-stdio.o)
                0x080031e6                __sclose
 .text.__swbuf_r
                0x080031ee       0x7c /opt/st/stm32cubeide_1.18.0/plugins/com.st.stm32cube.ide.mcu.externaltools.gnu-tools-for-stm32.13.3.rel1.linux64_1.0.0.202410170706/tools/bin/../lib/gcc/arm-none-eabi/13.3.1/../../../../arm-none-eabi/lib/thumb/v7e-m+fp/hard/libc_nano.a(libc_a-wbuf.o)
                0x080031ee                __swbuf_r
 *fill*         0x0800326a        0x2 
 .text.__swsetup_r
                0x0800326c       0xac /opt/st/stm32cubeide_1.18.0/plugins/com.st.stm32cube.ide.mcu.externaltools.gnu-tools-for-stm32.13.3.rel1.linux64_1.0.0.202410170706/tools/bin/../lib/gcc/arm-none-eabi/13.3.1/../../../../arm-none-eabi/lib/thumb/v7e-m+fp/hard/libc_nano.a(libc_a-wsetup.o)
                0x0800326c                __swsetup_r
 .text.memset   0x08003318       0x10 /opt/st/stm32cubeide_1.18.0/plugins/com.st.stm32cube.ide.mcu.externaltools.gnu-tools-for-stm32.13.3.rel1.linux64_1.0.0.202410170706/tools/bin/../lib/gcc/arm-none-eabi/13.3.1/../../../../arm-none-eabi/lib/thumb/v7e-m+fp/hard/libc_nano.a(libc_a-memset.o)
                0x08003318                memset
 .text._close_r
                0x08003328       0x20 /opt/st/stm32cubeide_1.18.0/plugins/com.st.stm32cube.ide.mcu.externaltools.gnu-tools-for-stm32.13.3.rel1.linux64_1.0.0.202410170706/tools/bin/../lib/gcc/arm-none-eabi/13.3.1/../../../../arm-none-eabi/lib/thumb/v7e-m+fp/hard/libc_nano.a(libc_a-closer.o)
                0x08003328                _close_r
 .text._lseek_r
                0x08003348       0x24 /opt/st/stm32cubeide_1.18.0/plugins/com.st.stm32cube.ide.mcu.externaltools.gnu-tools-for-stm32.13.3.rel1.linux64_1.0.0.202410170706/tools/bin/../lib/gcc/arm-none-eabi/13.3.1/../../../../arm-none-eabi/lib/thumb/v7e-m+fp/hard/libc_nano.a(libc_a-lseekr.o)
                0x08003348                _lseek_r
 .text._read_r  0x0800336c       0x24 /opt/st/stm32cubeide_1.18.0/plugins/com.st.stm32cube.ide.mcu.externaltools.gnu-tools-for-stm32.13.3.rel1.linux64_1.0.0.202410170706/tools/bin/../lib/gcc/arm-none-eabi/13.3.1/../../../../arm-none-eabi/lib/thumb/v7e-m+fp/hard/libc_nano.a(libc_a-readr.o)
                0x0800336c                _read_r
 .text._write_r
                0x08003390       0x24 /opt/st/stm32cubeide_1.18.0/plugins/com.st.stm32cube.ide.mcu.externaltools.gnu-tools-for-stm32.13.3.rel1.linux64_1.0.0.202410170706/tools/bin/../lib/gcc/arm-none-eabi/13.3.1/../../../../arm-none-eabi/lib/thumb/v7e-m+fp/hard/libc_nano.a(libc_a-writer.o)
                0x08003390                _write_r
 .text.__errno  0x080033b4        0xc /opt/st/stm32cubeide_1.18.0/plugins/com.st.stm32cube.ide.mcu.externaltools.gnu-tools-for-stm32.13.3.rel1.linux64_1.0.0.202410170706/tools/bin/../lib/gcc/arm-none-eabi/13.3.1/../../../../arm-none-eabi/lib/thumb/v7e-m+fp/hard/libc_nano.a(libc_a-errno.o)
                0x080033b4                __errno
 .text.__libc_init_array
                0x080033c0       0x48 /opt/st/stm32cubeide_1.18.0/plugins/com.st.stm32cube.ide.mcu.externaltools.gnu-tools-for-stm32.13.3.rel1.linux64_1.0.0.202410170706/tools/bin/../lib/gcc/arm-none-eabi/13.3.1/../../../../arm-none-eabi/lib/thumb/v7e-m+fp/hard/libc_nano.a(libc_a-init.o)
                0x080033c0                __libc_init_array
 .text.__retarget_lock_init_recursive
                0x08003408        0x2 /opt/st/stm32cubeide_1.18.0/plugins/com.st.stm32cube.ide.mcu.externaltools.gnu-tools-for-stm32.13.3.rel1.linux64_1.0.0.202410170706/tools/bin/../lib/gcc/arm-none-eabi/13.3.1/../../../../arm-none-eabi/lib/thumb/v7e-m+fp/hard/libc_nano.a(libc_a-lock.o)
                0x08003408                __retarget_lock_init_recursive
 .text.__retarget_lock_acquire_recursive
                0x0800340a        0x2 /opt/st/stm32cubeide_1.18.0/plugins/com.st.stm32cube.ide.mcu.externaltools.gnu-tools-for-stm32.13.3.rel1.linux64_1.0.0.202410170706/tools/bin/../lib/gcc/arm-none-eabi/13.3.1/../../../../arm-none-eabi/lib/thumb/v7e-m+fp/hard/libc_nano.a(libc_a-lock.o)
                0x0800340a                __retarget_lock_acquire_recursive
 .text.__retarget_lock_release_recursive
                0x0800340c        0x2 /opt/st/stm32cubeide_1.18.0/plugins/com.st.stm32cube.ide.mcu.externaltools.gnu-tools-for-stm32.13.3.rel1.linux64_1.0.0.202410170706/tools/bin/../lib/gcc/arm-none-eabi/13.3.1/../../../../arm-none-eabi/lib/thumb/v7e-m+fp/hard/libc_nano.a(libc_a-lock.o)
                0x0800340c                __retarget_lock_release_recursive
 .text.memcpy   0x0800340e       0x1c /opt/st/stm32cubeide_1.18.0/plugins/com.st.stm32cube.ide.mcu.externaltools.gnu-tools-for-stm32.13.3.rel1.linux64_1.0.0.202410170706/tools/bin/../lib/gcc/arm-none-eabi/13.3.1/../../../../arm-none-eabi/lib/thumb/v7e-m+fp/hard/libc_nano.a(libc_a-memcpy-stub.o)
                0x0800340e                memcpy
 *fill*         0x0800342a        0x2 
 .text._free_r  0x0800342c       0x94 /opt/st/stm32cubeide_1.18.0/plugins/com.st.stm32cube.ide.mcu.externaltools.gnu-tools-for-stm32.13.3.rel1.linux64_1.0.0.202410170706/tools/bin/../lib/gcc/arm-none-eabi/13.3.1/../../../../arm-none-eabi/lib/thumb/v7e-m+fp/hard/libc_nano.a(libc_a-freer.o)
                0x0800342c                _free_r
 .text.sbrk_aligned
                0x080034c0       0x44 /opt/st/stm32cubeide_1.18.0/plugins/com.st.stm32cube.ide.mcu.externaltools.gnu-tools-for-stm32.13.3.rel1.linux64_1.0.0.202410170706/tools/bin/../lib/gcc/arm-none-eabi/13.3.1/../../../../arm-none-eabi/lib/thumb/v7e-m+fp/hard/libc_nano.a(libc_a-mallocr.o)
 .text._malloc_r
                0x08003504      0x100 /opt/st/stm32cubeide_1.18.0/plugins/com.st.stm32cube.ide.mcu.externaltools.gnu-tools-for-stm32.13.3.rel1.linux64_1.0.0.202410170706/tools/bin/../lib/gcc/arm-none-eabi/13.3.1/../../../../arm-none-eabi/lib/thumb/v7e-m+fp/hard/libc_nano.a(libc_a-mallocr.o)
                0x08003504                _malloc_r
 .text.__malloc_lock
                0x08003604        0xc /opt/st/stm32cubeide_1.18.0/plugins/com.st.stm32cube.ide.mcu.externaltools.gnu-tools-for-stm32.13.3.rel1.linux64_1.0.0.202410170706/tools/bin/../lib/gcc/arm-none-eabi/13.3.1/../../../../arm-none-eabi/lib/thumb/v7e-m+fp/hard/libc_nano.a(libc_a-mlock.o)
                0x08003604                __malloc_lock
 .text.__malloc_unlock
                0x08003610        0xc /opt/st/stm32cubeide_1.18.0/plugins/com.st.stm32cube.ide.mcu.externaltools.gnu-tools-for-stm32.13.3.rel1.linux64_1.0.0.202410170706/tools/bin/../lib/gcc/arm-none-eabi/13.3.1/../../../../arm-none-eabi/lib/thumb/v7e-m+fp/hard/libc_nano.a(libc_a-mlock.o)
                0x08003610                __malloc_unlock
 .text.__sflush_r
                0x0800361c      0x108 /opt/st/stm32cubeide_1.18.0/plugins/com.st.stm32cube.ide.mcu.externaltools.gnu-tools-for-stm32.13.3.rel1.linux64_1.0.0.202410170706/tools/bin/../lib/gcc/arm-none-eabi/13.3.1/../../../../arm-none-eabi/lib/thumb/v7e-m+fp/hard/libc_nano.a(libc_a-fflush.o)
                0x0800361c                __sflush_r
 .text._fflush_r
                0x08003724       0x50 /opt/st/stm32cubeide_1.18.0/plugins/com.st.stm32cube.ide.mcu.externaltools.gnu-tools-for-stm32.13.3.rel1.linux64_1.0.0.202410170706/tools/bin/../lib/gcc/arm-none-eabi/13.3.1/../../../../arm-none-eabi/lib/thumb/v7e-m+fp/hard/libc_nano.a(libc_a-fflush.o)
                0x08003724                _fflush_r
 .text.__swhatbuf_r
                0x08003774       0x4c /opt/st/stm32cubeide_1.18.0/plugins/com.st.stm32cube.ide.mcu.externaltools.gnu-tools-for-stm32.13.3.rel1.linux64_1.0.0.202410170706/tools/bin/../lib/gcc/arm-none-eabi/13.3.1/../../../../arm-none-eabi/lib/thumb/v7e-m+fp/hard/libc_nano.a(libc_a-makebuf.o)
                0x08003774                __swhatbuf_r
 .text.__smakebuf_r
                0x080037c0       0x78 /opt/st/stm32cubeide_1.18.0/plugins/com.st.stm32cube.ide.mcu.externaltools.gnu-tools-for-stm32.13.3.rel1.linux64_1.0.0.202410170706/tools/bin/../lib/gcc/arm-none-eabi/13.3.1/../../../../arm-none-eabi/lib/thumb/v7e-m+fp/hard/libc_nano.a(libc_a-makebuf.o)
                0x080037c0                __smakebuf_r
 .text._fstat_r
                0x08003838       0x24 /opt/st/stm32cubeide_1.18.0/plugins/com.st.stm32cube.ide.mcu.externaltools.gnu-tools-for-stm32.13.3.rel1.linux64_1.0.0.202410170706/tools/bin/../lib/gcc/arm-none-eabi/13.3.1/../../../../arm-none-eabi/lib/thumb/v7e-m+fp/hard/libc_nano.a(libc_a-fstatr.o)
                0x08003838                _fstat_r
 .text._isatty_r
                0x0800385c       0x20 /opt/st/stm32cubeide_1.18.0/plugins/com.st.stm32cube.ide.mcu.externaltools.gnu-tools-for-stm32.13.3.rel1.linux64_1.0.0.202410170706/tools/bin/../lib/gcc/arm-none-eabi/13.3.1/../../../../arm-none-eabi/lib/thumb/v7e-m+fp/hard/libc_nano.a(libc_a-isattyr.o)
                0x0800385c                _isatty_r
 .text._sbrk_r  0x0800387c       0x20 /opt/st/stm32cubeide_1.18.0/plugins/com.st.stm32cube.ide.mcu.externaltools.gnu-tools-for-stm32.13.3.rel1.linux64_1.0.0.202410170706/tools/bin/../lib/gcc/arm-none-eabi/13.3.1/../../../../arm-none-eabi/lib/thumb/v7e-m+fp/hard/libc_nano.a(libc_a-sbrkr.o)
                0x0800387c                _sbrk_r
 *(.glue_7)
 .glue_7        0x0800389c        0x0 linker stubs
 *(.glue_7t)
 .glue_7t       0x0800389c        0x0 linker stubs
 *(.eh_frame)
 .eh_frame      0x0800389c        0x0 /opt/st/stm32cubeide_1.18.0/plugins/com.st.stm32cube.ide.mcu.externaltools.gnu-tools-for-stm32.13.3.rel1.linux64_1.0.0.202410170706/tools/bin/../lib/gcc/arm-none-eabi/13.3.1/thumb/v7e-m+fp/hard/crtbegin.o
 *(.init)
 .init          0x0800389c        0x4 /opt/st/stm32cubeide_1.18.0/plugins/com.st.stm32cube.ide.mcu.externaltools.gnu-tools-for-stm32.13.3.rel1.linux64_1.0.0.202410170706/tools/bin/../lib/gcc/arm-none-eabi/13.3.1/thumb/v7e-m+fp/hard/crti.o
                0x0800389c                _init
 .init          0x080038a0        0x8 /opt/st/stm32cubeide_1.18.0/plugins/com.st.stm32cube.ide.mcu.externaltools.gnu-tools-for-stm32.13.3.rel1.linux64_1.0.0.202410170706/tools/bin/../lib/gcc/arm-none-eabi/13.3.1/thumb/v7e-m+fp/hard/crtn.o
 *(.fini)
 .fini          0x080038a8        0x4 /opt/st/stm32cubeide_1.18.0/plugins/com.st.stm32cube.ide.mcu.externaltools.gnu-tools-for-stm32.13.3.rel1.linux64_1.0.0.202410170706/tools/bin/../lib/gcc/arm-none-eabi/13.3.1/thumb/v7e-m+fp/hard/crti.o
                0x080038a8                _fini
 .fini          0x080038ac        0x8 /opt/st/stm32cubeide_1.18.0/plugins/com.st.stm32cube.ide.mcu.externaltools.gnu-tools-for-stm32.13.3.rel1.linux64_1.0.0.202410170706/tools/bin/../lib/gcc/arm-none-eabi/13.3.1/thumb/v7e-m+fp/hard/crtn.o
                0x080038b4                        . = ALIGN (0x4)
                0x080038b4                        _etext = .

.vfp11_veneer   0x080038b4        0x0
 .vfp11_veneer  0x080038b4        0x0 linker stubs

.v4_bx          0x080038b4        0x0
 .v4_bx         0x080038b4        0x0 linker stubs

.iplt           0x080038b4        0x0
 .iplt          0x080038b4        0x0 /opt/st/stm32cubeide_1.18.0/plugins/com.st.stm32cube.ide.mcu.externaltools.gnu-tools-for-stm32.13.3.rel1.linux64_1.0.0.202410170706/tools/bin/../lib/gcc/arm-none-eabi/13.3.1/thumb/v7e-m+fp/hard/crtbegin.o

.rodata         0x080038b4       0x68
                0x080038b4                        . = ALIGN (0x4)
 *(.rodata)
 .rodata        0x080038b4       0x4b ./Core/Src/main.o
 *fill*         0x080038ff        0x1 
 .rodata        0x08003900        0x5 ./ThirdParty/FreeRTOS/tasks.o
 *fill*         0x08003905        0x3 
 .rodata        0x08003908        0xd ./ThirdParty/FreeRTOS/timers.o
 *(.rodata*)
 *fill*         0x08003915        0x3 
 .rodata.uxTopUsedPriority
                0x08003918        0x4 ./ThirdParty/FreeRTOS/tasks.o
                0x0800391c                        . = ALIGN (0x4)

.ARM.extab      0x0800391c        0x0
                0x0800391c                        . = ALIGN (0x4)
 *(.ARM.extab* .gnu.linkonce.armextab.*)
                0x0800391c                        . = ALIGN (0x4)

.ARM            0x0800391c        0x0
                0x0800391c                        . = ALIGN (0x4)
                0x0800391c                        __exidx_start = .
 *(.ARM.exidx*)
                0x0800391c                        __exidx_end = .
                0x0800391c                        . = ALIGN (0x4)

.preinit_array  0x0800391c        0x0
                0x0800391c                        . = ALIGN (0x4)
                0x0800391c                        PROVIDE (__preinit_array_start = .)
 *(.preinit_array*)
                0x0800391c                        PROVIDE (__preinit_array_end = .)
                0x0800391c                        . = ALIGN (0x4)

.init_array     0x0800391c        0x4
                0x0800391c                        . = ALIGN (0x4)
                0x0800391c                        PROVIDE (__init_array_start = .)
 *(SORT_BY_NAME(.init_array.*))
 *(.init_array*)
 .init_array    0x0800391c        0x4 /opt/st/stm32cubeide_1.18.0/plugins/com.st.stm32cube.ide.mcu.externaltools.gnu-tools-for-stm32.13.3.rel1.linux64_1.0.0.202410170706/tools/bin/../lib/gcc/arm-none-eabi/13.3.1/thumb/v7e-m+fp/hard/crtbegin.o
                0x08003920                        PROVIDE (__init_array_end = .)
                0x08003920                        . = ALIGN (0x4)

.fini_array     0x08003920        0x4
                0x08003920                        . = ALIGN (0x4)
                [!provide]                        PROVIDE (__fini_array_start = .)
 *(SORT_BY_NAME(.fini_array.*))
 *(.fini_array*)
 .fini_array    0x08003920        0x4 /opt/st/stm32cubeide_1.18.0/plugins/com.st.stm32cube.ide.mcu.externaltools.gnu-tools-for-stm32.13.3.rel1.linux64_1.0.0.202410170706/tools/bin/../lib/gcc/arm-none-eabi/13.3.1/thumb/v7e-m+fp/hard/crtbegin.o
                [!provide]                        PROVIDE (__fini_array_end = .)
                0x08003924                        . = ALIGN (0x4)
                0x08003924                        _sidata = LOADADDR (.data)

.rel.dyn        0x08003924        0x0
 .rel.iplt      0x08003924        0x0 /opt/st/stm32cubeide_1.18.0/plugins/com.st.stm32cube.ide.mcu.externaltools.gnu-tools-for-stm32.13.3.rel1.linux64_1.0.0.202410170706/tools/bin/../lib/gcc/arm-none-eabi/13.3.1/thumb/v7e-m+fp/hard/crtbegin.o

.data           0x20000000       0x64 load address 0x08003924
                0x20000000                        . = ALIGN (0x4)
                0x20000000                        _sdata = .
 *(.data)
 *(.data*)
 .data.SystemCoreClock
                0x20000000        0x4 ./Core/Src/system_stm32f4xx.o
                0x20000000                SystemCoreClock
 .data.uxCriticalNesting
                0x20000004        0x4 ./ThirdParty/FreeRTOS/portable/GCC/ARM_CM4F/port.o
 .data.__sglue  0x20000008        0xc /opt/st/stm32cubeide_1.18.0/plugins/com.st.stm32cube.ide.mcu.externaltools.gnu-tools-for-stm32.13.3.rel1.linux64_1.0.0.202410170706/tools/bin/../lib/gcc/arm-none-eabi/13.3.1/../../../../arm-none-eabi/lib/thumb/v7e-m+fp/hard/libc_nano.a(libc_a-findfp.o)
                0x20000008                __sglue
 .data._impure_ptr
                0x20000014        0x4 /opt/st/stm32cubeide_1.18.0/plugins/com.st.stm32cube.ide.mcu.externaltools.gnu-tools-for-stm32.13.3.rel1.linux64_1.0.0.202410170706/tools/bin/../lib/gcc/arm-none-eabi/13.3.1/../../../../arm-none-eabi/lib/thumb/v7e-m+fp/hard/libc_nano.a(libc_a-impure.o)
                0x20000014                _impure_ptr
 .data._impure_data
                0x20000018       0x4c /opt/st/stm32cubeide_1.18.0/plugins/com.st.stm32cube.ide.mcu.externaltools.gnu-tools-for-stm32.13.3.rel1.linux64_1.0.0.202410170706/tools/bin/../lib/gcc/arm-none-eabi/13.3.1/../../../../arm-none-eabi/lib/thumb/v7e-m+fp/hard/libc_nano.a(libc_a-impure.o)
                0x20000018                _impure_data
 *(.RamFunc)
 *(.RamFunc*)
                0x20000064                        . = ALIGN (0x4)
                0x20000064                        _edata = .

.igot.plt       0x20000064        0x0 load address 0x08003988
 .igot.plt      0x20000064        0x0 /opt/st/stm32cubeide_1.18.0/plugins/com.st.stm32cube.ide.mcu.externaltools.gnu-tools-for-stm32.13.3.rel1.linux64_1.0.0.202410170706/tools/bin/../lib/gcc/arm-none-eabi/13.3.1/thumb/v7e-m+fp/hard/crtbegin.o
                0x20000064                        . = ALIGN (0x4)

.bss            0x20000064     0xf710 load address 0x08003988
                0x20000064                        _sbss = .
                0x20000064                        __bss_start__ = _sbss
 *(.bss)
 .bss           0x20000064       0x1c /opt/st/stm32cubeide_1.18.0/plugins/com.st.stm32cube.ide.mcu.externaltools.gnu-tools-for-stm32.13.3.rel1.linux64_1.0.0.202410170706/tools/bin/../lib/gcc/arm-none-eabi/13.3.1/thumb/v7e-m+fp/hard/crtbegin.o
 *(.bss*)
 .bss.__sbrk_heap_end
                0x20000080        0x4 ./Core/Src/sysmem.o
 .bss.xQueueRegistry
                0x20000084       0x40 ./ThirdParty/FreeRTOS/queue.o
                0x20000084                xQueueRegistry
 .bss.pxCurrentTCB
                0x200000c4        0x4 ./ThirdParty/FreeRTOS/tasks.o
                0x200000c4                pxCurrentTCB
 .bss.pxReadyTasksLists
                0x200000c8       0x64 ./ThirdParty/FreeRTOS/tasks.o
 .bss.xDelayedTaskList1
                0x2000012c       0x14 ./ThirdParty/FreeRTOS/tasks.o
 .bss.xDelayedTaskList2
                0x20000140       0x14 ./ThirdParty/FreeRTOS/tasks.o
 .bss.pxDelayedTaskList
                0x20000154        0x4 ./ThirdParty/FreeRTOS/tasks.o
 .bss.pxOverflowDelayedTaskList
                0x20000158        0x4 ./ThirdParty/FreeRTOS/tasks.o
 .bss.xPendingReadyList
                0x2000015c       0x14 ./ThirdParty/FreeRTOS/tasks.o
 .bss.xTasksWaitingTermination
                0x20000170       0x14 ./ThirdParty/FreeRTOS/tasks.o
 .bss.uxDeletedTasksWaitingCleanUp
                0x20000184        0x4 ./ThirdParty/FreeRTOS/tasks.o
 .bss.xSuspendedTaskList
                0x20000188       0x14 ./ThirdParty/FreeRTOS/tasks.o
 .bss.uxCurrentNumberOfTasks
                0x2000019c        0x4 ./ThirdParty/FreeRTOS/tasks.o
 .bss.xTickCount
                0x200001a0        0x4 ./ThirdParty/FreeRTOS/tasks.o
 .bss.uxTopReadyPriority
                0x200001a4        0x4 ./ThirdParty/FreeRTOS/tasks.o
 .bss.xSchedulerRunning
                0x200001a8        0x4 ./ThirdParty/FreeRTOS/tasks.o
 .bss.xPendedTicks
                0x200001ac        0x4 ./ThirdParty/FreeRTOS/tasks.o
 .bss.xYieldPendings
                0x200001b0        0x4 ./ThirdParty/FreeRTOS/tasks.o
 .bss.xNumOfOverflows
                0x200001b4        0x4 ./ThirdParty/FreeRTOS/tasks.o
 .bss.uxTaskNumber
                0x200001b8        0x4 ./ThirdParty/FreeRTOS/tasks.o
 .bss.xNextTaskUnblockTime
                0x200001bc        0x4 ./ThirdParty/FreeRTOS/tasks.o
 .bss.xIdleTaskHandles
                0x200001c0        0x4 ./ThirdParty/FreeRTOS/tasks.o
 .bss.uxSchedulerSuspended
                0x200001c4        0x4 ./ThirdParty/FreeRTOS/tasks.o
 .bss.xActiveTimerList1
                0x200001c8       0x14 ./ThirdParty/FreeRTOS/timers.o
 .bss.xActiveTimerList2
                0x200001dc       0x14 ./ThirdParty/FreeRTOS/timers.o
 .bss.pxCurrentTimerList
                0x200001f0        0x4 ./ThirdParty/FreeRTOS/timers.o
 .bss.pxOverflowTimerList
                0x200001f4        0x4 ./ThirdParty/FreeRTOS/timers.o
 .bss.xTimerQueue
                0x200001f8        0x4 ./ThirdParty/FreeRTOS/timers.o
 .bss.xTimerTaskHandle
                0x200001fc        0x4 ./ThirdParty/FreeRTOS/timers.o
 .bss.xLastTime.0
                0x20000200        0x4 ./ThirdParty/FreeRTOS/timers.o
 .bss.ucMaxSysCallPriority
                0x20000204        0x1 ./ThirdParty/FreeRTOS/portable/GCC/ARM_CM4F/port.o
 *fill*         0x20000205        0x3 
 .bss.ulMaxPRIGROUPValue
                0x20000208        0x4 ./ThirdParty/FreeRTOS/portable/GCC/ARM_CM4F/port.o
 .bss.ucHeap    0x2000020c     0xf400 ./ThirdParty/FreeRTOS/portable/MemMang/heap_4.o
 .bss.xStart    0x2000f60c        0x8 ./ThirdParty/FreeRTOS/portable/MemMang/heap_4.o
 .bss.pxEnd     0x2000f614        0x4 ./ThirdParty/FreeRTOS/portable/MemMang/heap_4.o
 .bss.xFreeBytesRemaining
                0x2000f618        0x4 ./ThirdParty/FreeRTOS/portable/MemMang/heap_4.o
 .bss.xMinimumEverFreeBytesRemaining
                0x2000f61c        0x4 ./ThirdParty/FreeRTOS/portable/MemMang/heap_4.o
 .bss.xNumberOfSuccessfulAllocations
                0x2000f620        0x4 ./ThirdParty/FreeRTOS/portable/MemMang/heap_4.o
 .bss.xNumberOfSuccessfulFrees
                0x2000f624        0x4 ./ThirdParty/FreeRTOS/portable/MemMang/heap_4.o
 .bss.__sf      0x2000f628      0x138 /opt/st/stm32cubeide_1.18.0/plugins/com.st.stm32cube.ide.mcu.externaltools.gnu-tools-for-stm32.13.3.rel1.linux64_1.0.0.202410170706/tools/bin/../lib/gcc/arm-none-eabi/13.3.1/../../../../arm-none-eabi/lib/thumb/v7e-m+fp/hard/libc_nano.a(libc_a-findfp.o)
                0x2000f628                __sf
 .bss.__stdio_exit_handler
                0x2000f760        0x4 /opt/st/stm32cubeide_1.18.0/plugins/com.st.stm32cube.ide.mcu.externaltools.gnu-tools-for-stm32.13.3.rel1.linux64_1.0.0.202410170706/tools/bin/../lib/gcc/arm-none-eabi/13.3.1/../../../../arm-none-eabi/lib/thumb/v7e-m+fp/hard/libc_nano.a(libc_a-findfp.o)
                0x2000f760                __stdio_exit_handler
 .bss.errno     0x2000f764        0x4 /opt/st/stm32cubeide_1.18.0/plugins/com.st.stm32cube.ide.mcu.externaltools.gnu-tools-for-stm32.13.3.rel1.linux64_1.0.0.202410170706/tools/bin/../lib/gcc/arm-none-eabi/13.3.1/../../../../arm-none-eabi/lib/thumb/v7e-m+fp/hard/libc_nano.a(libc_a-reent.o)
                0x2000f764                errno
 .bss.__lock___malloc_recursive_mutex
                0x2000f768        0x1 /opt/st/stm32cubeide_1.18.0/plugins/com.st.stm32cube.ide.mcu.externaltools.gnu-tools-for-stm32.13.3.rel1.linux64_1.0.0.202410170706/tools/bin/../lib/gcc/arm-none-eabi/13.3.1/../../../../arm-none-eabi/lib/thumb/v7e-m+fp/hard/libc_nano.a(libc_a-lock.o)
                0x2000f768                __lock___malloc_recursive_mutex
 .bss.__lock___sfp_recursive_mutex
                0x2000f769        0x1 /opt/st/stm32cubeide_1.18.0/plugins/com.st.stm32cube.ide.mcu.externaltools.gnu-tools-for-stm32.13.3.rel1.linux64_1.0.0.202410170706/tools/bin/../lib/gcc/arm-none-eabi/13.3.1/../../../../arm-none-eabi/lib/thumb/v7e-m+fp/hard/libc_nano.a(libc_a-lock.o)
                0x2000f769                __lock___sfp_recursive_mutex
 *fill*         0x2000f76a        0x2 
 .bss.__malloc_sbrk_start
                0x2000f76c        0x4 /opt/st/stm32cubeide_1.18.0/plugins/com.st.stm32cube.ide.mcu.externaltools.gnu-tools-for-stm32.13.3.rel1.linux64_1.0.0.202410170706/tools/bin/../lib/gcc/arm-none-eabi/13.3.1/../../../../arm-none-eabi/lib/thumb/v7e-m+fp/hard/libc_nano.a(libc_a-mallocr.o)
                0x2000f76c                __malloc_sbrk_start
 .bss.__malloc_free_list
                0x2000f770        0x4 /opt/st/stm32cubeide_1.18.0/plugins/com.st.stm32cube.ide.mcu.externaltools.gnu-tools-for-stm32.13.3.rel1.linux64_1.0.0.202410170706/tools/bin/../lib/gcc/arm-none-eabi/13.3.1/../../../../arm-none-eabi/lib/thumb/v7e-m+fp/hard/libc_nano.a(libc_a-mallocr.o)
                0x2000f770                __malloc_free_list
 *(COMMON)
                0x2000f774                        . = ALIGN (0x4)
                0x2000f774                        _ebss = .
                0x2000f774                        __bss_end__ = _ebss

._user_heap_stack
                0x2000f774      0x604 load address 0x08003988
                0x2000f778                        . = ALIGN (0x8)
 *fill*         0x2000f774        0x4 
                [!provide]                        PROVIDE (end = .)
                0x2000f778                        PROVIDE (_end = .)
                0x2000f978                        . = (. + _Min_Heap_Size)
 *fill*         0x2000f778      0x200 
                0x2000fd78                        . = (. + _Min_Stack_Size)
 *fill*         0x2000f978      0x400 
                0x2000fd78                        . = ALIGN (0x8)

/DISCARD/
 libc.a(*)
 libm.a(*)
 libgcc.a(*)

.ARM.attributes
                0x00000000       0x30
 *(.ARM.attributes)
 .ARM.attributes
                0x00000000       0x22 /opt/st/stm32cubeide_1.18.0/plugins/com.st.stm32cube.ide.mcu.externaltools.gnu-tools-for-stm32.13.3.rel1.linux64_1.0.0.202410170706/tools/bin/../lib/gcc/arm-none-eabi/13.3.1/thumb/v7e-m+fp/hard/crti.o
 .ARM.attributes
                0x00000022       0x34 /opt/st/stm32cubeide_1.18.0/plugins/com.st.stm32cube.ide.mcu.externaltools.gnu-tools-for-stm32.13.3.rel1.linux64_1.0.0.202410170706/tools/bin/../lib/gcc/arm-none-eabi/13.3.1/thumb/v7e-m+fp/hard/crtbegin.o
 .ARM.attributes
                0x00000056       0x34 ./Core/Src/main.o
 .ARM.attributes
                0x0000008a       0x34 ./Core/Src/stm32f4xx_it.o
 .ARM.attributes
                0x000000be       0x34 ./Core/Src/syscalls.o
 .ARM.attributes
                0x000000f2       0x34 ./Core/Src/sysmem.o
 .ARM.attributes
                0x00000126       0x34 ./Core/Src/system_stm32f4xx.o
 .ARM.attributes
                0x0000015a       0x21 ./Core/Startup/startup_stm32f401ccux.o
 .ARM.attributes
                0x0000017b       0x34 ./Drivers/STM32F4xx_HAL_Driver/Src/stm32f4xx_ll_utils.o
 .ARM.attributes
                0x000001af       0x34 ./ThirdParty/FreeRTOS/list.o
 .ARM.attributes
                0x000001e3       0x34 ./ThirdParty/FreeRTOS/queue.o
 .ARM.attributes
                0x00000217       0x34 ./ThirdParty/FreeRTOS/tasks.o
 .ARM.attributes
                0x0000024b       0x34 ./ThirdParty/FreeRTOS/timers.o
 .ARM.attributes
                0x0000027f       0x34 ./ThirdParty/FreeRTOS/portable/GCC/ARM_CM4F/port.o
 .ARM.attributes
                0x000002b3       0x34 ./ThirdParty/FreeRTOS/portable/MemMang/heap_4.o
 .ARM.attributes
                0x000002e7       0x34 /opt/st/stm32cubeide_1.18.0/plugins/com.st.stm32cube.ide.mcu.externaltools.gnu-tools-for-stm32.13.3.rel1.linux64_1.0.0.202410170706/tools/bin/../lib/gcc/arm-none-eabi/13.3.1/../../../../arm-none-eabi/lib/thumb/v7e-m+fp/hard/libc_nano.a(libc_a-findfp.o)
 .ARM.attributes
                0x0000031b       0x34 /opt/st/stm32cubeide_1.18.0/plugins/com.st.stm32cube.ide.mcu.externaltools.gnu-tools-for-stm32.13.3.rel1.linux64_1.0.0.202410170706/tools/bin/../lib/gcc/arm-none-eabi/13.3.1/../../../../arm-none-eabi/lib/thumb/v7e-m+fp/hard/libc_nano.a(libc_a-fwalk.o)
 .ARM.attributes
                0x0000034f       0x34 /opt/st/stm32cubeide_1.18.0/plugins/com.st.stm32cube.ide.mcu.externaltools.gnu-tools-for-stm32.13.3.rel1.linux64_1.0.0.202410170706/tools/bin/../lib/gcc/arm-none-eabi/13.3.1/../../../../arm-none-eabi/lib/thumb/v7e-m+fp/hard/libc_nano.a(libc_a-puts.o)
 .ARM.attributes
                0x00000383       0x34 /opt/st/stm32cubeide_1.18.0/plugins/com.st.stm32cube.ide.mcu.externaltools.gnu-tools-for-stm32.13.3.rel1.linux64_1.0.0.202410170706/tools/bin/../lib/gcc/arm-none-eabi/13.3.1/../../../../arm-none-eabi/lib/thumb/v7e-m+fp/hard/libc_nano.a(libc_a-stdio.o)
 .ARM.attributes
                0x000003b7       0x34 /opt/st/stm32cubeide_1.18.0/plugins/com.st.stm32cube.ide.mcu.externaltools.gnu-tools-for-stm32.13.3.rel1.linux64_1.0.0.202410170706/tools/bin/../lib/gcc/arm-none-eabi/13.3.1/../../../../arm-none-eabi/lib/thumb/v7e-m+fp/hard/libc_nano.a(libc_a-wbuf.o)
 .ARM.attributes
                0x000003eb       0x34 /opt/st/stm32cubeide_1.18.0/plugins/com.st.stm32cube.ide.mcu.externaltools.gnu-tools-for-stm32.13.3.rel1.linux64_1.0.0.202410170706/tools/bin/../lib/gcc/arm-none-eabi/13.3.1/../../../../arm-none-eabi/lib/thumb/v7e-m+fp/hard/libc_nano.a(libc_a-wsetup.o)
 .ARM.attributes
                0x0000041f       0x34 /opt/st/stm32cubeide_1.18.0/plugins/com.st.stm32cube.ide.mcu.externaltools.gnu-tools-for-stm32.13.3.rel1.linux64_1.0.0.202410170706/tools/bin/../lib/gcc/arm-none-eabi/13.3.1/../../../../arm-none-eabi/lib/thumb/v7e-m+fp/hard/libc_nano.a(libc_a-memset.o)
 .ARM.attributes
                0x00000453       0x34 /opt/st/stm32cubeide_1.18.0/plugins/com.st.stm32cube.ide.mcu.externaltools.gnu-tools-for-stm32.13.3.rel1.linux64_1.0.0.202410170706/tools/bin/../lib/gcc/arm-none-eabi/13.3.1/../../../../arm-none-eabi/lib/thumb/v7e-m+fp/hard/libc_nano.a(libc_a-closer.o)
 .ARM.attributes
                0x00000487       0x34 /opt/st/stm32cubeide_1.18.0/plugins/com.st.stm32cube.ide.mcu.externaltools.gnu-tools-for-stm32.13.3.rel1.linux64_1.0.0.202410170706/tools/bin/../lib/gcc/arm-none-eabi/13.3.1/../../../../arm-none-eabi/lib/thumb/v7e-m+fp/hard/libc_nano.a(libc_a-reent.o)
 .ARM.attributes
                0x000004bb       0x34 /opt/st/stm32cubeide_1.18.0/plugins/com.st.stm32cube.ide.mcu.externaltools.gnu-tools-for-stm32.13.3.rel1.linux64_1.0.0.202410170706/tools/bin/../lib/gcc/arm-none-eabi/13.3.1/../../../../arm-none-eabi/lib/thumb/v7e-m+fp/hard/libc_nano.a(libc_a-impure.o)
 .ARM.attributes
                0x000004ef       0x34 /opt/st/stm32cubeide_1.18.0/plugins/com.st.stm32cube.ide.mcu.externaltools.gnu-tools-for-stm32.13.3.rel1.linux64_1.0.0.202410170706/tools/bin/../lib/gcc/arm-none-eabi/13.3.1/../../../../arm-none-eabi/lib/thumb/v7e-m+fp/hard/libc_nano.a(libc_a-lseekr.o)
 .ARM.attributes
                0x00000523       0x34 /opt/st/stm32cubeide_1.18.0/plugins/com.st.stm32cube.ide.mcu.externaltools.gnu-tools-for-stm32.13.3.rel1.linux64_1.0.0.202410170706/tools/bin/../lib/gcc/arm-none-eabi/13.3.1/../../../../arm-none-eabi/lib/thumb/v7e-m+fp/hard/libc_nano.a(libc_a-readr.o)
 .ARM.attributes
                0x00000557       0x34 /opt/st/stm32cubeide_1.18.0/plugins/com.st.stm32cube.ide.mcu.externaltools.gnu-tools-for-stm32.13.3.rel1.linux64_1.0.0.202410170706/tools/bin/../lib/gcc/arm-none-eabi/13.3.1/../../../../arm-none-eabi/lib/thumb/v7e-m+fp/hard/libc_nano.a(libc_a-writer.o)
 .ARM.attributes
                0x0000058b       0x34 /opt/st/stm32cubeide_1.18.0/plugins/com.st.stm32cube.ide.mcu.externaltools.gnu-tools-for-stm32.13.3.rel1.linux64_1.0.0.202410170706/tools/bin/../lib/gcc/arm-none-eabi/13.3.1/../../../../arm-none-eabi/lib/thumb/v7e-m+fp/hard/libc_nano.a(libc_a-errno.o)
 .ARM.attributes
                0x000005bf       0x34 /opt/st/stm32cubeide_1.18.0/plugins/com.st.stm32cube.ide.mcu.externaltools.gnu-tools-for-stm32.13.3.rel1.linux64_1.0.0.202410170706/tools/bin/../lib/gcc/arm-none-eabi/13.3.1/../../../../arm-none-eabi/lib/thumb/v7e-m+fp/hard/libc_nano.a(libc_a-init.o)
 .ARM.attributes
                0x000005f3       0x34 /opt/st/stm32cubeide_1.18.0/plugins/com.st.stm32cube.ide.mcu.externaltools.gnu-tools-for-stm32.13.3.rel1.linux64_1.0.0.202410170706/tools/bin/../lib/gcc/arm-none-eabi/13.3.1/../../../../arm-none-eabi/lib/thumb/v7e-m+fp/hard/libc_nano.a(libc_a-lock.o)
 .ARM.attributes
                0x00000627       0x34 /opt/st/stm32cubeide_1.18.0/plugins/com.st.stm32cube.ide.mcu.externaltools.gnu-tools-for-stm32.13.3.rel1.linux64_1.0.0.202410170706/tools/bin/../lib/gcc/arm-none-eabi/13.3.1/../../../../arm-none-eabi/lib/thumb/v7e-m+fp/hard/libc_nano.a(libc_a-memcpy-stub.o)
 .ARM.attributes
                0x0000065b       0x34 /opt/st/stm32cubeide_1.18.0/plugins/com.st.stm32cube.ide.mcu.externaltools.gnu-tools-for-stm32.13.3.rel1.linux64_1.0.0.202410170706/tools/bin/../lib/gcc/arm-none-eabi/13.3.1/../../../../arm-none-eabi/lib/thumb/v7e-m+fp/hard/libc_nano.a(libc_a-freer.o)
 .ARM.attributes
                0x0000068f       0x34 /opt/st/stm32cubeide_1.18.0/plugins/com.st.stm32cube.ide.mcu.externaltools.gnu-tools-for-stm32.13.3.rel1.linux64_1.0.0.202410170706/tools/bin/../lib/gcc/arm-none-eabi/13.3.1/../../../../arm-none-eabi/lib/thumb/v7e-m+fp/hard/libc_nano.a(libc_a-mallocr.o)
 .ARM.attributes
                0x000006c3       0x34 /opt/st/stm32cubeide_1.18.0/plugins/com.st.stm32cube.ide.mcu.externaltools.gnu-tools-for-stm32.13.3.rel1.linux64_1.0.0.202410170706/tools/bin/../lib/gcc/arm-none-eabi/13.3.1/../../../../arm-none-eabi/lib/thumb/v7e-m+fp/hard/libc_nano.a(libc_a-mlock.o)
 .ARM.attributes
                0x000006f7       0x34 /opt/st/stm32cubeide_1.18.0/plugins/com.st.stm32cube.ide.mcu.externaltools.gnu-tools-for-stm32.13.3.rel1.linux64_1.0.0.202410170706/tools/bin/../lib/gcc/arm-none-eabi/13.3.1/../../../../arm-none-eabi/lib/thumb/v7e-m+fp/hard/libc_nano.a(libc_a-fflush.o)
 .ARM.attributes
                0x0000072b       0x34 /opt/st/stm32cubeide_1.18.0/plugins/com.st.stm32cube.ide.mcu.externaltools.gnu-tools-for-stm32.13.3.rel1.linux64_1.0.0.202410170706/tools/bin/../lib/gcc/arm-none-eabi/13.3.1/../../../../arm-none-eabi/lib/thumb/v7e-m+fp/hard/libc_nano.a(libc_a-makebuf.o)
 .ARM.attributes
                0x0000075f       0x34 /opt/st/stm32cubeide_1.18.0/plugins/com.st.stm32cube.ide.mcu.externaltools.gnu-tools-for-stm32.13.3.rel1.linux64_1.0.0.202410170706/tools/bin/../lib/gcc/arm-none-eabi/13.3.1/../../../../arm-none-eabi/lib/thumb/v7e-m+fp/hard/libc_nano.a(libc_a-fstatr.o)
 .ARM.attributes
                0x00000793       0x34 /opt/st/stm32cubeide_1.18.0/plugins/com.st.stm32cube.ide.mcu.externaltools.gnu-tools-for-stm32.13.3.rel1.linux64_1.0.0.202410170706/tools/bin/../lib/gcc/arm-none-eabi/13.3.1/../../../../arm-none-eabi/lib/thumb/v7e-m+fp/hard/libc_nano.a(libc_a-isattyr.o)
 .ARM.attributes
                0x000007c7       0x34 /opt/st/stm32cubeide_1.18.0/plugins/com.st.stm32cube.ide.mcu.externaltools.gnu-tools-for-stm32.13.3.rel1.linux64_1.0.0.202410170706/tools/bin/../lib/gcc/arm-none-eabi/13.3.1/../../../../arm-none-eabi/lib/thumb/v7e-m+fp/hard/libc_nano.a(libc_a-sbrkr.o)
 .ARM.attributes
                0x000007fb       0x22 /opt/st/stm32cubeide_1.18.0/plugins/com.st.stm32cube.ide.mcu.externaltools.gnu-tools-for-stm32.13.3.rel1.linux64_1.0.0.202410170706/tools/bin/../lib/gcc/arm-none-eabi/13.3.1/thumb/v7e-m+fp/hard/crtn.o
OUTPUT(FreeRTOS_HelloWorld.elf elf32-littlearm)
LOAD linker stubs
LOAD /opt/st/stm32cubeide_1.18.0/plugins/com.st.stm32cube.ide.mcu.externaltools.gnu-tools-for-stm32.13.3.rel1.linux64_1.0.0.202410170706/tools/bin/../lib/gcc/arm-none-eabi/13.3.1/../../../../arm-none-eabi/lib/thumb/v7e-m+fp/hard/libc.a
LOAD /opt/st/stm32cubeide_1.18.0/plugins/com.st.stm32cube.ide.mcu.externaltools.gnu-tools-for-stm32.13.3.rel1.linux64_1.0.0.202410170706/tools/bin/../lib/gcc/arm-none-eabi/13.3.1/../../../../arm-none-eabi/lib/thumb/v7e-m+fp/hard/libm.a
LOAD /opt/st/stm32cubeide_1.18.0/plugins/com.st.stm32cube.ide.mcu.externaltools.gnu-tools-for-stm32.13.3.rel1.linux64_1.0.0.202410170706/tools/bin/../lib/gcc/arm-none-eabi/13.3.1/thumb/v7e-m+fp/hard/libgcc.a

.debug_info     0x00000000     0x8354
 .debug_info    0x00000000      0xd48 ./Core/Src/main.o
 .debug_info    0x00000d48      0x115 ./Core/Src/stm32f4xx_it.o
 .debug_info    0x00000e5d      0x6d1 ./Core/Src/syscalls.o
 .debug_info    0x0000152e      0x168 ./Core/Src/sysmem.o
 .debug_info    0x00001696      0x537 ./Core/Src/system_stm32f4xx.o
 .debug_info    0x00001bcd       0x30 ./Core/Startup/startup_stm32f401ccux.o
 .debug_info    0x00001bfd      0x925 ./Drivers/STM32F4xx_HAL_Driver/Src/stm32f4xx_ll_utils.o
 .debug_info    0x00002522      0x2aa ./ThirdParty/FreeRTOS/list.o
 .debug_info    0x000027cc     0x18dd ./ThirdParty/FreeRTOS/queue.o
 .debug_info    0x000040a9     0x2866 ./ThirdParty/FreeRTOS/tasks.o
 .debug_info    0x0000690f      0xece ./ThirdParty/FreeRTOS/timers.o
 .debug_info    0x000077dd      0x581 ./ThirdParty/FreeRTOS/portable/GCC/ARM_CM4F/port.o
 .debug_info    0x00007d5e      0x5f6 ./ThirdParty/FreeRTOS/portable/MemMang/heap_4.o

.debug_abbrev   0x00000000     0x18c2
 .debug_abbrev  0x00000000      0x33d ./Core/Src/main.o
 .debug_abbrev  0x0000033d       0x80 ./Core/Src/stm32f4xx_it.o
 .debug_abbrev  0x000003bd      0x1b1 ./Core/Src/syscalls.o
 .debug_abbrev  0x0000056e       0xbc ./Core/Src/sysmem.o
 .debug_abbrev  0x0000062a      0x11a ./Core/Src/system_stm32f4xx.o
 .debug_abbrev  0x00000744       0x24 ./Core/Startup/startup_stm32f401ccux.o
 .debug_abbrev  0x00000768      0x232 ./Drivers/STM32F4xx_HAL_Driver/Src/stm32f4xx_ll_utils.o
 .debug_abbrev  0x0000099a       0xee ./ThirdParty/FreeRTOS/list.o
 .debug_abbrev  0x00000a88      0x323 ./ThirdParty/FreeRTOS/queue.o
 .debug_abbrev  0x00000dab      0x398 ./ThirdParty/FreeRTOS/tasks.o
 .debug_abbrev  0x00001143      0x2dd ./ThirdParty/FreeRTOS/timers.o
 .debug_abbrev  0x00001420      0x248 ./ThirdParty/FreeRTOS/portable/GCC/ARM_CM4F/port.o
 .debug_abbrev  0x00001668      0x25a ./ThirdParty/FreeRTOS/portable/MemMang/heap_4.o

.debug_aranges  0x00000000      0x8d0
 .debug_aranges
                0x00000000       0xe0 ./Core/Src/main.o
 .debug_aranges
                0x000000e0       0x48 ./Core/Src/stm32f4xx_it.o
 .debug_aranges
                0x00000128       0xb0 ./Core/Src/syscalls.o
 .debug_aranges
                0x000001d8       0x20 ./Core/Src/sysmem.o
 .debug_aranges
                0x000001f8       0x28 ./Core/Src/system_stm32f4xx.o
 .debug_aranges
                0x00000220       0x28 ./Core/Startup/startup_stm32f401ccux.o
 .debug_aranges
                0x00000248       0xf8 ./Drivers/STM32F4xx_HAL_Driver/Src/stm32f4xx_ll_utils.o
 .debug_aranges
                0x00000340       0x40 ./ThirdParty/FreeRTOS/list.o
 .debug_aranges
                0x00000380      0x140 ./ThirdParty/FreeRTOS/queue.o
 .debug_aranges
                0x000004c0      0x228 ./ThirdParty/FreeRTOS/tasks.o
 .debug_aranges
                0x000006e8       0xf8 ./ThirdParty/FreeRTOS/timers.o
 .debug_aranges
                0x000007e0       0x80 ./ThirdParty/FreeRTOS/portable/GCC/ARM_CM4F/port.o
 .debug_aranges
                0x00000860       0x70 ./ThirdParty/FreeRTOS/portable/MemMang/heap_4.o

.debug_rnglists
                0x00000000      0x6ab
 .debug_rnglists
                0x00000000       0xa4 ./Core/Src/main.o
 .debug_rnglists
                0x000000a4       0x31 ./Core/Src/stm32f4xx_it.o
 .debug_rnglists
                0x000000d5       0x7f ./Core/Src/syscalls.o
 .debug_rnglists
                0x00000154       0x13 ./Core/Src/sysmem.o
 .debug_rnglists
                0x00000167       0x1a ./Core/Src/system_stm32f4xx.o
 .debug_rnglists
                0x00000181       0x19 ./Core/Startup/startup_stm32f401ccux.o
 .debug_rnglists
                0x0000019a       0xb8 ./Drivers/STM32F4xx_HAL_Driver/Src/stm32f4xx_ll_utils.o
 .debug_rnglists
                0x00000252       0x2b ./ThirdParty/FreeRTOS/list.o
 .debug_rnglists
                0x0000027d       0xf9 ./ThirdParty/FreeRTOS/queue.o
 .debug_rnglists
                0x00000376      0x1cb ./ThirdParty/FreeRTOS/tasks.o
 .debug_rnglists
                0x00000541       0xb9 ./ThirdParty/FreeRTOS/timers.o
 .debug_rnglists
                0x000005fa       0x5d ./ThirdParty/FreeRTOS/portable/GCC/ARM_CM4F/port.o
 .debug_rnglists
                0x00000657       0x54 ./ThirdParty/FreeRTOS/portable/MemMang/heap_4.o

.debug_macro    0x00000000    0x13c53
 .debug_macro   0x00000000      0x288 ./Core/Src/main.o
 .debug_macro   0x00000288      0xb1a ./Core/Src/main.o
 .debug_macro   0x00000da2       0x2e ./Core/Src/main.o
 .debug_macro   0x00000dd0       0x28 ./Core/Src/main.o
 .debug_macro   0x00000df8       0x22 ./Core/Src/main.o
 .debug_macro   0x00000e1a       0x8e ./Core/Src/main.o
 .debug_macro   0x00000ea8       0x51 ./Core/Src/main.o
 .debug_macro   0x00000ef9      0x103 ./Core/Src/main.o
 .debug_macro   0x00000ffc       0x6a ./Core/Src/main.o
 .debug_macro   0x00001066      0x1df ./Core/Src/main.o
 .debug_macro   0x00001245       0x1c ./Core/Src/main.o
 .debug_macro   0x00001261       0x22 ./Core/Src/main.o
 .debug_macro   0x00001283       0xfb ./Core/Src/main.o
 .debug_macro   0x0000137e     0x1011 ./Core/Src/main.o
 .debug_macro   0x0000238f      0x11f ./Core/Src/main.o
 .debug_macro   0x000024ae     0xb881 ./Core/Src/main.o
 .debug_macro   0x0000dd2f       0x6d ./Core/Src/main.o
 .debug_macro   0x0000dd9c      0x782 ./Core/Src/main.o
 .debug_macro   0x0000e51e      0x116 ./Core/Src/main.o
 .debug_macro   0x0000e634      0x1ab ./Core/Src/main.o
 .debug_macro   0x0000e7df       0xe8 ./Core/Src/main.o
 .debug_macro   0x0000e8c7      0x1a6 ./Core/Src/main.o
 .debug_macro   0x0000ea6d       0x61 ./Core/Src/main.o
 .debug_macro   0x0000eace       0xbc ./Core/Src/main.o
 .debug_macro   0x0000eb8a      0x1e6 ./Core/Src/main.o
 .debug_macro   0x0000ed70      0x149 ./Core/Src/main.o
 .debug_macro   0x0000eeb9       0x22 ./Core/Src/main.o
 .debug_macro   0x0000eedb       0x61 ./Core/Src/main.o
 .debug_macro   0x0000ef3c       0x2a ./Core/Src/main.o
 .debug_macro   0x0000ef66       0x43 ./Core/Src/main.o
 .debug_macro   0x0000efa9       0x34 ./Core/Src/main.o
 .debug_macro   0x0000efdd       0x16 ./Core/Src/main.o
 .debug_macro   0x0000eff3       0x9e ./Core/Src/main.o
 .debug_macro   0x0000f091      0x370 ./Core/Src/main.o
 .debug_macro   0x0000f401      0x112 ./Core/Src/main.o
 .debug_macro   0x0000f513       0x10 ./Core/Src/main.o
 .debug_macro   0x0000f523       0x16 ./Core/Src/main.o
 .debug_macro   0x0000f539       0x4a ./Core/Src/main.o
 .debug_macro   0x0000f583       0x34 ./Core/Src/main.o
 .debug_macro   0x0000f5b7       0x10 ./Core/Src/main.o
 .debug_macro   0x0000f5c7       0x58 ./Core/Src/main.o
 .debug_macro   0x0000f61f       0x8e ./Core/Src/main.o
 .debug_macro   0x0000f6ad       0x1c ./Core/Src/main.o
 .debug_macro   0x0000f6c9      0x185 ./Core/Src/main.o
 .debug_macro   0x0000f84e       0x16 ./Core/Src/main.o
 .debug_macro   0x0000f864       0x16 ./Core/Src/main.o
 .debug_macro   0x0000f87a      0x146 ./Core/Src/main.o
 .debug_macro   0x0000f9c0       0x16 ./Core/Src/main.o
 .debug_macro   0x0000f9d6      0x106 ./Core/Src/main.o
 .debug_macro   0x0000fadc       0x22 ./Core/Src/main.o
 .debug_macro   0x0000fafe      0x182 ./Core/Src/main.o
 .debug_macro   0x0000fc80       0xee ./Core/Src/main.o
 .debug_macro   0x0000fd6e       0x3a ./Core/Src/main.o
 .debug_macro   0x0000fda8       0x1f ./Core/Src/main.o
 .debug_macro   0x0000fdc7       0x12 ./Core/Src/main.o
 .debug_macro   0x0000fdd9     0x1104 ./Core/Src/main.o
 .debug_macro   0x00010edd       0xc3 ./Core/Src/main.o
 .debug_macro   0x00010fa0      0x14f ./Core/Src/main.o
 .debug_macro   0x000110ef      0x13e ./Core/Src/stm32f4xx_it.o
 .debug_macro   0x0001122d      0x286 ./Core/Src/syscalls.o
 .debug_macro   0x000114b3       0x5b ./Core/Src/syscalls.o
 .debug_macro   0x0001150e       0x94 ./Core/Src/syscalls.o
 .debug_macro   0x000115a2       0x57 ./Core/Src/syscalls.o
 .debug_macro   0x000115f9      0x190 ./Core/Src/syscalls.o
 .debug_macro   0x00011789       0x10 ./Core/Src/syscalls.o
 .debug_macro   0x00011799       0x3c ./Core/Src/syscalls.o
 .debug_macro   0x000117d5       0x10 ./Core/Src/syscalls.o
 .debug_macro   0x000117e5       0x10 ./Core/Src/syscalls.o
 .debug_macro   0x000117f5       0x10 ./Core/Src/syscalls.o
 .debug_macro   0x00011805       0x1c ./Core/Src/syscalls.o
 .debug_macro   0x00011821       0x52 ./Core/Src/syscalls.o
 .debug_macro   0x00011873       0x22 ./Core/Src/syscalls.o
 .debug_macro   0x00011895       0x10 ./Core/Src/syscalls.o
 .debug_macro   0x000118a5       0x52 ./Core/Src/syscalls.o
 .debug_macro   0x000118f7       0xcf ./Core/Src/syscalls.o
 .debug_macro   0x000119c6       0x1c ./Core/Src/syscalls.o
 .debug_macro   0x000119e2       0x3d ./Core/Src/syscalls.o
 .debug_macro   0x00011a1f       0x35 ./Core/Src/syscalls.o
 .debug_macro   0x00011a54      0x12c ./Core/Src/syscalls.o
 .debug_macro   0x00011b80       0x16 ./Core/Src/syscalls.o
 .debug_macro   0x00011b96       0x16 ./Core/Src/syscalls.o
 .debug_macro   0x00011bac       0x29 ./Core/Src/syscalls.o
 .debug_macro   0x00011bd5       0x10 ./Core/Src/syscalls.o
 .debug_macro   0x00011be5      0x242 ./Core/Src/syscalls.o
 .debug_macro   0x00011e27       0x1c ./Core/Src/syscalls.o
 .debug_macro   0x00011e43       0x10 ./Core/Src/syscalls.o
 .debug_macro   0x00011e53      0x18a ./Core/Src/syscalls.o
 .debug_macro   0x00011fdd       0x16 ./Core/Src/syscalls.o
 .debug_macro   0x00011ff3       0xce ./Core/Src/syscalls.o
 .debug_macro   0x000120c1      0x112 ./Core/Src/sysmem.o
 .debug_macro   0x000121d3      0x23c ./Core/Src/sysmem.o
 .debug_macro   0x0001240f       0xce ./Core/Src/system_stm32f4xx.o
 .debug_macro   0x000124dd      0x190 ./Drivers/STM32F4xx_HAL_Driver/Src/stm32f4xx_ll_utils.o
 .debug_macro   0x0001266d       0x5b ./Drivers/STM32F4xx_HAL_Driver/Src/stm32f4xx_ll_utils.o
 .debug_macro   0x000126c8      0x788 ./Drivers/STM32F4xx_HAL_Driver/Src/stm32f4xx_ll_utils.o
 .debug_macro   0x00012e50      0x1a2 ./ThirdParty/FreeRTOS/list.o
 .debug_macro   0x00012ff2      0x239 ./ThirdParty/FreeRTOS/queue.o
 .debug_macro   0x0001322b       0x16 ./ThirdParty/FreeRTOS/queue.o
 .debug_macro   0x00013241       0x20 ./ThirdParty/FreeRTOS/queue.o
 .debug_macro   0x00013261       0x80 ./ThirdParty/FreeRTOS/queue.o
 .debug_macro   0x000132e1      0x2c6 ./ThirdParty/FreeRTOS/tasks.o
 .debug_macro   0x000135a7       0x17 ./ThirdParty/FreeRTOS/tasks.o
 .debug_macro   0x000135be      0x1f1 ./ThirdParty/FreeRTOS/timers.o
 .debug_macro   0x000137af       0x9e ./ThirdParty/FreeRTOS/timers.o
 .debug_macro   0x0001384d      0x1cf ./ThirdParty/FreeRTOS/portable/GCC/ARM_CM4F/port.o
 .debug_macro   0x00013a1c      0x237 ./ThirdParty/FreeRTOS/portable/MemMang/heap_4.o

.debug_line     0x00000000     0x8b3a
 .debug_line    0x00000000      0xbb9 ./Core/Src/main.o
 .debug_line    0x00000bb9      0x5a6 ./Core/Src/stm32f4xx_it.o
 .debug_line    0x0000115f      0x820 ./Core/Src/syscalls.o
 .debug_line    0x0000197f      0x4bd ./Core/Src/sysmem.o
 .debug_line    0x00001e3c      0x4ab ./Core/Src/system_stm32f4xx.o
 .debug_line    0x000022e7       0x7a ./Core/Startup/startup_stm32f401ccux.o
 .debug_line    0x00002361      0x944 ./Drivers/STM32F4xx_HAL_Driver/Src/stm32f4xx_ll_utils.o
 .debug_line    0x00002ca5      0x764 ./ThirdParty/FreeRTOS/list.o
 .debug_line    0x00003409     0x167e ./ThirdParty/FreeRTOS/queue.o
 .debug_line    0x00004a87     0x2022 ./ThirdParty/FreeRTOS/tasks.o
 .debug_line    0x00006aa9      0xd0a ./ThirdParty/FreeRTOS/timers.o
 .debug_line    0x000077b3      0x882 ./ThirdParty/FreeRTOS/portable/GCC/ARM_CM4F/port.o
 .debug_line    0x00008035      0xb05 ./ThirdParty/FreeRTOS/portable/MemMang/heap_4.o

.debug_str      0x00000000    0x6f469
 .debug_str     0x00000000    0x6f469 ./Core/Src/main.o
                              0x67408 (size before relaxing)
 .debug_str     0x0006f469    0x58427 ./Core/Src/stm32f4xx_it.o
 .debug_str     0x0006f469     0x9b85 ./Core/Src/syscalls.o
 .debug_str     0x0006f469     0x7875 ./Core/Src/sysmem.o
 .debug_str     0x0006f469    0x4fb26 ./Core/Src/system_stm32f4xx.o
 .debug_str     0x0006f469       0x8e ./Core/Startup/startup_stm32f401ccux.o
 .debug_str     0x0006f469    0x564f8 ./Drivers/STM32F4xx_HAL_Driver/Src/stm32f4xx_ll_utils.o
 .debug_str     0x0006f469    0x10db6 ./ThirdParty/FreeRTOS/list.o
 .debug_str     0x0006f469    0x13705 ./ThirdParty/FreeRTOS/queue.o
 .debug_str     0x0006f469    0x14643 ./ThirdParty/FreeRTOS/tasks.o
 .debug_str     0x0006f469    0x139b4 ./ThirdParty/FreeRTOS/timers.o
 .debug_str     0x0006f469     0xf855 ./ThirdParty/FreeRTOS/portable/GCC/ARM_CM4F/port.o
 .debug_str     0x0006f469    0x12948 ./ThirdParty/FreeRTOS/portable/MemMang/heap_4.o

.comment        0x00000000       0x43
 .comment       0x00000000       0x43 ./Core/Src/main.o
                                 0x44 (size before relaxing)
 .comment       0x00000043       0x44 ./Core/Src/stm32f4xx_it.o
 .comment       0x00000043       0x44 ./Core/Src/syscalls.o
 .comment       0x00000043       0x44 ./Core/Src/sysmem.o
 .comment       0x00000043       0x44 ./Core/Src/system_stm32f4xx.o
 .comment       0x00000043       0x44 ./Drivers/STM32F4xx_HAL_Driver/Src/stm32f4xx_ll_utils.o
 .comment       0x00000043       0x44 ./ThirdParty/FreeRTOS/list.o
 .comment       0x00000043       0x44 ./ThirdParty/FreeRTOS/queue.o
 .comment       0x00000043       0x44 ./ThirdParty/FreeRTOS/tasks.o
 .comment       0x00000043       0x44 ./ThirdParty/FreeRTOS/timers.o
 .comment       0x00000043       0x44 ./ThirdParty/FreeRTOS/portable/GCC/ARM_CM4F/port.o
 .comment       0x00000043       0x44 ./ThirdParty/FreeRTOS/portable/MemMang/heap_4.o

.debug_frame    0x00000000     0x2984
 .debug_frame   0x00000000      0x390 ./Core/Src/main.o
 .debug_frame   0x00000390       0xa8 ./Core/Src/stm32f4xx_it.o
 .debug_frame   0x00000438      0x2d4 ./Core/Src/syscalls.o
 .debug_frame   0x0000070c       0x34 ./Core/Src/sysmem.o
 .debug_frame   0x00000740       0x58 ./Core/Src/system_stm32f4xx.o
 .debug_frame   0x00000798      0x3f8 ./Drivers/STM32F4xx_HAL_Driver/Src/stm32f4xx_ll_utils.o
 .debug_frame   0x00000b90       0xd8 ./ThirdParty/FreeRTOS/list.o
 .debug_frame   0x00000c68      0x580 ./ThirdParty/FreeRTOS/queue.o
 .debug_frame   0x000011e8      0x990 ./ThirdParty/FreeRTOS/tasks.o
 .debug_frame   0x00001b78      0x40c ./ThirdParty/FreeRTOS/timers.o
 .debug_frame   0x00001f84      0x1a8 ./ThirdParty/FreeRTOS/portable/GCC/ARM_CM4F/port.o
 .debug_frame   0x0000212c      0x194 ./ThirdParty/FreeRTOS/portable/MemMang/heap_4.o
 .debug_frame   0x000022c0      0x144 /opt/st/stm32cubeide_1.18.0/plugins/com.st.stm32cube.ide.mcu.externaltools.gnu-tools-for-stm32.13.3.rel1.linux64_1.0.0.202410170706/tools/bin/../lib/gcc/arm-none-eabi/13.3.1/../../../../arm-none-eabi/lib/thumb/v7e-m+fp/hard/libc_nano.a(libc_a-findfp.o)
 .debug_frame   0x00002404       0x34 /opt/st/stm32cubeide_1.18.0/plugins/com.st.stm32cube.ide.mcu.externaltools.gnu-tools-for-stm32.13.3.rel1.linux64_1.0.0.202410170706/tools/bin/../lib/gcc/arm-none-eabi/13.3.1/../../../../arm-none-eabi/lib/thumb/v7e-m+fp/hard/libc_nano.a(libc_a-fwalk.o)
 .debug_frame   0x00002438       0x3c /opt/st/stm32cubeide_1.18.0/plugins/com.st.stm32cube.ide.mcu.externaltools.gnu-tools-for-stm32.13.3.rel1.linux64_1.0.0.202410170706/tools/bin/../lib/gcc/arm-none-eabi/13.3.1/../../../../arm-none-eabi/lib/thumb/v7e-m+fp/hard/libc_nano.a(libc_a-puts.o)
 .debug_frame   0x00002474       0x88 /opt/st/stm32cubeide_1.18.0/plugins/com.st.stm32cube.ide.mcu.externaltools.gnu-tools-for-stm32.13.3.rel1.linux64_1.0.0.202410170706/tools/bin/../lib/gcc/arm-none-eabi/13.3.1/../../../../arm-none-eabi/lib/thumb/v7e-m+fp/hard/libc_nano.a(libc_a-stdio.o)
 .debug_frame   0x000024fc       0x40 /opt/st/stm32cubeide_1.18.0/plugins/com.st.stm32cube.ide.mcu.externaltools.gnu-tools-for-stm32.13.3.rel1.linux64_1.0.0.202410170706/tools/bin/../lib/gcc/arm-none-eabi/13.3.1/../../../../arm-none-eabi/lib/thumb/v7e-m+fp/hard/libc_nano.a(libc_a-wbuf.o)
 .debug_frame   0x0000253c       0x2c /opt/st/stm32cubeide_1.18.0/plugins/com.st.stm32cube.ide.mcu.externaltools.gnu-tools-for-stm32.13.3.rel1.linux64_1.0.0.202410170706/tools/bin/../lib/gcc/arm-none-eabi/13.3.1/../../../../arm-none-eabi/lib/thumb/v7e-m+fp/hard/libc_nano.a(libc_a-wsetup.o)
 .debug_frame   0x00002568       0x20 /opt/st/stm32cubeide_1.18.0/plugins/com.st.stm32cube.ide.mcu.externaltools.gnu-tools-for-stm32.13.3.rel1.linux64_1.0.0.202410170706/tools/bin/../lib/gcc/arm-none-eabi/13.3.1/../../../../arm-none-eabi/lib/thumb/v7e-m+fp/hard/libc_nano.a(libc_a-memset.o)
 .debug_frame   0x00002588       0x2c /opt/st/stm32cubeide_1.18.0/plugins/com.st.stm32cube.ide.mcu.externaltools.gnu-tools-for-stm32.13.3.rel1.linux64_1.0.0.202410170706/tools/bin/../lib/gcc/arm-none-eabi/13.3.1/../../../../arm-none-eabi/lib/thumb/v7e-m+fp/hard/libc_nano.a(libc_a-closer.o)
 .debug_frame   0x000025b4       0x38 /opt/st/stm32cubeide_1.18.0/plugins/com.st.stm32cube.ide.mcu.externaltools.gnu-tools-for-stm32.13.3.rel1.linux64_1.0.0.202410170706/tools/bin/../lib/gcc/arm-none-eabi/13.3.1/../../../../arm-none-eabi/lib/thumb/v7e-m+fp/hard/libc_nano.a(libc_a-reent.o)
 .debug_frame   0x000025ec       0x2c /opt/st/stm32cubeide_1.18.0/plugins/com.st.stm32cube.ide.mcu.externaltools.gnu-tools-for-stm32.13.3.rel1.linux64_1.0.0.202410170706/tools/bin/../lib/gcc/arm-none-eabi/13.3.1/../../../../arm-none-eabi/lib/thumb/v7e-m+fp/hard/libc_nano.a(libc_a-lseekr.o)
 .debug_frame   0x00002618       0x2c /opt/st/stm32cubeide_1.18.0/plugins/com.st.stm32cube.ide.mcu.externaltools.gnu-tools-for-stm32.13.3.rel1.linux64_1.0.0.202410170706/tools/bin/../lib/gcc/arm-none-eabi/13.3.1/../../../../arm-none-eabi/lib/thumb/v7e-m+fp/hard/libc_nano.a(libc_a-readr.o)
 .debug_frame   0x00002644       0x2c /opt/st/stm32cubeide_1.18.0/plugins/com.st.stm32cube.ide.mcu.externaltools.gnu-tools-for-stm32.13.3.rel1.linux64_1.0.0.202410170706/tools/bin/../lib/gcc/arm-none-eabi/13.3.1/../../../../arm-none-eabi/lib/thumb/v7e-m+fp/hard/libc_nano.a(libc_a-writer.o)
 .debug_frame   0x00002670       0x20 /opt/st/stm32cubeide_1.18.0/plugins/com.st.stm32cube.ide.mcu.externaltools.gnu-tools-for-stm32.13.3.rel1.linux64_1.0.0.202410170706/tools/bin/../lib/gcc/arm-none-eabi/13.3.1/../../../../arm-none-eabi/lib/thumb/v7e-m+fp/hard/libc_nano.a(libc_a-errno.o)
 .debug_frame   0x00002690       0x2c /opt/st/stm32cubeide_1.18.0/plugins/com.st.stm32cube.ide.mcu.externaltools.gnu-tools-for-stm32.13.3.rel1.linux64_1.0.0.202410170706/tools/bin/../lib/gcc/arm-none-eabi/13.3.1/../../../../arm-none-eabi/lib/thumb/v7e-m+fp/hard/libc_nano.a(libc_a-init.o)
 .debug_frame   0x000026bc       0xb0 /opt/st/stm32cubeide_1.18.0/plugins/com.st.stm32cube.ide.mcu.externaltools.gnu-tools-for-stm32.13.3.rel1.linux64_1.0.0.202410170706/tools/bin/../lib/gcc/arm-none-eabi/13.3.1/../../../../arm-none-eabi/lib/thumb/v7e-m+fp/hard/libc_nano.a(libc_a-lock.o)
 .debug_frame   0x0000276c       0x28 /opt/st/stm32cubeide_1.18.0/plugins/com.st.stm32cube.ide.mcu.externaltools.gnu-tools-for-stm32.13.3.rel1.linux64_1.0.0.202410170706/tools/bin/../lib/gcc/arm-none-eabi/13.3.1/../../../../arm-none-eabi/lib/thumb/v7e-m+fp/hard/libc_nano.a(libc_a-memcpy-stub.o)
 .debug_frame   0x00002794       0x38 /opt/st/stm32cubeide_1.18.0/plugins/com.st.stm32cube.ide.mcu.externaltools.gnu-tools-for-stm32.13.3.rel1.linux64_1.0.0.202410170706/tools/bin/../lib/gcc/arm-none-eabi/13.3.1/../../../../arm-none-eabi/lib/thumb/v7e-m+fp/hard/libc_nano.a(libc_a-freer.o)
 .debug_frame   0x000027cc       0x50 /opt/st/stm32cubeide_1.18.0/plugins/com.st.stm32cube.ide.mcu.externaltools.gnu-tools-for-stm32.13.3.rel1.linux64_1.0.0.202410170706/tools/bin/../lib/gcc/arm-none-eabi/13.3.1/../../../../arm-none-eabi/lib/thumb/v7e-m+fp/hard/libc_nano.a(libc_a-mallocr.o)
 .debug_frame   0x0000281c       0x30 /opt/st/stm32cubeide_1.18.0/plugins/com.st.stm32cube.ide.mcu.externaltools.gnu-tools-for-stm32.13.3.rel1.linux64_1.0.0.202410170706/tools/bin/../lib/gcc/arm-none-eabi/13.3.1/../../../../arm-none-eabi/lib/thumb/v7e-m+fp/hard/libc_nano.a(libc_a-mlock.o)
 .debug_frame   0x0000284c       0x5c /opt/st/stm32cubeide_1.18.0/plugins/com.st.stm32cube.ide.mcu.externaltools.gnu-tools-for-stm32.13.3.rel1.linux64_1.0.0.202410170706/tools/bin/../lib/gcc/arm-none-eabi/13.3.1/../../../../arm-none-eabi/lib/thumb/v7e-m+fp/hard/libc_nano.a(libc_a-fflush.o)
 .debug_frame   0x000028a8       0x58 /opt/st/stm32cubeide_1.18.0/plugins/com.st.stm32cube.ide.mcu.externaltools.gnu-tools-for-stm32.13.3.rel1.linux64_1.0.0.202410170706/tools/bin/../lib/gcc/arm-none-eabi/13.3.1/../../../../arm-none-eabi/lib/thumb/v7e-m+fp/hard/libc_nano.a(libc_a-makebuf.o)
 .debug_frame   0x00002900       0x2c /opt/st/stm32cubeide_1.18.0/plugins/com.st.stm32cube.ide.mcu.externaltools.gnu-tools-for-stm32.13.3.rel1.linux64_1.0.0.202410170706/tools/bin/../lib/gcc/arm-none-eabi/13.3.1/../../../../arm-none-eabi/lib/thumb/v7e-m+fp/hard/libc_nano.a(libc_a-fstatr.o)
 .debug_frame   0x0000292c       0x2c /opt/st/stm32cubeide_1.18.0/plugins/com.st.stm32cube.ide.mcu.externaltools.gnu-tools-for-stm32.13.3.rel1.linux64_1.0.0.202410170706/tools/bin/../lib/gcc/arm-none-eabi/13.3.1/../../../../arm-none-eabi/lib/thumb/v7e-m+fp/hard/libc_nano.a(libc_a-isattyr.o)
 .debug_frame   0x00002958       0x2c /opt/st/stm32cubeide_1.18.0/plugins/com.st.stm32cube.ide.mcu.externaltools.gnu-tools-for-stm32.13.3.rel1.linux64_1.0.0.202410170706/tools/bin/../lib/gcc/arm-none-eabi/13.3.1/../../../../arm-none-eabi/lib/thumb/v7e-m+fp/hard/libc_nano.a(libc_a-sbrkr.o)

.debug_line_str
                0x00000000       0x72
 .debug_line_str
                0x00000000       0x72 ./Core/Startup/startup_stm32f401ccux.o
