03:06:45 **** Clean-only build of configuration Debug for project FreeRTOS_HelloWorld_SystemView ****
make -j8 clean 
rm -rf ./ThirdParty/SEGGER/SEGGER/Syscalls/SEGGER_RTT_Syscalls_GCC.cyclo ./ThirdParty/SEGGER/SEGGER/Syscalls/SEGGER_RTT_Syscalls_GCC.d ./ThirdParty/SEGGER/SEGGER/Syscalls/SEGGER_RTT_Syscalls_GCC.o ./ThirdParty/SEGGER/SEGGER/Syscalls/SEGGER_RTT_Syscalls_GCC.su
rm -rf ./ThirdParty/SEGGER/SEGGER/SEGGER_RTT.cyclo ./ThirdParty/SEGGER/SEGGER/SEGGER_RTT.d ./ThirdParty/SEGGER/SEGGER/SEGGER_RTT.o ./ThirdParty/SEGGER/SEGGER/SEGGER_RTT.su ./ThirdParty/SEGGER/SEGGER/SEGGER_RTT_ASM_ARMv7M.d ./ThirdParty/SEGGER/SEGGER/SEGGER_RTT_ASM_ARMv7M.o ./ThirdParty/SEGGER/SEGGER/SEGGER_RTT_printf.cyclo ./ThirdParty/SEGGER/SEGGER/SEGGER_RTT_printf.d ./ThirdParty/SEGGER/SEGGER/SEGGER_RTT_printf.o ./ThirdParty/SEGGER/SEGGER/SEGGER_RTT_printf.su ./ThirdParty/SEGGER/SEGGER/SEGGER_SYSVIEW.cyclo ./ThirdParty/SEGGER/SEGGER/SEGGER_SYSVIEW.d ./ThirdParty/SEGGER/SEGGER/SEGGER_SYSVIEW.o ./ThirdParty/SEGGER/SEGGER/SEGGER_SYSVIEW.su
rm -rf ./ThirdParty/SEGGER/OS/SEGGER_SYSVIEW_FreeRTOS.cyclo ./ThirdParty/SEGGER/OS/SEGGER_SYSVIEW_FreeRTOS.d ./ThirdParty/SEGGER/OS/SEGGER_SYSVIEW_FreeRTOS.o ./ThirdParty/SEGGER/OS/SEGGER_SYSVIEW_FreeRTOS.su
rm -rf ./ThirdParty/SEGGER/Config/SEGGER_SYSVIEW_Config_FreeRTOS.cyclo ./ThirdParty/SEGGER/Config/SEGGER_SYSVIEW_Config_FreeRTOS.d ./ThirdParty/SEGGER/Config/SEGGER_SYSVIEW_Config_FreeRTOS.o ./ThirdParty/SEGGER/Config/SEGGER_SYSVIEW_Config_FreeRTOS.su
rm -rf ./ThirdParty/FreeRTOS/portable/MemMang/heap_4.cyclo ./ThirdParty/FreeRTOS/portable/MemMang/heap_4.d ./ThirdParty/FreeRTOS/portable/MemMang/heap_4.o ./ThirdParty/FreeRTOS/portable/MemMang/heap_4.su
rm -rf ./ThirdParty/FreeRTOS/portable/GCC/ARM_CM7/port.cyclo ./ThirdParty/FreeRTOS/portable/GCC/ARM_CM7/port.d ./ThirdParty/FreeRTOS/portable/GCC/ARM_CM7/port.o ./ThirdParty/FreeRTOS/portable/GCC/ARM_CM7/port.su
rm -rf ./ThirdParty/FreeRTOS/croutine.cyclo ./ThirdParty/FreeRTOS/croutine.d ./ThirdParty/FreeRTOS/croutine.o ./ThirdParty/FreeRTOS/croutine.su ./ThirdParty/FreeRTOS/event_groups.cyclo ./ThirdParty/FreeRTOS/event_groups.d ./ThirdParty/FreeRTOS/event_groups.o ./ThirdParty/FreeRTOS/event_groups.su ./ThirdParty/FreeRTOS/list.cyclo ./ThirdParty/FreeRTOS/list.d ./ThirdParty/FreeRTOS/list.o ./ThirdParty/FreeRTOS/list.su ./ThirdParty/FreeRTOS/queue.cyclo ./ThirdParty/FreeRTOS/queue.d ./ThirdParty/FreeRTOS/queue.o ./ThirdParty/FreeRTOS/queue.su ./ThirdParty/FreeRTOS/stream_buffer.cyclo ./ThirdParty/FreeRTOS/stream_buffer.d ./ThirdParty/FreeRTOS/stream_buffer.o ./ThirdParty/FreeRTOS/stream_buffer.su ./ThirdParty/FreeRTOS/tasks.cyclo ./ThirdParty/FreeRTOS/tasks.d ./ThirdParty/FreeRTOS/tasks.o ./ThirdParty/FreeRTOS/tasks.su ./ThirdParty/FreeRTOS/timers.cyclo ./ThirdParty/FreeRTOS/timers.d ./ThirdParty/FreeRTOS/timers.o ./ThirdParty/FreeRTOS/timers.su
rm -rf ./Drivers/STM32F7xx_HAL_Driver/Src/stm32f7xx_hal.cyclo ./Drivers/STM32F7xx_HAL_Driver/Src/stm32f7xx_hal.d ./Drivers/STM32F7xx_HAL_Driver/Src/stm32f7xx_hal.o ./Drivers/STM32F7xx_HAL_Driver/Src/stm32f7xx_hal.su ./Drivers/STM32F7xx_HAL_Driver/Src/stm32f7xx_hal_cortex.cyclo ./Drivers/STM32F7xx_HAL_Driver/Src/stm32f7xx_hal_cortex.d ./Drivers/STM32F7xx_HAL_Driver/Src/stm32f7xx_hal_cortex.o ./Drivers/STM32F7xx_HAL_Driver/Src/stm32f7xx_hal_cortex.su ./Drivers/STM32F7xx_HAL_Driver/Src/stm32f7xx_hal_dma.cyclo ./Drivers/STM32F7xx_HAL_Driver/Src/stm32f7xx_hal_dma.d ./Drivers/STM32F7xx_HAL_Driver/Src/stm32f7xx_hal_dma.o ./Drivers/STM32F7xx_HAL_Driver/Src/stm32f7xx_hal_dma.su ./Drivers/STM32F7xx_HAL_Driver/Src/stm32f7xx_hal_dma_ex.cyclo ./Drivers/STM32F7xx_HAL_Driver/Src/stm32f7xx_hal_dma_ex.d ./Drivers/STM32F7xx_HAL_Driver/Src/stm32f7xx_hal_dma_ex.o ./Drivers/STM32F7xx_HAL_Driver/Src/stm32f7xx_hal_dma_ex.su ./Drivers/STM32F7xx_HAL_Driver/Src/stm32f7xx_hal_exti.cyclo ./Drivers/STM32F7xx_HAL_Driver/Src/stm32f7xx_hal_exti.d ./Drivers/STM32F7xx_HAL_Driver/Src/stm32f7xx_hal_exti.o ./Drivers/STM32F7xx_HAL_Driver/Src/stm32f7xx_hal_exti.su ./Drivers/STM32F7xx_HAL_Driver/Src/stm32f7xx_hal_flash.cyclo ./Drivers/STM32F7xx_HAL_Driver/Src/stm32f7xx_hal_flash.d ./Drivers/STM32F7xx_HAL_Driver/Src/stm32f7xx_hal_flash.o ./Drivers/STM32F7xx_HAL_Driver/Src/stm32f7xx_hal_flash.su ./Drivers/STM32F7xx_HAL_Driver/Src/stm32f7xx_hal_flash_ex.cyclo ./Drivers/STM32F7xx_HAL_Driver/Src/stm32f7xx_hal_flash_ex.d ./Drivers/STM32F7xx_HAL_Driver/Src/stm32f7xx_hal_flash_ex.o ./Drivers/STM32F7xx_HAL_Driver/Src/stm32f7xx_hal_flash_ex.su ./Drivers/STM32F7xx_HAL_Driver/Src/stm32f7xx_hal_gpio.cyclo ./Drivers/STM32F7xx_HAL_Driver/Src/stm32f7xx_hal_gpio.d ./Drivers/STM32F7xx_HAL_Driver/Src/stm32f7xx_hal_gpio.o ./Drivers/STM32F7xx_HAL_Driver/Src/stm32f7xx_hal_gpio.su ./Drivers/STM32F7xx_HAL_Driver/Src/stm32f7xx_hal_i2c.cyclo ./Drivers/STM32F7xx_HAL_Driver/Src/stm32f7xx_hal_i2c.d ./Drivers/STM32F7xx_HAL_Driver/Src/stm32f7xx_hal_i2c.o ./Drivers/STM32F7xx_HAL_Driver/Src/stm32f7xx_hal_i2c.su ./Drivers/STM32F7xx_HAL_Driver/Src/stm32f7xx_hal_i2c_ex.cyclo ./Drivers/STM32F7xx_HAL_Driver/Src/stm32f7xx_hal_i2c_ex.d ./Drivers/STM32F7xx_HAL_Driver/Src/stm32f7xx_hal_i2c_ex.o ./Drivers/STM32F7xx_HAL_Driver/Src/stm32f7xx_hal_i2c_ex.su ./Drivers/STM32F7xx_HAL_Driver/Src/stm32f7xx_hal_nand.cyclo ./Drivers/STM32F7xx_HAL_Driver/Src/stm32f7xx_hal_nand.d ./Drivers/STM32F7xx_HAL_Driver/Src/stm32f7xx_hal_nand.o ./Drivers/STM32F7xx_HAL_Driver/Src/stm32f7xx_hal_nand.su ./Drivers/STM32F7xx_HAL_Driver/Src/stm32f7xx_hal_nor.cyclo ./Drivers/STM32F7xx_HAL_Driver/Src/stm32f7xx_hal_nor.d ./Drivers/STM32F7xx_HAL_Driver/Src/stm32f7xx_hal_nor.o ./Drivers/STM32F7xx_HAL_Driver/Src/stm32f7xx_hal_nor.su ./Drivers/STM32F7xx_HAL_Driver/Src/stm32f7xx_hal_pwr.cyclo ./Drivers/STM32F7xx_HAL_Driver/Src/stm32f7xx_hal_pwr.d ./Drivers/STM32F7xx_HAL_Driver/Src/stm32f7xx_hal_pwr.o ./Drivers/STM32F7xx_HAL_Driver/Src/stm32f7xx_hal_pwr.su ./Drivers/STM32F7xx_HAL_Driver/Src/stm32f7xx_hal_pwr_ex.cyclo ./Drivers/STM32F7xx_HAL_Driver/Src/stm32f7xx_hal_pwr_ex.d ./Drivers/STM32F7xx_HAL_Driver/Src/stm32f7xx_hal_pwr_ex.o ./Drivers/STM32F7xx_HAL_Driver/Src/stm32f7xx_hal_pwr_ex.su ./Drivers/STM32F7xx_HAL_Driver/Src/stm32f7xx_hal_rcc.cyclo ./Drivers/STM32F7xx_HAL_Driver/Src/stm32f7xx_hal_rcc.d ./Drivers/STM32F7xx_HAL_Driver/Src/stm32f7xx_hal_rcc.o ./Drivers/STM32F7xx_HAL_Driver/Src/stm32f7xx_hal_rcc.su ./Drivers/STM32F7xx_HAL_Driver/Src/stm32f7xx_hal_rcc_ex.cyclo ./Drivers/STM32F7xx_HAL_Driver/Src/stm32f7xx_hal_rcc_ex.d ./Drivers/STM32F7xx_HAL_Driver/Src/stm32f7xx_hal_rcc_ex.o ./Drivers/STM32F7xx_HAL_Driver/Src/stm32f7xx_hal_rcc_ex.su ./Drivers/STM32F7xx_HAL_Driver/Src/stm32f7xx_hal_sdram.cyclo ./Drivers/STM32F7xx_HAL_Driver/Src/stm32f7xx_hal_sdram.d ./Drivers/STM32F7xx_HAL_Driver/Src/stm32f7xx_hal_sdram.o ./Drivers/STM32F7xx_HAL_Driver/Src/stm32f7xx_hal_sdram.su ./Drivers/STM32F7xx_HAL_Driver/Src/stm32f7xx_hal_sram.cyclo ./Drivers/STM32F7xx_HAL_Driver/Src/stm32f7xx_hal_sram.d ./Drivers/STM32F7xx_HAL_Driver/Src/stm32f7xx_hal_sram.o ./Drivers/STM32F7xx_HAL_Driver/Src/stm32f7xx_hal_sram.su ./Drivers/STM32F7xx_HAL_Driver/Src/stm32f7xx_hal_tim.cyclo ./Drivers/STM32F7xx_HAL_Driver/Src/stm32f7xx_hal_tim.d ./Drivers/STM32F7xx_HAL_Driver/Src/stm32f7xx_hal_tim.o ./Drivers/STM32F7xx_HAL_Driver/Src/stm32f7xx_hal_tim.su ./Drivers/STM32F7xx_HAL_Driver/Src/stm32f7xx_hal_tim_ex.cyclo ./Drivers/STM32F7xx_HAL_Driver/Src/stm32f7xx_hal_tim_ex.d ./Drivers/STM32F7xx_HAL_Driver/Src/stm32f7xx_hal_tim_ex.o ./Drivers/STM32F7xx_HAL_Driver/Src/stm32f7xx_hal_tim_ex.su ./Drivers/STM32F7xx_HAL_Driver/Src/stm32f7xx_ll_fmc.cyclo ./Drivers/STM32F7xx_HAL_Driver/Src/stm32f7xx_ll_fmc.d ./Drivers/STM32F7xx_HAL_Driver/Src/stm32f7xx_ll_fmc.o ./Drivers/STM32F7xx_HAL_Driver/Src/stm32f7xx_ll_fmc.su
rm -rf ./Core/Startup/startup_stm32f723iekx.d ./Core/Startup/startup_stm32f723iekx.o
rm -rf ./Core/Src/main.cyclo ./Core/Src/main.d ./Core/Src/main.o ./Core/Src/main.su ./Core/Src/stm32f7xx_hal_msp.cyclo ./Core/Src/stm32f7xx_hal_msp.d ./Core/Src/stm32f7xx_hal_msp.o ./Core/Src/stm32f7xx_hal_msp.su ./Core/Src/stm32f7xx_hal_timebase_tim.cyclo ./Core/Src/stm32f7xx_hal_timebase_tim.d ./Core/Src/stm32f7xx_hal_timebase_tim.o ./Core/Src/stm32f7xx_hal_timebase_tim.su ./Core/Src/stm32f7xx_it.cyclo ./Core/Src/stm32f7xx_it.d ./Core/Src/stm32f7xx_it.o ./Core/Src/stm32f7xx_it.su ./Core/Src/syscalls.cyclo ./Core/Src/syscalls.d ./Core/Src/syscalls.o ./Core/Src/syscalls.su ./Core/Src/sysmem.cyclo ./Core/Src/sysmem.d ./Core/Src/sysmem.o ./Core/Src/sysmem.su ./Core/Src/system_stm32f7xx.cyclo ./Core/Src/system_stm32f7xx.d ./Core/Src/system_stm32f7xx.o ./Core/Src/system_stm32f7xx.su
rm -rf FreeRTOS_HelloWorld_SystemView.elf FreeRTOS_HelloWorld_SystemView.list FreeRTOS_HelloWorld_SystemView.map default.size.stdout
 
03:07:32 **** Clean-only build of configuration Debug for project FreeRTOS_HelloWorld_SystemView ****
make -j8 clean 
rm -rf ./ThirdParty/SEGGER/SEGGER/Syscalls/SEGGER_RTT_Syscalls_GCC.cyclo ./ThirdParty/SEGGER/SEGGER/Syscalls/SEGGER_RTT_Syscalls_GCC.d ./ThirdParty/SEGGER/SEGGER/Syscalls/SEGGER_RTT_Syscalls_GCC.o ./ThirdParty/SEGGER/SEGGER/Syscalls/SEGGER_RTT_Syscalls_GCC.su
rm -rf ./ThirdParty/SEGGER/SEGGER/SEGGER_RTT.cyclo ./ThirdParty/SEGGER/SEGGER/SEGGER_RTT.d ./ThirdParty/SEGGER/SEGGER/SEGGER_RTT.o ./ThirdParty/SEGGER/SEGGER/SEGGER_RTT.su ./ThirdParty/SEGGER/SEGGER/SEGGER_RTT_ASM_ARMv7M.d ./ThirdParty/SEGGER/SEGGER/SEGGER_RTT_ASM_ARMv7M.o ./ThirdParty/SEGGER/SEGGER/SEGGER_RTT_printf.cyclo ./ThirdParty/SEGGER/SEGGER/SEGGER_RTT_printf.d ./ThirdParty/SEGGER/SEGGER/SEGGER_RTT_printf.o ./ThirdParty/SEGGER/SEGGER/SEGGER_RTT_printf.su ./ThirdParty/SEGGER/SEGGER/SEGGER_SYSVIEW.cyclo ./ThirdParty/SEGGER/SEGGER/SEGGER_SYSVIEW.d ./ThirdParty/SEGGER/SEGGER/SEGGER_SYSVIEW.o ./ThirdParty/SEGGER/SEGGER/SEGGER_SYSVIEW.su
rm -rf ./ThirdParty/SEGGER/OS/SEGGER_SYSVIEW_FreeRTOS.cyclo ./ThirdParty/SEGGER/OS/SEGGER_SYSVIEW_FreeRTOS.d ./ThirdParty/SEGGER/OS/SEGGER_SYSVIEW_FreeRTOS.o ./ThirdParty/SEGGER/OS/SEGGER_SYSVIEW_FreeRTOS.su
rm -rf ./ThirdParty/SEGGER/Config/SEGGER_SYSVIEW_Config_FreeRTOS.cyclo ./ThirdParty/SEGGER/Config/SEGGER_SYSVIEW_Config_FreeRTOS.d ./ThirdParty/SEGGER/Config/SEGGER_SYSVIEW_Config_FreeRTOS.o ./ThirdParty/SEGGER/Config/SEGGER_SYSVIEW_Config_FreeRTOS.su
rm -rf ./ThirdParty/FreeRTOS/portable/MemMang/heap_4.cyclo ./ThirdParty/FreeRTOS/portable/MemMang/heap_4.d ./ThirdParty/FreeRTOS/portable/MemMang/heap_4.o ./ThirdParty/FreeRTOS/portable/MemMang/heap_4.su
rm -rf ./ThirdParty/FreeRTOS/portable/GCC/ARM_CM7/port.cyclo ./ThirdParty/FreeRTOS/portable/GCC/ARM_CM7/port.d ./ThirdParty/FreeRTOS/portable/GCC/ARM_CM7/port.o ./ThirdParty/FreeRTOS/portable/GCC/ARM_CM7/port.su
rm -rf ./ThirdParty/FreeRTOS/croutine.cyclo ./ThirdParty/FreeRTOS/croutine.d ./ThirdParty/FreeRTOS/croutine.o ./ThirdParty/FreeRTOS/croutine.su ./ThirdParty/FreeRTOS/event_groups.cyclo ./ThirdParty/FreeRTOS/event_groups.d ./ThirdParty/FreeRTOS/event_groups.o ./ThirdParty/FreeRTOS/event_groups.su ./ThirdParty/FreeRTOS/list.cyclo ./ThirdParty/FreeRTOS/list.d ./ThirdParty/FreeRTOS/list.o ./ThirdParty/FreeRTOS/list.su ./ThirdParty/FreeRTOS/queue.cyclo ./ThirdParty/FreeRTOS/queue.d ./ThirdParty/FreeRTOS/queue.o ./ThirdParty/FreeRTOS/queue.su ./ThirdParty/FreeRTOS/stream_buffer.cyclo ./ThirdParty/FreeRTOS/stream_buffer.d ./ThirdParty/FreeRTOS/stream_buffer.o ./ThirdParty/FreeRTOS/stream_buffer.su ./ThirdParty/FreeRTOS/tasks.cyclo ./ThirdParty/FreeRTOS/tasks.d ./ThirdParty/FreeRTOS/tasks.o ./ThirdParty/FreeRTOS/tasks.su ./ThirdParty/FreeRTOS/timers.cyclo ./ThirdParty/FreeRTOS/timers.d ./ThirdParty/FreeRTOS/timers.o ./ThirdParty/FreeRTOS/timers.su
rm -rf ./Drivers/STM32F7xx_HAL_Driver/Src/stm32f7xx_hal.cyclo ./Drivers/STM32F7xx_HAL_Driver/Src/stm32f7xx_hal.d ./Drivers/STM32F7xx_HAL_Driver/Src/stm32f7xx_hal.o ./Drivers/STM32F7xx_HAL_Driver/Src/stm32f7xx_hal.su ./Drivers/STM32F7xx_HAL_Driver/Src/stm32f7xx_hal_cortex.cyclo ./Drivers/STM32F7xx_HAL_Driver/Src/stm32f7xx_hal_cortex.d ./Drivers/STM32F7xx_HAL_Driver/Src/stm32f7xx_hal_cortex.o ./Drivers/STM32F7xx_HAL_Driver/Src/stm32f7xx_hal_cortex.su ./Drivers/STM32F7xx_HAL_Driver/Src/stm32f7xx_hal_dma.cyclo ./Drivers/STM32F7xx_HAL_Driver/Src/stm32f7xx_hal_dma.d ./Drivers/STM32F7xx_HAL_Driver/Src/stm32f7xx_hal_dma.o ./Drivers/STM32F7xx_HAL_Driver/Src/stm32f7xx_hal_dma.su ./Drivers/STM32F7xx_HAL_Driver/Src/stm32f7xx_hal_dma_ex.cyclo ./Drivers/STM32F7xx_HAL_Driver/Src/stm32f7xx_hal_dma_ex.d ./Drivers/STM32F7xx_HAL_Driver/Src/stm32f7xx_hal_dma_ex.o ./Drivers/STM32F7xx_HAL_Driver/Src/stm32f7xx_hal_dma_ex.su ./Drivers/STM32F7xx_HAL_Driver/Src/stm32f7xx_hal_exti.cyclo ./Drivers/STM32F7xx_HAL_Driver/Src/stm32f7xx_hal_exti.d ./Drivers/STM32F7xx_HAL_Driver/Src/stm32f7xx_hal_exti.o ./Drivers/STM32F7xx_HAL_Driver/Src/stm32f7xx_hal_exti.su ./Drivers/STM32F7xx_HAL_Driver/Src/stm32f7xx_hal_flash.cyclo ./Drivers/STM32F7xx_HAL_Driver/Src/stm32f7xx_hal_flash.d ./Drivers/STM32F7xx_HAL_Driver/Src/stm32f7xx_hal_flash.o ./Drivers/STM32F7xx_HAL_Driver/Src/stm32f7xx_hal_flash.su ./Drivers/STM32F7xx_HAL_Driver/Src/stm32f7xx_hal_flash_ex.cyclo ./Drivers/STM32F7xx_HAL_Driver/Src/stm32f7xx_hal_flash_ex.d ./Drivers/STM32F7xx_HAL_Driver/Src/stm32f7xx_hal_flash_ex.o ./Drivers/STM32F7xx_HAL_Driver/Src/stm32f7xx_hal_flash_ex.su ./Drivers/STM32F7xx_HAL_Driver/Src/stm32f7xx_hal_gpio.cyclo ./Drivers/STM32F7xx_HAL_Driver/Src/stm32f7xx_hal_gpio.d ./Drivers/STM32F7xx_HAL_Driver/Src/stm32f7xx_hal_gpio.o ./Drivers/STM32F7xx_HAL_Driver/Src/stm32f7xx_hal_gpio.su ./Drivers/STM32F7xx_HAL_Driver/Src/stm32f7xx_hal_i2c.cyclo ./Drivers/STM32F7xx_HAL_Driver/Src/stm32f7xx_hal_i2c.d ./Drivers/STM32F7xx_HAL_Driver/Src/stm32f7xx_hal_i2c.o ./Drivers/STM32F7xx_HAL_Driver/Src/stm32f7xx_hal_i2c.su ./Drivers/STM32F7xx_HAL_Driver/Src/stm32f7xx_hal_i2c_ex.cyclo ./Drivers/STM32F7xx_HAL_Driver/Src/stm32f7xx_hal_i2c_ex.d ./Drivers/STM32F7xx_HAL_Driver/Src/stm32f7xx_hal_i2c_ex.o ./Drivers/STM32F7xx_HAL_Driver/Src/stm32f7xx_hal_i2c_ex.su ./Drivers/STM32F7xx_HAL_Driver/Src/stm32f7xx_hal_nand.cyclo ./Drivers/STM32F7xx_HAL_Driver/Src/stm32f7xx_hal_nand.d ./Drivers/STM32F7xx_HAL_Driver/Src/stm32f7xx_hal_nand.o ./Drivers/STM32F7xx_HAL_Driver/Src/stm32f7xx_hal_nand.su ./Drivers/STM32F7xx_HAL_Driver/Src/stm32f7xx_hal_nor.cyclo ./Drivers/STM32F7xx_HAL_Driver/Src/stm32f7xx_hal_nor.d ./Drivers/STM32F7xx_HAL_Driver/Src/stm32f7xx_hal_nor.o ./Drivers/STM32F7xx_HAL_Driver/Src/stm32f7xx_hal_nor.su ./Drivers/STM32F7xx_HAL_Driver/Src/stm32f7xx_hal_pwr.cyclo ./Drivers/STM32F7xx_HAL_Driver/Src/stm32f7xx_hal_pwr.d ./Drivers/STM32F7xx_HAL_Driver/Src/stm32f7xx_hal_pwr.o ./Drivers/STM32F7xx_HAL_Driver/Src/stm32f7xx_hal_pwr.su ./Drivers/STM32F7xx_HAL_Driver/Src/stm32f7xx_hal_pwr_ex.cyclo ./Drivers/STM32F7xx_HAL_Driver/Src/stm32f7xx_hal_pwr_ex.d ./Drivers/STM32F7xx_HAL_Driver/Src/stm32f7xx_hal_pwr_ex.o ./Drivers/STM32F7xx_HAL_Driver/Src/stm32f7xx_hal_pwr_ex.su ./Drivers/STM32F7xx_HAL_Driver/Src/stm32f7xx_hal_rcc.cyclo ./Drivers/STM32F7xx_HAL_Driver/Src/stm32f7xx_hal_rcc.d ./Drivers/STM32F7xx_HAL_Driver/Src/stm32f7xx_hal_rcc.o ./Drivers/STM32F7xx_HAL_Driver/Src/stm32f7xx_hal_rcc.su ./Drivers/STM32F7xx_HAL_Driver/Src/stm32f7xx_hal_rcc_ex.cyclo ./Drivers/STM32F7xx_HAL_Driver/Src/stm32f7xx_hal_rcc_ex.d ./Drivers/STM32F7xx_HAL_Driver/Src/stm32f7xx_hal_rcc_ex.o ./Drivers/STM32F7xx_HAL_Driver/Src/stm32f7xx_hal_rcc_ex.su ./Drivers/STM32F7xx_HAL_Driver/Src/stm32f7xx_hal_sdram.cyclo ./Drivers/STM32F7xx_HAL_Driver/Src/stm32f7xx_hal_sdram.d ./Drivers/STM32F7xx_HAL_Driver/Src/stm32f7xx_hal_sdram.o ./Drivers/STM32F7xx_HAL_Driver/Src/stm32f7xx_hal_sdram.su ./Drivers/STM32F7xx_HAL_Driver/Src/stm32f7xx_hal_sram.cyclo ./Drivers/STM32F7xx_HAL_Driver/Src/stm32f7xx_hal_sram.d ./Drivers/STM32F7xx_HAL_Driver/Src/stm32f7xx_hal_sram.o ./Drivers/STM32F7xx_HAL_Driver/Src/stm32f7xx_hal_sram.su ./Drivers/STM32F7xx_HAL_Driver/Src/stm32f7xx_hal_tim.cyclo ./Drivers/STM32F7xx_HAL_Driver/Src/stm32f7xx_hal_tim.d ./Drivers/STM32F7xx_HAL_Driver/Src/stm32f7xx_hal_tim.o ./Drivers/STM32F7xx_HAL_Driver/Src/stm32f7xx_hal_tim.su ./Drivers/STM32F7xx_HAL_Driver/Src/stm32f7xx_hal_tim_ex.cyclo ./Drivers/STM32F7xx_HAL_Driver/Src/stm32f7xx_hal_tim_ex.d ./Drivers/STM32F7xx_HAL_Driver/Src/stm32f7xx_hal_tim_ex.o ./Drivers/STM32F7xx_HAL_Driver/Src/stm32f7xx_hal_tim_ex.su ./Drivers/STM32F7xx_HAL_Driver/Src/stm32f7xx_ll_fmc.cyclo ./Drivers/STM32F7xx_HAL_Driver/Src/stm32f7xx_ll_fmc.d ./Drivers/STM32F7xx_HAL_Driver/Src/stm32f7xx_ll_fmc.o ./Drivers/STM32F7xx_HAL_Driver/Src/stm32f7xx_ll_fmc.su
rm -rf ./Core/Startup/startup_stm32f723iekx.d ./Core/Startup/startup_stm32f723iekx.o
rm -rf ./Core/Src/main.cyclo ./Core/Src/main.d ./Core/Src/main.o ./Core/Src/main.su ./Core/Src/stm32f7xx_hal_msp.cyclo ./Core/Src/stm32f7xx_hal_msp.d ./Core/Src/stm32f7xx_hal_msp.o ./Core/Src/stm32f7xx_hal_msp.su ./Core/Src/stm32f7xx_hal_timebase_tim.cyclo ./Core/Src/stm32f7xx_hal_timebase_tim.d ./Core/Src/stm32f7xx_hal_timebase_tim.o ./Core/Src/stm32f7xx_hal_timebase_tim.su ./Core/Src/stm32f7xx_it.cyclo ./Core/Src/stm32f7xx_it.d ./Core/Src/stm32f7xx_it.o ./Core/Src/stm32f7xx_it.su ./Core/Src/syscalls.cyclo ./Core/Src/syscalls.d ./Core/Src/syscalls.o ./Core/Src/syscalls.su ./Core/Src/sysmem.cyclo ./Core/Src/sysmem.d ./Core/Src/sysmem.o ./Core/Src/sysmem.su ./Core/Src/system_stm32f7xx.cyclo ./Core/Src/system_stm32f7xx.d ./Core/Src/system_stm32f7xx.o ./Core/Src/system_stm32f7xx.su
rm -rf FreeRTOS_HelloWorld_SystemView.elf FreeRTOS_HelloWorld_SystemView.list FreeRTOS_HelloWorld_SystemView.map default.size.stdout
 
03:07:33 **** Build of configuration Debug for project FreeRTOS_HelloWorld_SystemView ****
make -j8 all 
arm-none-eabi-gcc "../ThirdParty/SEGGER/SEGGER/Syscalls/SEGGER_RTT_Syscalls_GCC.c" -mcpu=cortex-m7 -std=gnu11 -g3 -DDEBUG -DUSE_HAL_DRIVER -DSTM32F723xx -c -I../Core/Inc -I"/home/vdev/MyPrograms/os/freeRTOS/stm32f723E-Disc0/FreeRTOS_HelloWorld_SystemView/ThirdParty/FreeRTOS/include" -I"/home/vdev/MyPrograms/os/freeRTOS/stm32f723E-Disc0/FreeRTOS_HelloWorld_SystemView/ThirdParty/FreeRTOS" -I"/home/vdev/MyPrograms/os/freeRTOS/stm32f723E-Disc0/FreeRTOS_HelloWorld_SystemView/ThirdParty/FreeRTOS/portable/GCC/ARM_CM7" -I"/home/vdev/MyPrograms/os/freeRTOS/stm32f723E-Disc0/FreeRTOS_HelloWorld_SystemView/ThirdParty/SEGGER/Config" -I"/home/vdev/MyPrograms/os/freeRTOS/stm32f723E-Disc0/FreeRTOS_HelloWorld_SystemView/ThirdParty/SEGGER/OS" -I"/home/vdev/MyPrograms/os/freeRTOS/stm32f723E-Disc0/FreeRTOS_HelloWorld_SystemView/ThirdParty/SEGGER/SEGGER" -I../Drivers/STM32F7xx_HAL_Driver/Inc -I../Drivers/STM32F7xx_HAL_Driver/Inc/Legacy -I../Drivers/CMSIS/Device/ST/STM32F7xx/Include -I../Drivers/CMSIS/Include -O0 -ffunction-sections -fdata-sections -Wall -Wconversion -fstack-usage -fcyclomatic-complexity -MMD -MP -MF"ThirdParty/SEGGER/SEGGER/Syscalls/SEGGER_RTT_Syscalls_GCC.d" -MT"ThirdParty/SEGGER/SEGGER/Syscalls/SEGGER_RTT_Syscalls_GCC.o" --specs=nano.specs -mfpu=fpv5-sp-d16 -mfloat-abi=hard -mthumb -o "ThirdParty/SEGGER/SEGGER/Syscalls/SEGGER_RTT_Syscalls_GCC.o"
arm-none-eabi-gcc "../ThirdParty/SEGGER/SEGGER/SEGGER_RTT.c" -mcpu=cortex-m7 -std=gnu11 -g3 -DDEBUG -DUSE_HAL_DRIVER -DSTM32F723xx -c -I../Core/Inc -I"/home/vdev/MyPrograms/os/freeRTOS/stm32f723E-Disc0/FreeRTOS_HelloWorld_SystemView/ThirdParty/FreeRTOS/include" -I"/home/vdev/MyPrograms/os/freeRTOS/stm32f723E-Disc0/FreeRTOS_HelloWorld_SystemView/ThirdParty/FreeRTOS" -I"/home/vdev/MyPrograms/os/freeRTOS/stm32f723E-Disc0/FreeRTOS_HelloWorld_SystemView/ThirdParty/FreeRTOS/portable/GCC/ARM_CM7" -I"/home/vdev/MyPrograms/os/freeRTOS/stm32f723E-Disc0/FreeRTOS_HelloWorld_SystemView/ThirdParty/SEGGER/Config" -I"/home/vdev/MyPrograms/os/freeRTOS/stm32f723E-Disc0/FreeRTOS_HelloWorld_SystemView/ThirdParty/SEGGER/OS" -I"/home/vdev/MyPrograms/os/freeRTOS/stm32f723E-Disc0/FreeRTOS_HelloWorld_SystemView/ThirdParty/SEGGER/SEGGER" -I../Drivers/STM32F7xx_HAL_Driver/Inc -I../Drivers/STM32F7xx_HAL_Driver/Inc/Legacy -I../Drivers/CMSIS/Device/ST/STM32F7xx/Include -I../Drivers/CMSIS/Include -O0 -ffunction-sections -fdata-sections -Wall -Wconversion -fstack-usage -fcyclomatic-complexity -MMD -MP -MF"ThirdParty/SEGGER/SEGGER/SEGGER_RTT.d" -MT"ThirdParty/SEGGER/SEGGER/SEGGER_RTT.o" --specs=nano.specs -mfpu=fpv5-sp-d16 -mfloat-abi=hard -mthumb -o "ThirdParty/SEGGER/SEGGER/SEGGER_RTT.o"
arm-none-eabi-gcc -mcpu=cortex-m7 -g3 -DDEBUG -c -I"/home/vdev/MyPrograms/os/freeRTOS/stm32f723E-Disc0/FreeRTOS_HelloWorld_SystemView/ThirdParty/SEGGER/Config" -x assembler-with-cpp -MMD -MP -MF"ThirdParty/SEGGER/SEGGER/SEGGER_RTT_ASM_ARMv7M.d" -MT"ThirdParty/SEGGER/SEGGER/SEGGER_RTT_ASM_ARMv7M.o" --specs=nano.specs -mfpu=fpv5-sp-d16 -mfloat-abi=hard -mthumb -o "ThirdParty/SEGGER/SEGGER/SEGGER_RTT_ASM_ARMv7M.o" "../ThirdParty/SEGGER/SEGGER/SEGGER_RTT_ASM_ARMv7M.S"
arm-none-eabi-gcc "../ThirdParty/SEGGER/SEGGER/SEGGER_RTT_printf.c" -mcpu=cortex-m7 -std=gnu11 -g3 -DDEBUG -DUSE_HAL_DRIVER -DSTM32F723xx -c -I../Core/Inc -I"/home/vdev/MyPrograms/os/freeRTOS/stm32f723E-Disc0/FreeRTOS_HelloWorld_SystemView/ThirdParty/FreeRTOS/include" -I"/home/vdev/MyPrograms/os/freeRTOS/stm32f723E-Disc0/FreeRTOS_HelloWorld_SystemView/ThirdParty/FreeRTOS" -I"/home/vdev/MyPrograms/os/freeRTOS/stm32f723E-Disc0/FreeRTOS_HelloWorld_SystemView/ThirdParty/FreeRTOS/portable/GCC/ARM_CM7" -I"/home/vdev/MyPrograms/os/freeRTOS/stm32f723E-Disc0/FreeRTOS_HelloWorld_SystemView/ThirdParty/SEGGER/Config" -I"/home/vdev/MyPrograms/os/freeRTOS/stm32f723E-Disc0/FreeRTOS_HelloWorld_SystemView/ThirdParty/SEGGER/OS" -I"/home/vdev/MyPrograms/os/freeRTOS/stm32f723E-Disc0/FreeRTOS_HelloWorld_SystemView/ThirdParty/SEGGER/SEGGER" -I../Drivers/STM32F7xx_HAL_Driver/Inc -I../Drivers/STM32F7xx_HAL_Driver/Inc/Legacy -I../Drivers/CMSIS/Device/ST/STM32F7xx/Include -I../Drivers/CMSIS/Include -O0 -ffunction-sections -fdata-sections -Wall -Wconversion -fstack-usage -fcyclomatic-complexity -MMD -MP -MF"ThirdParty/SEGGER/SEGGER/SEGGER_RTT_printf.d" -MT"ThirdParty/SEGGER/SEGGER/SEGGER_RTT_printf.o" --specs=nano.specs -mfpu=fpv5-sp-d16 -mfloat-abi=hard -mthumb -o "ThirdParty/SEGGER/SEGGER/SEGGER_RTT_printf.o"
arm-none-eabi-gcc "../ThirdParty/SEGGER/SEGGER/SEGGER_SYSVIEW.c" -mcpu=cortex-m7 -std=gnu11 -g3 -DDEBUG -DUSE_HAL_DRIVER -DSTM32F723xx -c -I../Core/Inc -I"/home/vdev/MyPrograms/os/freeRTOS/stm32f723E-Disc0/FreeRTOS_HelloWorld_SystemView/ThirdParty/FreeRTOS/include" -I"/home/vdev/MyPrograms/os/freeRTOS/stm32f723E-Disc0/FreeRTOS_HelloWorld_SystemView/ThirdParty/FreeRTOS" -I"/home/vdev/MyPrograms/os/freeRTOS/stm32f723E-Disc0/FreeRTOS_HelloWorld_SystemView/ThirdParty/FreeRTOS/portable/GCC/ARM_CM7" -I"/home/vdev/MyPrograms/os/freeRTOS/stm32f723E-Disc0/FreeRTOS_HelloWorld_SystemView/ThirdParty/SEGGER/Config" -I"/home/vdev/MyPrograms/os/freeRTOS/stm32f723E-Disc0/FreeRTOS_HelloWorld_SystemView/ThirdParty/SEGGER/OS" -I"/home/vdev/MyPrograms/os/freeRTOS/stm32f723E-Disc0/FreeRTOS_HelloWorld_SystemView/ThirdParty/SEGGER/SEGGER" -I../Drivers/STM32F7xx_HAL_Driver/Inc -I../Drivers/STM32F7xx_HAL_Driver/Inc/Legacy -I../Drivers/CMSIS/Device/ST/STM32F7xx/Include -I../Drivers/CMSIS/Include -O0 -ffunction-sections -fdata-sections -Wall -Wconversion -fstack-usage -fcyclomatic-complexity -MMD -MP -MF"ThirdParty/SEGGER/SEGGER/SEGGER_SYSVIEW.d" -MT"ThirdParty/SEGGER/SEGGER/SEGGER_SYSVIEW.o" --specs=nano.specs -mfpu=fpv5-sp-d16 -mfloat-abi=hard -mthumb -o "ThirdParty/SEGGER/SEGGER/SEGGER_SYSVIEW.o"
arm-none-eabi-gcc "../ThirdParty/SEGGER/OS/SEGGER_SYSVIEW_FreeRTOS.c" -mcpu=cortex-m7 -std=gnu11 -g3 -DDEBUG -DUSE_HAL_DRIVER -DSTM32F723xx -c -I../Core/Inc -I"/home/vdev/MyPrograms/os/freeRTOS/stm32f723E-Disc0/FreeRTOS_HelloWorld_SystemView/ThirdParty/FreeRTOS/include" -I"/home/vdev/MyPrograms/os/freeRTOS/stm32f723E-Disc0/FreeRTOS_HelloWorld_SystemView/ThirdParty/FreeRTOS" -I"/home/vdev/MyPrograms/os/freeRTOS/stm32f723E-Disc0/FreeRTOS_HelloWorld_SystemView/ThirdParty/FreeRTOS/portable/GCC/ARM_CM7" -I"/home/vdev/MyPrograms/os/freeRTOS/stm32f723E-Disc0/FreeRTOS_HelloWorld_SystemView/ThirdParty/SEGGER/Config" -I"/home/vdev/MyPrograms/os/freeRTOS/stm32f723E-Disc0/FreeRTOS_HelloWorld_SystemView/ThirdParty/SEGGER/OS" -I"/home/vdev/MyPrograms/os/freeRTOS/stm32f723E-Disc0/FreeRTOS_HelloWorld_SystemView/ThirdParty/SEGGER/SEGGER" -I../Drivers/STM32F7xx_HAL_Driver/Inc -I../Drivers/STM32F7xx_HAL_Driver/Inc/Legacy -I../Drivers/CMSIS/Device/ST/STM32F7xx/Include -I../Drivers/CMSIS/Include -O0 -ffunction-sections -fdata-sections -Wall -Wconversion -fstack-usage -fcyclomatic-complexity -MMD -MP -MF"ThirdParty/SEGGER/OS/SEGGER_SYSVIEW_FreeRTOS.d" -MT"ThirdParty/SEGGER/OS/SEGGER_SYSVIEW_FreeRTOS.o" --specs=nano.specs -mfpu=fpv5-sp-d16 -mfloat-abi=hard -mthumb -o "ThirdParty/SEGGER/OS/SEGGER_SYSVIEW_FreeRTOS.o"
arm-none-eabi-gcc "../ThirdParty/SEGGER/Config/SEGGER_SYSVIEW_Config_FreeRTOS.c" -mcpu=cortex-m7 -std=gnu11 -g3 -DDEBUG -DUSE_HAL_DRIVER -DSTM32F723xx -c -I../Core/Inc -I"/home/vdev/MyPrograms/os/freeRTOS/stm32f723E-Disc0/FreeRTOS_HelloWorld_SystemView/ThirdParty/FreeRTOS/include" -I"/home/vdev/MyPrograms/os/freeRTOS/stm32f723E-Disc0/FreeRTOS_HelloWorld_SystemView/ThirdParty/FreeRTOS" -I"/home/vdev/MyPrograms/os/freeRTOS/stm32f723E-Disc0/FreeRTOS_HelloWorld_SystemView/ThirdParty/FreeRTOS/portable/GCC/ARM_CM7" -I"/home/vdev/MyPrograms/os/freeRTOS/stm32f723E-Disc0/FreeRTOS_HelloWorld_SystemView/ThirdParty/SEGGER/Config" -I"/home/vdev/MyPrograms/os/freeRTOS/stm32f723E-Disc0/FreeRTOS_HelloWorld_SystemView/ThirdParty/SEGGER/OS" -I"/home/vdev/MyPrograms/os/freeRTOS/stm32f723E-Disc0/FreeRTOS_HelloWorld_SystemView/ThirdParty/SEGGER/SEGGER" -I../Drivers/STM32F7xx_HAL_Driver/Inc -I../Drivers/STM32F7xx_HAL_Driver/Inc/Legacy -I../Drivers/CMSIS/Device/ST/STM32F7xx/Include -I../Drivers/CMSIS/Include -O0 -ffunction-sections -fdata-sections -Wall -Wconversion -fstack-usage -fcyclomatic-complexity -MMD -MP -MF"ThirdParty/SEGGER/Config/SEGGER_SYSVIEW_Config_FreeRTOS.d" -MT"ThirdParty/SEGGER/Config/SEGGER_SYSVIEW_Config_FreeRTOS.o" --specs=nano.specs -mfpu=fpv5-sp-d16 -mfloat-abi=hard -mthumb -o "ThirdParty/SEGGER/Config/SEGGER_SYSVIEW_Config_FreeRTOS.o"
arm-none-eabi-gcc "../ThirdParty/FreeRTOS/portable/MemMang/heap_4.c" -mcpu=cortex-m7 -std=gnu11 -g3 -DDEBUG -DUSE_HAL_DRIVER -DSTM32F723xx -c -I../Core/Inc -I"/home/vdev/MyPrograms/os/freeRTOS/stm32f723E-Disc0/FreeRTOS_HelloWorld_SystemView/ThirdParty/FreeRTOS/include" -I"/home/vdev/MyPrograms/os/freeRTOS/stm32f723E-Disc0/FreeRTOS_HelloWorld_SystemView/ThirdParty/FreeRTOS" -I"/home/vdev/MyPrograms/os/freeRTOS/stm32f723E-Disc0/FreeRTOS_HelloWorld_SystemView/ThirdParty/FreeRTOS/portable/GCC/ARM_CM7" -I"/home/vdev/MyPrograms/os/freeRTOS/stm32f723E-Disc0/FreeRTOS_HelloWorld_SystemView/ThirdParty/SEGGER/Config" -I"/home/vdev/MyPrograms/os/freeRTOS/stm32f723E-Disc0/FreeRTOS_HelloWorld_SystemView/ThirdParty/SEGGER/OS" -I"/home/vdev/MyPrograms/os/freeRTOS/stm32f723E-Disc0/FreeRTOS_HelloWorld_SystemView/ThirdParty/SEGGER/SEGGER" -I../Drivers/STM32F7xx_HAL_Driver/Inc -I../Drivers/STM32F7xx_HAL_Driver/Inc/Legacy -I../Drivers/CMSIS/Device/ST/STM32F7xx/Include -I../Drivers/CMSIS/Include -O0 -ffunction-sections -fdata-sections -Wall -Wconversion -fstack-usage -fcyclomatic-complexity -MMD -MP -MF"ThirdParty/FreeRTOS/portable/MemMang/heap_4.d" -MT"ThirdParty/FreeRTOS/portable/MemMang/heap_4.o" --specs=nano.specs -mfpu=fpv5-sp-d16 -mfloat-abi=hard -mthumb -o "ThirdParty/FreeRTOS/portable/MemMang/heap_4.o"
arm-none-eabi-gcc "../ThirdParty/FreeRTOS/portable/GCC/ARM_CM7/port.c" -mcpu=cortex-m7 -std=gnu11 -g3 -DDEBUG -DUSE_HAL_DRIVER -DSTM32F723xx -c -I../Core/Inc -I"/home/vdev/MyPrograms/os/freeRTOS/stm32f723E-Disc0/FreeRTOS_HelloWorld_SystemView/ThirdParty/FreeRTOS/include" -I"/home/vdev/MyPrograms/os/freeRTOS/stm32f723E-Disc0/FreeRTOS_HelloWorld_SystemView/ThirdParty/FreeRTOS" -I"/home/vdev/MyPrograms/os/freeRTOS/stm32f723E-Disc0/FreeRTOS_HelloWorld_SystemView/ThirdParty/FreeRTOS/portable/GCC/ARM_CM7" -I"/home/vdev/MyPrograms/os/freeRTOS/stm32f723E-Disc0/FreeRTOS_HelloWorld_SystemView/ThirdParty/SEGGER/Config" -I"/home/vdev/MyPrograms/os/freeRTOS/stm32f723E-Disc0/FreeRTOS_HelloWorld_SystemView/ThirdParty/SEGGER/OS" -I"/home/vdev/MyPrograms/os/freeRTOS/stm32f723E-Disc0/FreeRTOS_HelloWorld_SystemView/ThirdParty/SEGGER/SEGGER" -I../Drivers/STM32F7xx_HAL_Driver/Inc -I../Drivers/STM32F7xx_HAL_Driver/Inc/Legacy -I../Drivers/CMSIS/Device/ST/STM32F7xx/Include -I../Drivers/CMSIS/Include -O0 -ffunction-sections -fdata-sections -Wall -Wconversion -fstack-usage -fcyclomatic-complexity -MMD -MP -MF"ThirdParty/FreeRTOS/portable/GCC/ARM_CM7/port.d" -MT"ThirdParty/FreeRTOS/portable/GCC/ARM_CM7/port.o" --specs=nano.specs -mfpu=fpv5-sp-d16 -mfloat-abi=hard -mthumb -o "ThirdParty/FreeRTOS/portable/GCC/ARM_CM7/port.o"
../ThirdParty/SEGGER/SEGGER/Syscalls/SEGGER_RTT_Syscalls_GCC.c: In function '_write':
../ThirdParty/SEGGER/SEGGER/Syscalls/SEGGER_RTT_Syscalls_GCC.c:104:10: warning: conversion to '_ssize_t' {aka 'int'} from 'size_t' {aka 'unsigned int'} may change the sign of the result [-Wsign-conversion]
  104 |   return len;
      |          ^~~
../ThirdParty/SEGGER/SEGGER/Syscalls/SEGGER_RTT_Syscalls_GCC.c: In function '_write_r':
../ThirdParty/SEGGER/SEGGER/Syscalls/SEGGER_RTT_Syscalls_GCC.c:121:10: warning: conversion to '_ssize_t' {aka 'int'} from 'size_t' {aka 'unsigned int'} may change the sign of the result [-Wsign-conversion]
  121 |   return len;
      |          ^~~
../ThirdParty/SEGGER/SEGGER/SEGGER_RTT_printf.c: In function 'SEGGER_RTT_vprintf':
../ThirdParty/SEGGER/SEGGER/SEGGER_RTT_printf.c:384:23: warning: conversion to 'unsigned int' from 'int' may change the sign of the result [-Wsign-conversion]
  384 |           Precision = va_arg(*pParamList, int);
      |                       ^~~~~~
arm-none-eabi-gcc "../ThirdParty/FreeRTOS/croutine.c" -mcpu=cortex-m7 -std=gnu11 -g3 -DDEBUG -DUSE_HAL_DRIVER -DSTM32F723xx -c -I../Core/Inc -I"/home/vdev/MyPrograms/os/freeRTOS/stm32f723E-Disc0/FreeRTOS_HelloWorld_SystemView/ThirdParty/FreeRTOS/include" -I"/home/vdev/MyPrograms/os/freeRTOS/stm32f723E-Disc0/FreeRTOS_HelloWorld_SystemView/ThirdParty/FreeRTOS" -I"/home/vdev/MyPrograms/os/freeRTOS/stm32f723E-Disc0/FreeRTOS_HelloWorld_SystemView/ThirdParty/FreeRTOS/portable/GCC/ARM_CM7" -I"/home/vdev/MyPrograms/os/freeRTOS/stm32f723E-Disc0/FreeRTOS_HelloWorld_SystemView/ThirdParty/SEGGER/Config" -I"/home/vdev/MyPrograms/os/freeRTOS/stm32f723E-Disc0/FreeRTOS_HelloWorld_SystemView/ThirdParty/SEGGER/OS" -I"/home/vdev/MyPrograms/os/freeRTOS/stm32f723E-Disc0/FreeRTOS_HelloWorld_SystemView/ThirdParty/SEGGER/SEGGER" -I../Drivers/STM32F7xx_HAL_Driver/Inc -I../Drivers/STM32F7xx_HAL_Driver/Inc/Legacy -I../Drivers/CMSIS/Device/ST/STM32F7xx/Include -I../Drivers/CMSIS/Include -O0 -ffunction-sections -fdata-sections -Wall -Wconversion -fstack-usage -fcyclomatic-complexity -MMD -MP -MF"ThirdParty/FreeRTOS/croutine.d" -MT"ThirdParty/FreeRTOS/croutine.o" --specs=nano.specs -mfpu=fpv5-sp-d16 -mfloat-abi=hard -mthumb -o "ThirdParty/FreeRTOS/croutine.o"
arm-none-eabi-gcc "../ThirdParty/FreeRTOS/event_groups.c" -mcpu=cortex-m7 -std=gnu11 -g3 -DDEBUG -DUSE_HAL_DRIVER -DSTM32F723xx -c -I../Core/Inc -I"/home/vdev/MyPrograms/os/freeRTOS/stm32f723E-Disc0/FreeRTOS_HelloWorld_SystemView/ThirdParty/FreeRTOS/include" -I"/home/vdev/MyPrograms/os/freeRTOS/stm32f723E-Disc0/FreeRTOS_HelloWorld_SystemView/ThirdParty/FreeRTOS" -I"/home/vdev/MyPrograms/os/freeRTOS/stm32f723E-Disc0/FreeRTOS_HelloWorld_SystemView/ThirdParty/FreeRTOS/portable/GCC/ARM_CM7" -I"/home/vdev/MyPrograms/os/freeRTOS/stm32f723E-Disc0/FreeRTOS_HelloWorld_SystemView/ThirdParty/SEGGER/Config" -I"/home/vdev/MyPrograms/os/freeRTOS/stm32f723E-Disc0/FreeRTOS_HelloWorld_SystemView/ThirdParty/SEGGER/OS" -I"/home/vdev/MyPrograms/os/freeRTOS/stm32f723E-Disc0/FreeRTOS_HelloWorld_SystemView/ThirdParty/SEGGER/SEGGER" -I../Drivers/STM32F7xx_HAL_Driver/Inc -I../Drivers/STM32F7xx_HAL_Driver/Inc/Legacy -I../Drivers/CMSIS/Device/ST/STM32F7xx/Include -I../Drivers/CMSIS/Include -O0 -ffunction-sections -fdata-sections -Wall -Wconversion -fstack-usage -fcyclomatic-complexity -MMD -MP -MF"ThirdParty/FreeRTOS/event_groups.d" -MT"ThirdParty/FreeRTOS/event_groups.o" --specs=nano.specs -mfpu=fpv5-sp-d16 -mfloat-abi=hard -mthumb -o "ThirdParty/FreeRTOS/event_groups.o"
arm-none-eabi-gcc "../ThirdParty/FreeRTOS/list.c" -mcpu=cortex-m7 -std=gnu11 -g3 -DDEBUG -DUSE_HAL_DRIVER -DSTM32F723xx -c -I../Core/Inc -I"/home/vdev/MyPrograms/os/freeRTOS/stm32f723E-Disc0/FreeRTOS_HelloWorld_SystemView/ThirdParty/FreeRTOS/include" -I"/home/vdev/MyPrograms/os/freeRTOS/stm32f723E-Disc0/FreeRTOS_HelloWorld_SystemView/ThirdParty/FreeRTOS" -I"/home/vdev/MyPrograms/os/freeRTOS/stm32f723E-Disc0/FreeRTOS_HelloWorld_SystemView/ThirdParty/FreeRTOS/portable/GCC/ARM_CM7" -I"/home/vdev/MyPrograms/os/freeRTOS/stm32f723E-Disc0/FreeRTOS_HelloWorld_SystemView/ThirdParty/SEGGER/Config" -I"/home/vdev/MyPrograms/os/freeRTOS/stm32f723E-Disc0/FreeRTOS_HelloWorld_SystemView/ThirdParty/SEGGER/OS" -I"/home/vdev/MyPrograms/os/freeRTOS/stm32f723E-Disc0/FreeRTOS_HelloWorld_SystemView/ThirdParty/SEGGER/SEGGER" -I../Drivers/STM32F7xx_HAL_Driver/Inc -I../Drivers/STM32F7xx_HAL_Driver/Inc/Legacy -I../Drivers/CMSIS/Device/ST/STM32F7xx/Include -I../Drivers/CMSIS/Include -O0 -ffunction-sections -fdata-sections -Wall -Wconversion -fstack-usage -fcyclomatic-complexity -MMD -MP -MF"ThirdParty/FreeRTOS/list.d" -MT"ThirdParty/FreeRTOS/list.o" --specs=nano.specs -mfpu=fpv5-sp-d16 -mfloat-abi=hard -mthumb -o "ThirdParty/FreeRTOS/list.o"
arm-none-eabi-gcc "../ThirdParty/FreeRTOS/queue.c" -mcpu=cortex-m7 -std=gnu11 -g3 -DDEBUG -DUSE_HAL_DRIVER -DSTM32F723xx -c -I../Core/Inc -I"/home/vdev/MyPrograms/os/freeRTOS/stm32f723E-Disc0/FreeRTOS_HelloWorld_SystemView/ThirdParty/FreeRTOS/include" -I"/home/vdev/MyPrograms/os/freeRTOS/stm32f723E-Disc0/FreeRTOS_HelloWorld_SystemView/ThirdParty/FreeRTOS" -I"/home/vdev/MyPrograms/os/freeRTOS/stm32f723E-Disc0/FreeRTOS_HelloWorld_SystemView/ThirdParty/FreeRTOS/portable/GCC/ARM_CM7" -I"/home/vdev/MyPrograms/os/freeRTOS/stm32f723E-Disc0/FreeRTOS_HelloWorld_SystemView/ThirdParty/SEGGER/Config" -I"/home/vdev/MyPrograms/os/freeRTOS/stm32f723E-Disc0/FreeRTOS_HelloWorld_SystemView/ThirdParty/SEGGER/OS" -I"/home/vdev/MyPrograms/os/freeRTOS/stm32f723E-Disc0/FreeRTOS_HelloWorld_SystemView/ThirdParty/SEGGER/SEGGER" -I../Drivers/STM32F7xx_HAL_Driver/Inc -I../Drivers/STM32F7xx_HAL_Driver/Inc/Legacy -I../Drivers/CMSIS/Device/ST/STM32F7xx/Include -I../Drivers/CMSIS/Include -O0 -ffunction-sections -fdata-sections -Wall -Wconversion -fstack-usage -fcyclomatic-complexity -MMD -MP -MF"ThirdParty/FreeRTOS/queue.d" -MT"ThirdParty/FreeRTOS/queue.o" --specs=nano.specs -mfpu=fpv5-sp-d16 -mfloat-abi=hard -mthumb -o "ThirdParty/FreeRTOS/queue.o"
arm-none-eabi-gcc "../ThirdParty/FreeRTOS/stream_buffer.c" -mcpu=cortex-m7 -std=gnu11 -g3 -DDEBUG -DUSE_HAL_DRIVER -DSTM32F723xx -c -I../Core/Inc -I"/home/vdev/MyPrograms/os/freeRTOS/stm32f723E-Disc0/FreeRTOS_HelloWorld_SystemView/ThirdParty/FreeRTOS/include" -I"/home/vdev/MyPrograms/os/freeRTOS/stm32f723E-Disc0/FreeRTOS_HelloWorld_SystemView/ThirdParty/FreeRTOS" -I"/home/vdev/MyPrograms/os/freeRTOS/stm32f723E-Disc0/FreeRTOS_HelloWorld_SystemView/ThirdParty/FreeRTOS/portable/GCC/ARM_CM7" -I"/home/vdev/MyPrograms/os/freeRTOS/stm32f723E-Disc0/FreeRTOS_HelloWorld_SystemView/ThirdParty/SEGGER/Config" -I"/home/vdev/MyPrograms/os/freeRTOS/stm32f723E-Disc0/FreeRTOS_HelloWorld_SystemView/ThirdParty/SEGGER/OS" -I"/home/vdev/MyPrograms/os/freeRTOS/stm32f723E-Disc0/FreeRTOS_HelloWorld_SystemView/ThirdParty/SEGGER/SEGGER" -I../Drivers/STM32F7xx_HAL_Driver/Inc -I../Drivers/STM32F7xx_HAL_Driver/Inc/Legacy -I../Drivers/CMSIS/Device/ST/STM32F7xx/Include -I../Drivers/CMSIS/Include -O0 -ffunction-sections -fdata-sections -Wall -Wconversion -fstack-usage -fcyclomatic-complexity -MMD -MP -MF"ThirdParty/FreeRTOS/stream_buffer.d" -MT"ThirdParty/FreeRTOS/stream_buffer.o" --specs=nano.specs -mfpu=fpv5-sp-d16 -mfloat-abi=hard -mthumb -o "ThirdParty/FreeRTOS/stream_buffer.o"
arm-none-eabi-gcc "../ThirdParty/FreeRTOS/tasks.c" -mcpu=cortex-m7 -std=gnu11 -g3 -DDEBUG -DUSE_HAL_DRIVER -DSTM32F723xx -c -I../Core/Inc -I"/home/vdev/MyPrograms/os/freeRTOS/stm32f723E-Disc0/FreeRTOS_HelloWorld_SystemView/ThirdParty/FreeRTOS/include" -I"/home/vdev/MyPrograms/os/freeRTOS/stm32f723E-Disc0/FreeRTOS_HelloWorld_SystemView/ThirdParty/FreeRTOS" -I"/home/vdev/MyPrograms/os/freeRTOS/stm32f723E-Disc0/FreeRTOS_HelloWorld_SystemView/ThirdParty/FreeRTOS/portable/GCC/ARM_CM7" -I"/home/vdev/MyPrograms/os/freeRTOS/stm32f723E-Disc0/FreeRTOS_HelloWorld_SystemView/ThirdParty/SEGGER/Config" -I"/home/vdev/MyPrograms/os/freeRTOS/stm32f723E-Disc0/FreeRTOS_HelloWorld_SystemView/ThirdParty/SEGGER/OS" -I"/home/vdev/MyPrograms/os/freeRTOS/stm32f723E-Disc0/FreeRTOS_HelloWorld_SystemView/ThirdParty/SEGGER/SEGGER" -I../Drivers/STM32F7xx_HAL_Driver/Inc -I../Drivers/STM32F7xx_HAL_Driver/Inc/Legacy -I../Drivers/CMSIS/Device/ST/STM32F7xx/Include -I../Drivers/CMSIS/Include -O0 -ffunction-sections -fdata-sections -Wall -Wconversion -fstack-usage -fcyclomatic-complexity -MMD -MP -MF"ThirdParty/FreeRTOS/tasks.d" -MT"ThirdParty/FreeRTOS/tasks.o" --specs=nano.specs -mfpu=fpv5-sp-d16 -mfloat-abi=hard -mthumb -o "ThirdParty/FreeRTOS/tasks.o"
arm-none-eabi-gcc "../ThirdParty/FreeRTOS/timers.c" -mcpu=cortex-m7 -std=gnu11 -g3 -DDEBUG -DUSE_HAL_DRIVER -DSTM32F723xx -c -I../Core/Inc -I"/home/vdev/MyPrograms/os/freeRTOS/stm32f723E-Disc0/FreeRTOS_HelloWorld_SystemView/ThirdParty/FreeRTOS/include" -I"/home/vdev/MyPrograms/os/freeRTOS/stm32f723E-Disc0/FreeRTOS_HelloWorld_SystemView/ThirdParty/FreeRTOS" -I"/home/vdev/MyPrograms/os/freeRTOS/stm32f723E-Disc0/FreeRTOS_HelloWorld_SystemView/ThirdParty/FreeRTOS/portable/GCC/ARM_CM7" -I"/home/vdev/MyPrograms/os/freeRTOS/stm32f723E-Disc0/FreeRTOS_HelloWorld_SystemView/ThirdParty/SEGGER/Config" -I"/home/vdev/MyPrograms/os/freeRTOS/stm32f723E-Disc0/FreeRTOS_HelloWorld_SystemView/ThirdParty/SEGGER/OS" -I"/home/vdev/MyPrograms/os/freeRTOS/stm32f723E-Disc0/FreeRTOS_HelloWorld_SystemView/ThirdParty/SEGGER/SEGGER" -I../Drivers/STM32F7xx_HAL_Driver/Inc -I../Drivers/STM32F7xx_HAL_Driver/Inc/Legacy -I../Drivers/CMSIS/Device/ST/STM32F7xx/Include -I../Drivers/CMSIS/Include -O0 -ffunction-sections -fdata-sections -Wall -Wconversion -fstack-usage -fcyclomatic-complexity -MMD -MP -MF"ThirdParty/FreeRTOS/timers.d" -MT"ThirdParty/FreeRTOS/timers.o" --specs=nano.specs -mfpu=fpv5-sp-d16 -mfloat-abi=hard -mthumb -o "ThirdParty/FreeRTOS/timers.o"
arm-none-eabi-gcc "../Drivers/STM32F7xx_HAL_Driver/Src/stm32f7xx_hal.c" -mcpu=cortex-m7 -std=gnu11 -g3 -DDEBUG -DUSE_HAL_DRIVER -DSTM32F723xx -c -I../Core/Inc -I"/home/vdev/MyPrograms/os/freeRTOS/stm32f723E-Disc0/FreeRTOS_HelloWorld_SystemView/ThirdParty/SEGGER/Config" -I"/home/vdev/MyPrograms/os/freeRTOS/stm32f723E-Disc0/FreeRTOS_HelloWorld_SystemView/ThirdParty/SEGGER/OS" -I"/home/vdev/MyPrograms/os/freeRTOS/stm32f723E-Disc0/FreeRTOS_HelloWorld_SystemView/ThirdParty/SEGGER/SEGGER" -I"/home/vdev/MyPrograms/os/freeRTOS/stm32f723E-Disc0/FreeRTOS_HelloWorld_SystemView/ThirdParty/FreeRTOS/include" -I"/home/vdev/MyPrograms/os/freeRTOS/stm32f723E-Disc0/FreeRTOS_HelloWorld_SystemView/ThirdParty/FreeRTOS" -I"/home/vdev/MyPrograms/os/freeRTOS/stm32f723E-Disc0/FreeRTOS_HelloWorld_SystemView/ThirdParty/FreeRTOS/portable/GCC/ARM_CM7" -I../Drivers/STM32F7xx_HAL_Driver/Inc -I../Drivers/STM32F7xx_HAL_Driver/Inc/Legacy -I../Drivers/CMSIS/Device/ST/STM32F7xx/Include -I../Drivers/CMSIS/Include -O0 -ffunction-sections -fdata-sections -Wall -Wconversion -fstack-usage -fcyclomatic-complexity -MMD -MP -MF"Drivers/STM32F7xx_HAL_Driver/Src/stm32f7xx_hal.d" -MT"Drivers/STM32F7xx_HAL_Driver/Src/stm32f7xx_hal.o" --specs=nano.specs -mfpu=fpv5-sp-d16 -mfloat-abi=hard -mthumb -o "Drivers/STM32F7xx_HAL_Driver/Src/stm32f7xx_hal.o"
arm-none-eabi-gcc "../Drivers/STM32F7xx_HAL_Driver/Src/stm32f7xx_hal_cortex.c" -mcpu=cortex-m7 -std=gnu11 -g3 -DDEBUG -DUSE_HAL_DRIVER -DSTM32F723xx -c -I../Core/Inc -I"/home/vdev/MyPrograms/os/freeRTOS/stm32f723E-Disc0/FreeRTOS_HelloWorld_SystemView/ThirdParty/SEGGER/Config" -I"/home/vdev/MyPrograms/os/freeRTOS/stm32f723E-Disc0/FreeRTOS_HelloWorld_SystemView/ThirdParty/SEGGER/OS" -I"/home/vdev/MyPrograms/os/freeRTOS/stm32f723E-Disc0/FreeRTOS_HelloWorld_SystemView/ThirdParty/SEGGER/SEGGER" -I"/home/vdev/MyPrograms/os/freeRTOS/stm32f723E-Disc0/FreeRTOS_HelloWorld_SystemView/ThirdParty/FreeRTOS/include" -I"/home/vdev/MyPrograms/os/freeRTOS/stm32f723E-Disc0/FreeRTOS_HelloWorld_SystemView/ThirdParty/FreeRTOS" -I"/home/vdev/MyPrograms/os/freeRTOS/stm32f723E-Disc0/FreeRTOS_HelloWorld_SystemView/ThirdParty/FreeRTOS/portable/GCC/ARM_CM7" -I../Drivers/STM32F7xx_HAL_Driver/Inc -I../Drivers/STM32F7xx_HAL_Driver/Inc/Legacy -I../Drivers/CMSIS/Device/ST/STM32F7xx/Include -I../Drivers/CMSIS/Include -O0 -ffunction-sections -fdata-sections -Wall -Wconversion -fstack-usage -fcyclomatic-complexity -MMD -MP -MF"Drivers/STM32F7xx_HAL_Driver/Src/stm32f7xx_hal_cortex.d" -MT"Drivers/STM32F7xx_HAL_Driver/Src/stm32f7xx_hal_cortex.o" --specs=nano.specs -mfpu=fpv5-sp-d16 -mfloat-abi=hard -mthumb -o "Drivers/STM32F7xx_HAL_Driver/Src/stm32f7xx_hal_cortex.o"
arm-none-eabi-gcc "../Drivers/STM32F7xx_HAL_Driver/Src/stm32f7xx_hal_dma.c" -mcpu=cortex-m7 -std=gnu11 -g3 -DDEBUG -DUSE_HAL_DRIVER -DSTM32F723xx -c -I../Core/Inc -I"/home/vdev/MyPrograms/os/freeRTOS/stm32f723E-Disc0/FreeRTOS_HelloWorld_SystemView/ThirdParty/SEGGER/Config" -I"/home/vdev/MyPrograms/os/freeRTOS/stm32f723E-Disc0/FreeRTOS_HelloWorld_SystemView/ThirdParty/SEGGER/OS" -I"/home/vdev/MyPrograms/os/freeRTOS/stm32f723E-Disc0/FreeRTOS_HelloWorld_SystemView/ThirdParty/SEGGER/SEGGER" -I"/home/vdev/MyPrograms/os/freeRTOS/stm32f723E-Disc0/FreeRTOS_HelloWorld_SystemView/ThirdParty/FreeRTOS/include" -I"/home/vdev/MyPrograms/os/freeRTOS/stm32f723E-Disc0/FreeRTOS_HelloWorld_SystemView/ThirdParty/FreeRTOS" -I"/home/vdev/MyPrograms/os/freeRTOS/stm32f723E-Disc0/FreeRTOS_HelloWorld_SystemView/ThirdParty/FreeRTOS/portable/GCC/ARM_CM7" -I../Drivers/STM32F7xx_HAL_Driver/Inc -I../Drivers/STM32F7xx_HAL_Driver/Inc/Legacy -I../Drivers/CMSIS/Device/ST/STM32F7xx/Include -I../Drivers/CMSIS/Include -O0 -ffunction-sections -fdata-sections -Wall -Wconversion -fstack-usage -fcyclomatic-complexity -MMD -MP -MF"Drivers/STM32F7xx_HAL_Driver/Src/stm32f7xx_hal_dma.d" -MT"Drivers/STM32F7xx_HAL_Driver/Src/stm32f7xx_hal_dma.o" --specs=nano.specs -mfpu=fpv5-sp-d16 -mfloat-abi=hard -mthumb -o "Drivers/STM32F7xx_HAL_Driver/Src/stm32f7xx_hal_dma.o"
arm-none-eabi-gcc "../Drivers/STM32F7xx_HAL_Driver/Src/stm32f7xx_hal_dma_ex.c" -mcpu=cortex-m7 -std=gnu11 -g3 -DDEBUG -DUSE_HAL_DRIVER -DSTM32F723xx -c -I../Core/Inc -I"/home/vdev/MyPrograms/os/freeRTOS/stm32f723E-Disc0/FreeRTOS_HelloWorld_SystemView/ThirdParty/SEGGER/Config" -I"/home/vdev/MyPrograms/os/freeRTOS/stm32f723E-Disc0/FreeRTOS_HelloWorld_SystemView/ThirdParty/SEGGER/OS" -I"/home/vdev/MyPrograms/os/freeRTOS/stm32f723E-Disc0/FreeRTOS_HelloWorld_SystemView/ThirdParty/SEGGER/SEGGER" -I"/home/vdev/MyPrograms/os/freeRTOS/stm32f723E-Disc0/FreeRTOS_HelloWorld_SystemView/ThirdParty/FreeRTOS/include" -I"/home/vdev/MyPrograms/os/freeRTOS/stm32f723E-Disc0/FreeRTOS_HelloWorld_SystemView/ThirdParty/FreeRTOS" -I"/home/vdev/MyPrograms/os/freeRTOS/stm32f723E-Disc0/FreeRTOS_HelloWorld_SystemView/ThirdParty/FreeRTOS/portable/GCC/ARM_CM7" -I../Drivers/STM32F7xx_HAL_Driver/Inc -I../Drivers/STM32F7xx_HAL_Driver/Inc/Legacy -I../Drivers/CMSIS/Device/ST/STM32F7xx/Include -I../Drivers/CMSIS/Include -O0 -ffunction-sections -fdata-sections -Wall -Wconversion -fstack-usage -fcyclomatic-complexity -MMD -MP -MF"Drivers/STM32F7xx_HAL_Driver/Src/stm32f7xx_hal_dma_ex.d" -MT"Drivers/STM32F7xx_HAL_Driver/Src/stm32f7xx_hal_dma_ex.o" --specs=nano.specs -mfpu=fpv5-sp-d16 -mfloat-abi=hard -mthumb -o "Drivers/STM32F7xx_HAL_Driver/Src/stm32f7xx_hal_dma_ex.o"
arm-none-eabi-gcc "../Drivers/STM32F7xx_HAL_Driver/Src/stm32f7xx_hal_exti.c" -mcpu=cortex-m7 -std=gnu11 -g3 -DDEBUG -DUSE_HAL_DRIVER -DSTM32F723xx -c -I../Core/Inc -I"/home/vdev/MyPrograms/os/freeRTOS/stm32f723E-Disc0/FreeRTOS_HelloWorld_SystemView/ThirdParty/SEGGER/Config" -I"/home/vdev/MyPrograms/os/freeRTOS/stm32f723E-Disc0/FreeRTOS_HelloWorld_SystemView/ThirdParty/SEGGER/OS" -I"/home/vdev/MyPrograms/os/freeRTOS/stm32f723E-Disc0/FreeRTOS_HelloWorld_SystemView/ThirdParty/SEGGER/SEGGER" -I"/home/vdev/MyPrograms/os/freeRTOS/stm32f723E-Disc0/FreeRTOS_HelloWorld_SystemView/ThirdParty/FreeRTOS/include" -I"/home/vdev/MyPrograms/os/freeRTOS/stm32f723E-Disc0/FreeRTOS_HelloWorld_SystemView/ThirdParty/FreeRTOS" -I"/home/vdev/MyPrograms/os/freeRTOS/stm32f723E-Disc0/FreeRTOS_HelloWorld_SystemView/ThirdParty/FreeRTOS/portable/GCC/ARM_CM7" -I../Drivers/STM32F7xx_HAL_Driver/Inc -I../Drivers/STM32F7xx_HAL_Driver/Inc/Legacy -I../Drivers/CMSIS/Device/ST/STM32F7xx/Include -I../Drivers/CMSIS/Include -O0 -ffunction-sections -fdata-sections -Wall -Wconversion -fstack-usage -fcyclomatic-complexity -MMD -MP -MF"Drivers/STM32F7xx_HAL_Driver/Src/stm32f7xx_hal_exti.d" -MT"Drivers/STM32F7xx_HAL_Driver/Src/stm32f7xx_hal_exti.o" --specs=nano.specs -mfpu=fpv5-sp-d16 -mfloat-abi=hard -mthumb -o "Drivers/STM32F7xx_HAL_Driver/Src/stm32f7xx_hal_exti.o"
arm-none-eabi-gcc "../Drivers/STM32F7xx_HAL_Driver/Src/stm32f7xx_hal_flash.c" -mcpu=cortex-m7 -std=gnu11 -g3 -DDEBUG -DUSE_HAL_DRIVER -DSTM32F723xx -c -I../Core/Inc -I"/home/vdev/MyPrograms/os/freeRTOS/stm32f723E-Disc0/FreeRTOS_HelloWorld_SystemView/ThirdParty/SEGGER/Config" -I"/home/vdev/MyPrograms/os/freeRTOS/stm32f723E-Disc0/FreeRTOS_HelloWorld_SystemView/ThirdParty/SEGGER/OS" -I"/home/vdev/MyPrograms/os/freeRTOS/stm32f723E-Disc0/FreeRTOS_HelloWorld_SystemView/ThirdParty/SEGGER/SEGGER" -I"/home/vdev/MyPrograms/os/freeRTOS/stm32f723E-Disc0/FreeRTOS_HelloWorld_SystemView/ThirdParty/FreeRTOS/include" -I"/home/vdev/MyPrograms/os/freeRTOS/stm32f723E-Disc0/FreeRTOS_HelloWorld_SystemView/ThirdParty/FreeRTOS" -I"/home/vdev/MyPrograms/os/freeRTOS/stm32f723E-Disc0/FreeRTOS_HelloWorld_SystemView/ThirdParty/FreeRTOS/portable/GCC/ARM_CM7" -I../Drivers/STM32F7xx_HAL_Driver/Inc -I../Drivers/STM32F7xx_HAL_Driver/Inc/Legacy -I../Drivers/CMSIS/Device/ST/STM32F7xx/Include -I../Drivers/CMSIS/Include -O0 -ffunction-sections -fdata-sections -Wall -Wconversion -fstack-usage -fcyclomatic-complexity -MMD -MP -MF"Drivers/STM32F7xx_HAL_Driver/Src/stm32f7xx_hal_flash.d" -MT"Drivers/STM32F7xx_HAL_Driver/Src/stm32f7xx_hal_flash.o" --specs=nano.specs -mfpu=fpv5-sp-d16 -mfloat-abi=hard -mthumb -o "Drivers/STM32F7xx_HAL_Driver/Src/stm32f7xx_hal_flash.o"
arm-none-eabi-gcc "../Drivers/STM32F7xx_HAL_Driver/Src/stm32f7xx_hal_flash_ex.c" -mcpu=cortex-m7 -std=gnu11 -g3 -DDEBUG -DUSE_HAL_DRIVER -DSTM32F723xx -c -I../Core/Inc -I"/home/vdev/MyPrograms/os/freeRTOS/stm32f723E-Disc0/FreeRTOS_HelloWorld_SystemView/ThirdParty/SEGGER/Config" -I"/home/vdev/MyPrograms/os/freeRTOS/stm32f723E-Disc0/FreeRTOS_HelloWorld_SystemView/ThirdParty/SEGGER/OS" -I"/home/vdev/MyPrograms/os/freeRTOS/stm32f723E-Disc0/FreeRTOS_HelloWorld_SystemView/ThirdParty/SEGGER/SEGGER" -I"/home/vdev/MyPrograms/os/freeRTOS/stm32f723E-Disc0/FreeRTOS_HelloWorld_SystemView/ThirdParty/FreeRTOS/include" -I"/home/vdev/MyPrograms/os/freeRTOS/stm32f723E-Disc0/FreeRTOS_HelloWorld_SystemView/ThirdParty/FreeRTOS" -I"/home/vdev/MyPrograms/os/freeRTOS/stm32f723E-Disc0/FreeRTOS_HelloWorld_SystemView/ThirdParty/FreeRTOS/portable/GCC/ARM_CM7" -I../Drivers/STM32F7xx_HAL_Driver/Inc -I../Drivers/STM32F7xx_HAL_Driver/Inc/Legacy -I../Drivers/CMSIS/Device/ST/STM32F7xx/Include -I../Drivers/CMSIS/Include -O0 -ffunction-sections -fdata-sections -Wall -Wconversion -fstack-usage -fcyclomatic-complexity -MMD -MP -MF"Drivers/STM32F7xx_HAL_Driver/Src/stm32f7xx_hal_flash_ex.d" -MT"Drivers/STM32F7xx_HAL_Driver/Src/stm32f7xx_hal_flash_ex.o" --specs=nano.specs -mfpu=fpv5-sp-d16 -mfloat-abi=hard -mthumb -o "Drivers/STM32F7xx_HAL_Driver/Src/stm32f7xx_hal_flash_ex.o"
../Drivers/STM32F7xx_HAL_Driver/Src/stm32f7xx_hal_flash_ex.c: In function 'HAL_FLASHEx_Erase_IT':
../Drivers/STM32F7xx_HAL_Driver/Src/stm32f7xx_hal_flash_ex.c:272:54: warning: conversion from 'uint32_t' {aka 'long unsigned int'} to 'uint8_t' {aka 'unsigned char'} may change value [-Wconversion]
  272 |     FLASH_Erase_Sector(pEraseInit->Sector, pEraseInit->VoltageRange);
      |                                            ~~~~~~~~~~^~~~~~~~~~~~~~
../Drivers/STM32F7xx_HAL_Driver/Src/stm32f7xx_hal_flash_ex.c: In function 'HAL_FLASHEx_OBProgram':
../Drivers/STM32F7xx_HAL_Driver/Src/stm32f7xx_hal_flash_ex.c:314:46: warning: conversion from 'uint32_t' {aka 'long unsigned int'} to 'uint8_t' {aka 'unsigned char'} may change value [-Wconversion]
  314 |     status = FLASH_OB_RDP_LevelConfig(pOBInit->RDPLevel);
      |                                       ~~~~~~~^~~~~~~~~~
../Drivers/STM32F7xx_HAL_Driver/Src/stm32f7xx_hal_flash_ex.c:342:46: warning: conversion from 'uint32_t' {aka 'long unsigned int'} to 'uint8_t' {aka 'unsigned char'} may change value [-Wconversion]
  342 |     status = FLASH_OB_BOR_LevelConfig(pOBInit->BORLevel);
      |                                       ~~~~~~~^~~~~~~~~~
arm-none-eabi-gcc "../Drivers/STM32F7xx_HAL_Driver/Src/stm32f7xx_hal_gpio.c" -mcpu=cortex-m7 -std=gnu11 -g3 -DDEBUG -DUSE_HAL_DRIVER -DSTM32F723xx -c -I../Core/Inc -I"/home/vdev/MyPrograms/os/freeRTOS/stm32f723E-Disc0/FreeRTOS_HelloWorld_SystemView/ThirdParty/SEGGER/Config" -I"/home/vdev/MyPrograms/os/freeRTOS/stm32f723E-Disc0/FreeRTOS_HelloWorld_SystemView/ThirdParty/SEGGER/OS" -I"/home/vdev/MyPrograms/os/freeRTOS/stm32f723E-Disc0/FreeRTOS_HelloWorld_SystemView/ThirdParty/SEGGER/SEGGER" -I"/home/vdev/MyPrograms/os/freeRTOS/stm32f723E-Disc0/FreeRTOS_HelloWorld_SystemView/ThirdParty/FreeRTOS/include" -I"/home/vdev/MyPrograms/os/freeRTOS/stm32f723E-Disc0/FreeRTOS_HelloWorld_SystemView/ThirdParty/FreeRTOS" -I"/home/vdev/MyPrograms/os/freeRTOS/stm32f723E-Disc0/FreeRTOS_HelloWorld_SystemView/ThirdParty/FreeRTOS/portable/GCC/ARM_CM7" -I../Drivers/STM32F7xx_HAL_Driver/Inc -I../Drivers/STM32F7xx_HAL_Driver/Inc/Legacy -I../Drivers/CMSIS/Device/ST/STM32F7xx/Include -I../Drivers/CMSIS/Include -O0 -ffunction-sections -fdata-sections -Wall -Wconversion -fstack-usage -fcyclomatic-complexity -MMD -MP -MF"Drivers/STM32F7xx_HAL_Driver/Src/stm32f7xx_hal_gpio.d" -MT"Drivers/STM32F7xx_HAL_Driver/Src/stm32f7xx_hal_gpio.o" --specs=nano.specs -mfpu=fpv5-sp-d16 -mfloat-abi=hard -mthumb -o "Drivers/STM32F7xx_HAL_Driver/Src/stm32f7xx_hal_gpio.o"
arm-none-eabi-gcc "../Drivers/STM32F7xx_HAL_Driver/Src/stm32f7xx_hal_i2c.c" -mcpu=cortex-m7 -std=gnu11 -g3 -DDEBUG -DUSE_HAL_DRIVER -DSTM32F723xx -c -I../Core/Inc -I"/home/vdev/MyPrograms/os/freeRTOS/stm32f723E-Disc0/FreeRTOS_HelloWorld_SystemView/ThirdParty/SEGGER/Config" -I"/home/vdev/MyPrograms/os/freeRTOS/stm32f723E-Disc0/FreeRTOS_HelloWorld_SystemView/ThirdParty/SEGGER/OS" -I"/home/vdev/MyPrograms/os/freeRTOS/stm32f723E-Disc0/FreeRTOS_HelloWorld_SystemView/ThirdParty/SEGGER/SEGGER" -I"/home/vdev/MyPrograms/os/freeRTOS/stm32f723E-Disc0/FreeRTOS_HelloWorld_SystemView/ThirdParty/FreeRTOS/include" -I"/home/vdev/MyPrograms/os/freeRTOS/stm32f723E-Disc0/FreeRTOS_HelloWorld_SystemView/ThirdParty/FreeRTOS" -I"/home/vdev/MyPrograms/os/freeRTOS/stm32f723E-Disc0/FreeRTOS_HelloWorld_SystemView/ThirdParty/FreeRTOS/portable/GCC/ARM_CM7" -I../Drivers/STM32F7xx_HAL_Driver/Inc -I../Drivers/STM32F7xx_HAL_Driver/Inc/Legacy -I../Drivers/CMSIS/Device/ST/STM32F7xx/Include -I../Drivers/CMSIS/Include -O0 -ffunction-sections -fdata-sections -Wall -Wconversion -fstack-usage -fcyclomatic-complexity -MMD -MP -MF"Drivers/STM32F7xx_HAL_Driver/Src/stm32f7xx_hal_i2c.d" -MT"Drivers/STM32F7xx_HAL_Driver/Src/stm32f7xx_hal_i2c.o" --specs=nano.specs -mfpu=fpv5-sp-d16 -mfloat-abi=hard -mthumb -o "Drivers/STM32F7xx_HAL_Driver/Src/stm32f7xx_hal_i2c.o"
arm-none-eabi-gcc "../Drivers/STM32F7xx_HAL_Driver/Src/stm32f7xx_hal_i2c_ex.c" -mcpu=cortex-m7 -std=gnu11 -g3 -DDEBUG -DUSE_HAL_DRIVER -DSTM32F723xx -c -I../Core/Inc -I"/home/vdev/MyPrograms/os/freeRTOS/stm32f723E-Disc0/FreeRTOS_HelloWorld_SystemView/ThirdParty/SEGGER/Config" -I"/home/vdev/MyPrograms/os/freeRTOS/stm32f723E-Disc0/FreeRTOS_HelloWorld_SystemView/ThirdParty/SEGGER/OS" -I"/home/vdev/MyPrograms/os/freeRTOS/stm32f723E-Disc0/FreeRTOS_HelloWorld_SystemView/ThirdParty/SEGGER/SEGGER" -I"/home/vdev/MyPrograms/os/freeRTOS/stm32f723E-Disc0/FreeRTOS_HelloWorld_SystemView/ThirdParty/FreeRTOS/include" -I"/home/vdev/MyPrograms/os/freeRTOS/stm32f723E-Disc0/FreeRTOS_HelloWorld_SystemView/ThirdParty/FreeRTOS" -I"/home/vdev/MyPrograms/os/freeRTOS/stm32f723E-Disc0/FreeRTOS_HelloWorld_SystemView/ThirdParty/FreeRTOS/portable/GCC/ARM_CM7" -I../Drivers/STM32F7xx_HAL_Driver/Inc -I../Drivers/STM32F7xx_HAL_Driver/Inc/Legacy -I../Drivers/CMSIS/Device/ST/STM32F7xx/Include -I../Drivers/CMSIS/Include -O0 -ffunction-sections -fdata-sections -Wall -Wconversion -fstack-usage -fcyclomatic-complexity -MMD -MP -MF"Drivers/STM32F7xx_HAL_Driver/Src/stm32f7xx_hal_i2c_ex.d" -MT"Drivers/STM32F7xx_HAL_Driver/Src/stm32f7xx_hal_i2c_ex.o" --specs=nano.specs -mfpu=fpv5-sp-d16 -mfloat-abi=hard -mthumb -o "Drivers/STM32F7xx_HAL_Driver/Src/stm32f7xx_hal_i2c_ex.o"
arm-none-eabi-gcc "../Drivers/STM32F7xx_HAL_Driver/Src/stm32f7xx_hal_nand.c" -mcpu=cortex-m7 -std=gnu11 -g3 -DDEBUG -DUSE_HAL_DRIVER -DSTM32F723xx -c -I../Core/Inc -I"/home/vdev/MyPrograms/os/freeRTOS/stm32f723E-Disc0/FreeRTOS_HelloWorld_SystemView/ThirdParty/SEGGER/Config" -I"/home/vdev/MyPrograms/os/freeRTOS/stm32f723E-Disc0/FreeRTOS_HelloWorld_SystemView/ThirdParty/SEGGER/OS" -I"/home/vdev/MyPrograms/os/freeRTOS/stm32f723E-Disc0/FreeRTOS_HelloWorld_SystemView/ThirdParty/SEGGER/SEGGER" -I"/home/vdev/MyPrograms/os/freeRTOS/stm32f723E-Disc0/FreeRTOS_HelloWorld_SystemView/ThirdParty/FreeRTOS/include" -I"/home/vdev/MyPrograms/os/freeRTOS/stm32f723E-Disc0/FreeRTOS_HelloWorld_SystemView/ThirdParty/FreeRTOS" -I"/home/vdev/MyPrograms/os/freeRTOS/stm32f723E-Disc0/FreeRTOS_HelloWorld_SystemView/ThirdParty/FreeRTOS/portable/GCC/ARM_CM7" -I../Drivers/STM32F7xx_HAL_Driver/Inc -I../Drivers/STM32F7xx_HAL_Driver/Inc/Legacy -I../Drivers/CMSIS/Device/ST/STM32F7xx/Include -I../Drivers/CMSIS/Include -O0 -ffunction-sections -fdata-sections -Wall -Wconversion -fstack-usage -fcyclomatic-complexity -MMD -MP -MF"Drivers/STM32F7xx_HAL_Driver/Src/stm32f7xx_hal_nand.d" -MT"Drivers/STM32F7xx_HAL_Driver/Src/stm32f7xx_hal_nand.o" --specs=nano.specs -mfpu=fpv5-sp-d16 -mfloat-abi=hard -mthumb -o "Drivers/STM32F7xx_HAL_Driver/Src/stm32f7xx_hal_nand.o"
arm-none-eabi-gcc "../Drivers/STM32F7xx_HAL_Driver/Src/stm32f7xx_hal_nor.c" -mcpu=cortex-m7 -std=gnu11 -g3 -DDEBUG -DUSE_HAL_DRIVER -DSTM32F723xx -c -I../Core/Inc -I"/home/vdev/MyPrograms/os/freeRTOS/stm32f723E-Disc0/FreeRTOS_HelloWorld_SystemView/ThirdParty/SEGGER/Config" -I"/home/vdev/MyPrograms/os/freeRTOS/stm32f723E-Disc0/FreeRTOS_HelloWorld_SystemView/ThirdParty/SEGGER/OS" -I"/home/vdev/MyPrograms/os/freeRTOS/stm32f723E-Disc0/FreeRTOS_HelloWorld_SystemView/ThirdParty/SEGGER/SEGGER" -I"/home/vdev/MyPrograms/os/freeRTOS/stm32f723E-Disc0/FreeRTOS_HelloWorld_SystemView/ThirdParty/FreeRTOS/include" -I"/home/vdev/MyPrograms/os/freeRTOS/stm32f723E-Disc0/FreeRTOS_HelloWorld_SystemView/ThirdParty/FreeRTOS" -I"/home/vdev/MyPrograms/os/freeRTOS/stm32f723E-Disc0/FreeRTOS_HelloWorld_SystemView/ThirdParty/FreeRTOS/portable/GCC/ARM_CM7" -I../Drivers/STM32F7xx_HAL_Driver/Inc -I../Drivers/STM32F7xx_HAL_Driver/Inc/Legacy -I../Drivers/CMSIS/Device/ST/STM32F7xx/Include -I../Drivers/CMSIS/Include -O0 -ffunction-sections -fdata-sections -Wall -Wconversion -fstack-usage -fcyclomatic-complexity -MMD -MP -MF"Drivers/STM32F7xx_HAL_Driver/Src/stm32f7xx_hal_nor.d" -MT"Drivers/STM32F7xx_HAL_Driver/Src/stm32f7xx_hal_nor.o" --specs=nano.specs -mfpu=fpv5-sp-d16 -mfloat-abi=hard -mthumb -o "Drivers/STM32F7xx_HAL_Driver/Src/stm32f7xx_hal_nor.o"
arm-none-eabi-gcc "../Drivers/STM32F7xx_HAL_Driver/Src/stm32f7xx_hal_pwr.c" -mcpu=cortex-m7 -std=gnu11 -g3 -DDEBUG -DUSE_HAL_DRIVER -DSTM32F723xx -c -I../Core/Inc -I"/home/vdev/MyPrograms/os/freeRTOS/stm32f723E-Disc0/FreeRTOS_HelloWorld_SystemView/ThirdParty/SEGGER/Config" -I"/home/vdev/MyPrograms/os/freeRTOS/stm32f723E-Disc0/FreeRTOS_HelloWorld_SystemView/ThirdParty/SEGGER/OS" -I"/home/vdev/MyPrograms/os/freeRTOS/stm32f723E-Disc0/FreeRTOS_HelloWorld_SystemView/ThirdParty/SEGGER/SEGGER" -I"/home/vdev/MyPrograms/os/freeRTOS/stm32f723E-Disc0/FreeRTOS_HelloWorld_SystemView/ThirdParty/FreeRTOS/include" -I"/home/vdev/MyPrograms/os/freeRTOS/stm32f723E-Disc0/FreeRTOS_HelloWorld_SystemView/ThirdParty/FreeRTOS" -I"/home/vdev/MyPrograms/os/freeRTOS/stm32f723E-Disc0/FreeRTOS_HelloWorld_SystemView/ThirdParty/FreeRTOS/portable/GCC/ARM_CM7" -I../Drivers/STM32F7xx_HAL_Driver/Inc -I../Drivers/STM32F7xx_HAL_Driver/Inc/Legacy -I../Drivers/CMSIS/Device/ST/STM32F7xx/Include -I../Drivers/CMSIS/Include -O0 -ffunction-sections -fdata-sections -Wall -Wconversion -fstack-usage -fcyclomatic-complexity -MMD -MP -MF"Drivers/STM32F7xx_HAL_Driver/Src/stm32f7xx_hal_pwr.d" -MT"Drivers/STM32F7xx_HAL_Driver/Src/stm32f7xx_hal_pwr.o" --specs=nano.specs -mfpu=fpv5-sp-d16 -mfloat-abi=hard -mthumb -o "Drivers/STM32F7xx_HAL_Driver/Src/stm32f7xx_hal_pwr.o"
arm-none-eabi-gcc "../Drivers/STM32F7xx_HAL_Driver/Src/stm32f7xx_hal_pwr_ex.c" -mcpu=cortex-m7 -std=gnu11 -g3 -DDEBUG -DUSE_HAL_DRIVER -DSTM32F723xx -c -I../Core/Inc -I"/home/vdev/MyPrograms/os/freeRTOS/stm32f723E-Disc0/FreeRTOS_HelloWorld_SystemView/ThirdParty/SEGGER/Config" -I"/home/vdev/MyPrograms/os/freeRTOS/stm32f723E-Disc0/FreeRTOS_HelloWorld_SystemView/ThirdParty/SEGGER/OS" -I"/home/vdev/MyPrograms/os/freeRTOS/stm32f723E-Disc0/FreeRTOS_HelloWorld_SystemView/ThirdParty/SEGGER/SEGGER" -I"/home/vdev/MyPrograms/os/freeRTOS/stm32f723E-Disc0/FreeRTOS_HelloWorld_SystemView/ThirdParty/FreeRTOS/include" -I"/home/vdev/MyPrograms/os/freeRTOS/stm32f723E-Disc0/FreeRTOS_HelloWorld_SystemView/ThirdParty/FreeRTOS" -I"/home/vdev/MyPrograms/os/freeRTOS/stm32f723E-Disc0/FreeRTOS_HelloWorld_SystemView/ThirdParty/FreeRTOS/portable/GCC/ARM_CM7" -I../Drivers/STM32F7xx_HAL_Driver/Inc -I../Drivers/STM32F7xx_HAL_Driver/Inc/Legacy -I../Drivers/CMSIS/Device/ST/STM32F7xx/Include -I../Drivers/CMSIS/Include -O0 -ffunction-sections -fdata-sections -Wall -Wconversion -fstack-usage -fcyclomatic-complexity -MMD -MP -MF"Drivers/STM32F7xx_HAL_Driver/Src/stm32f7xx_hal_pwr_ex.d" -MT"Drivers/STM32F7xx_HAL_Driver/Src/stm32f7xx_hal_pwr_ex.o" --specs=nano.specs -mfpu=fpv5-sp-d16 -mfloat-abi=hard -mthumb -o "Drivers/STM32F7xx_HAL_Driver/Src/stm32f7xx_hal_pwr_ex.o"
arm-none-eabi-gcc "../Drivers/STM32F7xx_HAL_Driver/Src/stm32f7xx_hal_rcc.c" -mcpu=cortex-m7 -std=gnu11 -g3 -DDEBUG -DUSE_HAL_DRIVER -DSTM32F723xx -c -I../Core/Inc -I"/home/vdev/MyPrograms/os/freeRTOS/stm32f723E-Disc0/FreeRTOS_HelloWorld_SystemView/ThirdParty/SEGGER/Config" -I"/home/vdev/MyPrograms/os/freeRTOS/stm32f723E-Disc0/FreeRTOS_HelloWorld_SystemView/ThirdParty/SEGGER/OS" -I"/home/vdev/MyPrograms/os/freeRTOS/stm32f723E-Disc0/FreeRTOS_HelloWorld_SystemView/ThirdParty/SEGGER/SEGGER" -I"/home/vdev/MyPrograms/os/freeRTOS/stm32f723E-Disc0/FreeRTOS_HelloWorld_SystemView/ThirdParty/FreeRTOS/include" -I"/home/vdev/MyPrograms/os/freeRTOS/stm32f723E-Disc0/FreeRTOS_HelloWorld_SystemView/ThirdParty/FreeRTOS" -I"/home/vdev/MyPrograms/os/freeRTOS/stm32f723E-Disc0/FreeRTOS_HelloWorld_SystemView/ThirdParty/FreeRTOS/portable/GCC/ARM_CM7" -I../Drivers/STM32F7xx_HAL_Driver/Inc -I../Drivers/STM32F7xx_HAL_Driver/Inc/Legacy -I../Drivers/CMSIS/Device/ST/STM32F7xx/Include -I../Drivers/CMSIS/Include -O0 -ffunction-sections -fdata-sections -Wall -Wconversion -fstack-usage -fcyclomatic-complexity -MMD -MP -MF"Drivers/STM32F7xx_HAL_Driver/Src/stm32f7xx_hal_rcc.d" -MT"Drivers/STM32F7xx_HAL_Driver/Src/stm32f7xx_hal_rcc.o" --specs=nano.specs -mfpu=fpv5-sp-d16 -mfloat-abi=hard -mthumb -o "Drivers/STM32F7xx_HAL_Driver/Src/stm32f7xx_hal_rcc.o"
arm-none-eabi-gcc "../Drivers/STM32F7xx_HAL_Driver/Src/stm32f7xx_hal_rcc_ex.c" -mcpu=cortex-m7 -std=gnu11 -g3 -DDEBUG -DUSE_HAL_DRIVER -DSTM32F723xx -c -I../Core/Inc -I"/home/vdev/MyPrograms/os/freeRTOS/stm32f723E-Disc0/FreeRTOS_HelloWorld_SystemView/ThirdParty/SEGGER/Config" -I"/home/vdev/MyPrograms/os/freeRTOS/stm32f723E-Disc0/FreeRTOS_HelloWorld_SystemView/ThirdParty/SEGGER/OS" -I"/home/vdev/MyPrograms/os/freeRTOS/stm32f723E-Disc0/FreeRTOS_HelloWorld_SystemView/ThirdParty/SEGGER/SEGGER" -I"/home/vdev/MyPrograms/os/freeRTOS/stm32f723E-Disc0/FreeRTOS_HelloWorld_SystemView/ThirdParty/FreeRTOS/include" -I"/home/vdev/MyPrograms/os/freeRTOS/stm32f723E-Disc0/FreeRTOS_HelloWorld_SystemView/ThirdParty/FreeRTOS" -I"/home/vdev/MyPrograms/os/freeRTOS/stm32f723E-Disc0/FreeRTOS_HelloWorld_SystemView/ThirdParty/FreeRTOS/portable/GCC/ARM_CM7" -I../Drivers/STM32F7xx_HAL_Driver/Inc -I../Drivers/STM32F7xx_HAL_Driver/Inc/Legacy -I../Drivers/CMSIS/Device/ST/STM32F7xx/Include -I../Drivers/CMSIS/Include -O0 -ffunction-sections -fdata-sections -Wall -Wconversion -fstack-usage -fcyclomatic-complexity -MMD -MP -MF"Drivers/STM32F7xx_HAL_Driver/Src/stm32f7xx_hal_rcc_ex.d" -MT"Drivers/STM32F7xx_HAL_Driver/Src/stm32f7xx_hal_rcc_ex.o" --specs=nano.specs -mfpu=fpv5-sp-d16 -mfloat-abi=hard -mthumb -o "Drivers/STM32F7xx_HAL_Driver/Src/stm32f7xx_hal_rcc_ex.o"
arm-none-eabi-gcc "../Drivers/STM32F7xx_HAL_Driver/Src/stm32f7xx_hal_sdram.c" -mcpu=cortex-m7 -std=gnu11 -g3 -DDEBUG -DUSE_HAL_DRIVER -DSTM32F723xx -c -I../Core/Inc -I"/home/vdev/MyPrograms/os/freeRTOS/stm32f723E-Disc0/FreeRTOS_HelloWorld_SystemView/ThirdParty/SEGGER/Config" -I"/home/vdev/MyPrograms/os/freeRTOS/stm32f723E-Disc0/FreeRTOS_HelloWorld_SystemView/ThirdParty/SEGGER/OS" -I"/home/vdev/MyPrograms/os/freeRTOS/stm32f723E-Disc0/FreeRTOS_HelloWorld_SystemView/ThirdParty/SEGGER/SEGGER" -I"/home/vdev/MyPrograms/os/freeRTOS/stm32f723E-Disc0/FreeRTOS_HelloWorld_SystemView/ThirdParty/FreeRTOS/include" -I"/home/vdev/MyPrograms/os/freeRTOS/stm32f723E-Disc0/FreeRTOS_HelloWorld_SystemView/ThirdParty/FreeRTOS" -I"/home/vdev/MyPrograms/os/freeRTOS/stm32f723E-Disc0/FreeRTOS_HelloWorld_SystemView/ThirdParty/FreeRTOS/portable/GCC/ARM_CM7" -I../Drivers/STM32F7xx_HAL_Driver/Inc -I../Drivers/STM32F7xx_HAL_Driver/Inc/Legacy -I../Drivers/CMSIS/Device/ST/STM32F7xx/Include -I../Drivers/CMSIS/Include -O0 -ffunction-sections -fdata-sections -Wall -Wconversion -fstack-usage -fcyclomatic-complexity -MMD -MP -MF"Drivers/STM32F7xx_HAL_Driver/Src/stm32f7xx_hal_sdram.d" -MT"Drivers/STM32F7xx_HAL_Driver/Src/stm32f7xx_hal_sdram.o" --specs=nano.specs -mfpu=fpv5-sp-d16 -mfloat-abi=hard -mthumb -o "Drivers/STM32F7xx_HAL_Driver/Src/stm32f7xx_hal_sdram.o"
arm-none-eabi-gcc "../Drivers/STM32F7xx_HAL_Driver/Src/stm32f7xx_hal_sram.c" -mcpu=cortex-m7 -std=gnu11 -g3 -DDEBUG -DUSE_HAL_DRIVER -DSTM32F723xx -c -I../Core/Inc -I"/home/vdev/MyPrograms/os/freeRTOS/stm32f723E-Disc0/FreeRTOS_HelloWorld_SystemView/ThirdParty/SEGGER/Config" -I"/home/vdev/MyPrograms/os/freeRTOS/stm32f723E-Disc0/FreeRTOS_HelloWorld_SystemView/ThirdParty/SEGGER/OS" -I"/home/vdev/MyPrograms/os/freeRTOS/stm32f723E-Disc0/FreeRTOS_HelloWorld_SystemView/ThirdParty/SEGGER/SEGGER" -I"/home/vdev/MyPrograms/os/freeRTOS/stm32f723E-Disc0/FreeRTOS_HelloWorld_SystemView/ThirdParty/FreeRTOS/include" -I"/home/vdev/MyPrograms/os/freeRTOS/stm32f723E-Disc0/FreeRTOS_HelloWorld_SystemView/ThirdParty/FreeRTOS" -I"/home/vdev/MyPrograms/os/freeRTOS/stm32f723E-Disc0/FreeRTOS_HelloWorld_SystemView/ThirdParty/FreeRTOS/portable/GCC/ARM_CM7" -I../Drivers/STM32F7xx_HAL_Driver/Inc -I../Drivers/STM32F7xx_HAL_Driver/Inc/Legacy -I../Drivers/CMSIS/Device/ST/STM32F7xx/Include -I../Drivers/CMSIS/Include -O0 -ffunction-sections -fdata-sections -Wall -Wconversion -fstack-usage -fcyclomatic-complexity -MMD -MP -MF"Drivers/STM32F7xx_HAL_Driver/Src/stm32f7xx_hal_sram.d" -MT"Drivers/STM32F7xx_HAL_Driver/Src/stm32f7xx_hal_sram.o" --specs=nano.specs -mfpu=fpv5-sp-d16 -mfloat-abi=hard -mthumb -o "Drivers/STM32F7xx_HAL_Driver/Src/stm32f7xx_hal_sram.o"
arm-none-eabi-gcc "../Drivers/STM32F7xx_HAL_Driver/Src/stm32f7xx_hal_tim.c" -mcpu=cortex-m7 -std=gnu11 -g3 -DDEBUG -DUSE_HAL_DRIVER -DSTM32F723xx -c -I../Core/Inc -I"/home/vdev/MyPrograms/os/freeRTOS/stm32f723E-Disc0/FreeRTOS_HelloWorld_SystemView/ThirdParty/SEGGER/Config" -I"/home/vdev/MyPrograms/os/freeRTOS/stm32f723E-Disc0/FreeRTOS_HelloWorld_SystemView/ThirdParty/SEGGER/OS" -I"/home/vdev/MyPrograms/os/freeRTOS/stm32f723E-Disc0/FreeRTOS_HelloWorld_SystemView/ThirdParty/SEGGER/SEGGER" -I"/home/vdev/MyPrograms/os/freeRTOS/stm32f723E-Disc0/FreeRTOS_HelloWorld_SystemView/ThirdParty/FreeRTOS/include" -I"/home/vdev/MyPrograms/os/freeRTOS/stm32f723E-Disc0/FreeRTOS_HelloWorld_SystemView/ThirdParty/FreeRTOS" -I"/home/vdev/MyPrograms/os/freeRTOS/stm32f723E-Disc0/FreeRTOS_HelloWorld_SystemView/ThirdParty/FreeRTOS/portable/GCC/ARM_CM7" -I../Drivers/STM32F7xx_HAL_Driver/Inc -I../Drivers/STM32F7xx_HAL_Driver/Inc/Legacy -I../Drivers/CMSIS/Device/ST/STM32F7xx/Include -I../Drivers/CMSIS/Include -O0 -ffunction-sections -fdata-sections -Wall -Wconversion -fstack-usage -fcyclomatic-complexity -MMD -MP -MF"Drivers/STM32F7xx_HAL_Driver/Src/stm32f7xx_hal_tim.d" -MT"Drivers/STM32F7xx_HAL_Driver/Src/stm32f7xx_hal_tim.o" --specs=nano.specs -mfpu=fpv5-sp-d16 -mfloat-abi=hard -mthumb -o "Drivers/STM32F7xx_HAL_Driver/Src/stm32f7xx_hal_tim.o"
arm-none-eabi-gcc "../Drivers/STM32F7xx_HAL_Driver/Src/stm32f7xx_hal_tim_ex.c" -mcpu=cortex-m7 -std=gnu11 -g3 -DDEBUG -DUSE_HAL_DRIVER -DSTM32F723xx -c -I../Core/Inc -I"/home/vdev/MyPrograms/os/freeRTOS/stm32f723E-Disc0/FreeRTOS_HelloWorld_SystemView/ThirdParty/SEGGER/Config" -I"/home/vdev/MyPrograms/os/freeRTOS/stm32f723E-Disc0/FreeRTOS_HelloWorld_SystemView/ThirdParty/SEGGER/OS" -I"/home/vdev/MyPrograms/os/freeRTOS/stm32f723E-Disc0/FreeRTOS_HelloWorld_SystemView/ThirdParty/SEGGER/SEGGER" -I"/home/vdev/MyPrograms/os/freeRTOS/stm32f723E-Disc0/FreeRTOS_HelloWorld_SystemView/ThirdParty/FreeRTOS/include" -I"/home/vdev/MyPrograms/os/freeRTOS/stm32f723E-Disc0/FreeRTOS_HelloWorld_SystemView/ThirdParty/FreeRTOS" -I"/home/vdev/MyPrograms/os/freeRTOS/stm32f723E-Disc0/FreeRTOS_HelloWorld_SystemView/ThirdParty/FreeRTOS/portable/GCC/ARM_CM7" -I../Drivers/STM32F7xx_HAL_Driver/Inc -I../Drivers/STM32F7xx_HAL_Driver/Inc/Legacy -I../Drivers/CMSIS/Device/ST/STM32F7xx/Include -I../Drivers/CMSIS/Include -O0 -ffunction-sections -fdata-sections -Wall -Wconversion -fstack-usage -fcyclomatic-complexity -MMD -MP -MF"Drivers/STM32F7xx_HAL_Driver/Src/stm32f7xx_hal_tim_ex.d" -MT"Drivers/STM32F7xx_HAL_Driver/Src/stm32f7xx_hal_tim_ex.o" --specs=nano.specs -mfpu=fpv5-sp-d16 -mfloat-abi=hard -mthumb -o "Drivers/STM32F7xx_HAL_Driver/Src/stm32f7xx_hal_tim_ex.o"
arm-none-eabi-gcc "../Drivers/STM32F7xx_HAL_Driver/Src/stm32f7xx_ll_fmc.c" -mcpu=cortex-m7 -std=gnu11 -g3 -DDEBUG -DUSE_HAL_DRIVER -DSTM32F723xx -c -I../Core/Inc -I"/home/vdev/MyPrograms/os/freeRTOS/stm32f723E-Disc0/FreeRTOS_HelloWorld_SystemView/ThirdParty/SEGGER/Config" -I"/home/vdev/MyPrograms/os/freeRTOS/stm32f723E-Disc0/FreeRTOS_HelloWorld_SystemView/ThirdParty/SEGGER/OS" -I"/home/vdev/MyPrograms/os/freeRTOS/stm32f723E-Disc0/FreeRTOS_HelloWorld_SystemView/ThirdParty/SEGGER/SEGGER" -I"/home/vdev/MyPrograms/os/freeRTOS/stm32f723E-Disc0/FreeRTOS_HelloWorld_SystemView/ThirdParty/FreeRTOS/include" -I"/home/vdev/MyPrograms/os/freeRTOS/stm32f723E-Disc0/FreeRTOS_HelloWorld_SystemView/ThirdParty/FreeRTOS" -I"/home/vdev/MyPrograms/os/freeRTOS/stm32f723E-Disc0/FreeRTOS_HelloWorld_SystemView/ThirdParty/FreeRTOS/portable/GCC/ARM_CM7" -I../Drivers/STM32F7xx_HAL_Driver/Inc -I../Drivers/STM32F7xx_HAL_Driver/Inc/Legacy -I../Drivers/CMSIS/Device/ST/STM32F7xx/Include -I../Drivers/CMSIS/Include -O0 -ffunction-sections -fdata-sections -Wall -Wconversion -fstack-usage -fcyclomatic-complexity -MMD -MP -MF"Drivers/STM32F7xx_HAL_Driver/Src/stm32f7xx_ll_fmc.d" -MT"Drivers/STM32F7xx_HAL_Driver/Src/stm32f7xx_ll_fmc.o" --specs=nano.specs -mfpu=fpv5-sp-d16 -mfloat-abi=hard -mthumb -o "Drivers/STM32F7xx_HAL_Driver/Src/stm32f7xx_ll_fmc.o"
arm-none-eabi-gcc -mcpu=cortex-m7 -g3 -DDEBUG -c -I"/home/vdev/MyPrograms/os/freeRTOS/stm32f723E-Disc0/FreeRTOS_HelloWorld_SystemView/ThirdParty/SEGGER/Config" -x assembler-with-cpp -MMD -MP -MF"Core/Startup/startup_stm32f723iekx.d" -MT"Core/Startup/startup_stm32f723iekx.o" --specs=nano.specs -mfpu=fpv5-sp-d16 -mfloat-abi=hard -mthumb -o "Core/Startup/startup_stm32f723iekx.o" "../Core/Startup/startup_stm32f723iekx.s"
arm-none-eabi-gcc "../Core/Src/main.c" -mcpu=cortex-m7 -std=gnu11 -g3 -DDEBUG -DUSE_HAL_DRIVER -DSTM32F723xx -c -I../Core/Inc -I"/home/vdev/MyPrograms/os/freeRTOS/stm32f723E-Disc0/FreeRTOS_HelloWorld_SystemView/ThirdParty/SEGGER/Config" -I"/home/vdev/MyPrograms/os/freeRTOS/stm32f723E-Disc0/FreeRTOS_HelloWorld_SystemView/ThirdParty/SEGGER/OS" -I"/home/vdev/MyPrograms/os/freeRTOS/stm32f723E-Disc0/FreeRTOS_HelloWorld_SystemView/ThirdParty/SEGGER/SEGGER" -I"/home/vdev/MyPrograms/os/freeRTOS/stm32f723E-Disc0/FreeRTOS_HelloWorld_SystemView/ThirdParty/FreeRTOS/include" -I"/home/vdev/MyPrograms/os/freeRTOS/stm32f723E-Disc0/FreeRTOS_HelloWorld_SystemView/ThirdParty/FreeRTOS" -I"/home/vdev/MyPrograms/os/freeRTOS/stm32f723E-Disc0/FreeRTOS_HelloWorld_SystemView/ThirdParty/FreeRTOS/portable/GCC/ARM_CM7" -I../Drivers/STM32F7xx_HAL_Driver/Inc -I../Drivers/STM32F7xx_HAL_Driver/Inc/Legacy -I../Drivers/CMSIS/Device/ST/STM32F7xx/Include -I../Drivers/CMSIS/Include -O0 -ffunction-sections -fdata-sections -Wall -Wconversion -fstack-usage -fcyclomatic-complexity -MMD -MP -MF"Core/Src/main.d" -MT"Core/Src/main.o" --specs=nano.specs -mfpu=fpv5-sp-d16 -mfloat-abi=hard -mthumb -o "Core/Src/main.o"
arm-none-eabi-gcc "../Core/Src/stm32f7xx_hal_msp.c" -mcpu=cortex-m7 -std=gnu11 -g3 -DDEBUG -DUSE_HAL_DRIVER -DSTM32F723xx -c -I../Core/Inc -I"/home/vdev/MyPrograms/os/freeRTOS/stm32f723E-Disc0/FreeRTOS_HelloWorld_SystemView/ThirdParty/SEGGER/Config" -I"/home/vdev/MyPrograms/os/freeRTOS/stm32f723E-Disc0/FreeRTOS_HelloWorld_SystemView/ThirdParty/SEGGER/OS" -I"/home/vdev/MyPrograms/os/freeRTOS/stm32f723E-Disc0/FreeRTOS_HelloWorld_SystemView/ThirdParty/SEGGER/SEGGER" -I"/home/vdev/MyPrograms/os/freeRTOS/stm32f723E-Disc0/FreeRTOS_HelloWorld_SystemView/ThirdParty/FreeRTOS/include" -I"/home/vdev/MyPrograms/os/freeRTOS/stm32f723E-Disc0/FreeRTOS_HelloWorld_SystemView/ThirdParty/FreeRTOS" -I"/home/vdev/MyPrograms/os/freeRTOS/stm32f723E-Disc0/FreeRTOS_HelloWorld_SystemView/ThirdParty/FreeRTOS/portable/GCC/ARM_CM7" -I../Drivers/STM32F7xx_HAL_Driver/Inc -I../Drivers/STM32F7xx_HAL_Driver/Inc/Legacy -I../Drivers/CMSIS/Device/ST/STM32F7xx/Include -I../Drivers/CMSIS/Include -O0 -ffunction-sections -fdata-sections -Wall -Wconversion -fstack-usage -fcyclomatic-complexity -MMD -MP -MF"Core/Src/stm32f7xx_hal_msp.d" -MT"Core/Src/stm32f7xx_hal_msp.o" --specs=nano.specs -mfpu=fpv5-sp-d16 -mfloat-abi=hard -mthumb -o "Core/Src/stm32f7xx_hal_msp.o"
arm-none-eabi-gcc "../Core/Src/stm32f7xx_hal_timebase_tim.c" -mcpu=cortex-m7 -std=gnu11 -g3 -DDEBUG -DUSE_HAL_DRIVER -DSTM32F723xx -c -I../Core/Inc -I"/home/vdev/MyPrograms/os/freeRTOS/stm32f723E-Disc0/FreeRTOS_HelloWorld_SystemView/ThirdParty/SEGGER/Config" -I"/home/vdev/MyPrograms/os/freeRTOS/stm32f723E-Disc0/FreeRTOS_HelloWorld_SystemView/ThirdParty/SEGGER/OS" -I"/home/vdev/MyPrograms/os/freeRTOS/stm32f723E-Disc0/FreeRTOS_HelloWorld_SystemView/ThirdParty/SEGGER/SEGGER" -I"/home/vdev/MyPrograms/os/freeRTOS/stm32f723E-Disc0/FreeRTOS_HelloWorld_SystemView/ThirdParty/FreeRTOS/include" -I"/home/vdev/MyPrograms/os/freeRTOS/stm32f723E-Disc0/FreeRTOS_HelloWorld_SystemView/ThirdParty/FreeRTOS" -I"/home/vdev/MyPrograms/os/freeRTOS/stm32f723E-Disc0/FreeRTOS_HelloWorld_SystemView/ThirdParty/FreeRTOS/portable/GCC/ARM_CM7" -I../Drivers/STM32F7xx_HAL_Driver/Inc -I../Drivers/STM32F7xx_HAL_Driver/Inc/Legacy -I../Drivers/CMSIS/Device/ST/STM32F7xx/Include -I../Drivers/CMSIS/Include -O0 -ffunction-sections -fdata-sections -Wall -Wconversion -fstack-usage -fcyclomatic-complexity -MMD -MP -MF"Core/Src/stm32f7xx_hal_timebase_tim.d" -MT"Core/Src/stm32f7xx_hal_timebase_tim.o" --specs=nano.specs -mfpu=fpv5-sp-d16 -mfloat-abi=hard -mthumb -o "Core/Src/stm32f7xx_hal_timebase_tim.o"
arm-none-eabi-gcc "../Core/Src/stm32f7xx_it.c" -mcpu=cortex-m7 -std=gnu11 -g3 -DDEBUG -DUSE_HAL_DRIVER -DSTM32F723xx -c -I../Core/Inc -I"/home/vdev/MyPrograms/os/freeRTOS/stm32f723E-Disc0/FreeRTOS_HelloWorld_SystemView/ThirdParty/SEGGER/Config" -I"/home/vdev/MyPrograms/os/freeRTOS/stm32f723E-Disc0/FreeRTOS_HelloWorld_SystemView/ThirdParty/SEGGER/OS" -I"/home/vdev/MyPrograms/os/freeRTOS/stm32f723E-Disc0/FreeRTOS_HelloWorld_SystemView/ThirdParty/SEGGER/SEGGER" -I"/home/vdev/MyPrograms/os/freeRTOS/stm32f723E-Disc0/FreeRTOS_HelloWorld_SystemView/ThirdParty/FreeRTOS/include" -I"/home/vdev/MyPrograms/os/freeRTOS/stm32f723E-Disc0/FreeRTOS_HelloWorld_SystemView/ThirdParty/FreeRTOS" -I"/home/vdev/MyPrograms/os/freeRTOS/stm32f723E-Disc0/FreeRTOS_HelloWorld_SystemView/ThirdParty/FreeRTOS/portable/GCC/ARM_CM7" -I../Drivers/STM32F7xx_HAL_Driver/Inc -I../Drivers/STM32F7xx_HAL_Driver/Inc/Legacy -I../Drivers/CMSIS/Device/ST/STM32F7xx/Include -I../Drivers/CMSIS/Include -O0 -ffunction-sections -fdata-sections -Wall -Wconversion -fstack-usage -fcyclomatic-complexity -MMD -MP -MF"Core/Src/stm32f7xx_it.d" -MT"Core/Src/stm32f7xx_it.o" --specs=nano.specs -mfpu=fpv5-sp-d16 -mfloat-abi=hard -mthumb -o "Core/Src/stm32f7xx_it.o"
arm-none-eabi-gcc "../Core/Src/syscalls.c" -mcpu=cortex-m7 -std=gnu11 -g3 -DDEBUG -DUSE_HAL_DRIVER -DSTM32F723xx -c -I../Core/Inc -I"/home/vdev/MyPrograms/os/freeRTOS/stm32f723E-Disc0/FreeRTOS_HelloWorld_SystemView/ThirdParty/SEGGER/Config" -I"/home/vdev/MyPrograms/os/freeRTOS/stm32f723E-Disc0/FreeRTOS_HelloWorld_SystemView/ThirdParty/SEGGER/OS" -I"/home/vdev/MyPrograms/os/freeRTOS/stm32f723E-Disc0/FreeRTOS_HelloWorld_SystemView/ThirdParty/SEGGER/SEGGER" -I"/home/vdev/MyPrograms/os/freeRTOS/stm32f723E-Disc0/FreeRTOS_HelloWorld_SystemView/ThirdParty/FreeRTOS/include" -I"/home/vdev/MyPrograms/os/freeRTOS/stm32f723E-Disc0/FreeRTOS_HelloWorld_SystemView/ThirdParty/FreeRTOS" -I"/home/vdev/MyPrograms/os/freeRTOS/stm32f723E-Disc0/FreeRTOS_HelloWorld_SystemView/ThirdParty/FreeRTOS/portable/GCC/ARM_CM7" -I../Drivers/STM32F7xx_HAL_Driver/Inc -I../Drivers/STM32F7xx_HAL_Driver/Inc/Legacy -I../Drivers/CMSIS/Device/ST/STM32F7xx/Include -I../Drivers/CMSIS/Include -O0 -ffunction-sections -fdata-sections -Wall -Wconversion -fstack-usage -fcyclomatic-complexity -MMD -MP -MF"Core/Src/syscalls.d" -MT"Core/Src/syscalls.o" --specs=nano.specs -mfpu=fpv5-sp-d16 -mfloat-abi=hard -mthumb -o "Core/Src/syscalls.o"
../Core/Src/syscalls.c: In function '_read':
../Core/Src/syscalls.c:99:14: warning: conversion from 'int' to 'char' may change value [-Wconversion]
   99 |     *ptr++ = __io_getchar();
      |              ^~~~~~~~~~~~
arm-none-eabi-gcc "../Core/Src/sysmem.c" -mcpu=cortex-m7 -std=gnu11 -g3 -DDEBUG -DUSE_HAL_DRIVER -DSTM32F723xx -c -I../Core/Inc -I"/home/vdev/MyPrograms/os/freeRTOS/stm32f723E-Disc0/FreeRTOS_HelloWorld_SystemView/ThirdParty/SEGGER/Config" -I"/home/vdev/MyPrograms/os/freeRTOS/stm32f723E-Disc0/FreeRTOS_HelloWorld_SystemView/ThirdParty/SEGGER/OS" -I"/home/vdev/MyPrograms/os/freeRTOS/stm32f723E-Disc0/FreeRTOS_HelloWorld_SystemView/ThirdParty/SEGGER/SEGGER" -I"/home/vdev/MyPrograms/os/freeRTOS/stm32f723E-Disc0/FreeRTOS_HelloWorld_SystemView/ThirdParty/FreeRTOS/include" -I"/home/vdev/MyPrograms/os/freeRTOS/stm32f723E-Disc0/FreeRTOS_HelloWorld_SystemView/ThirdParty/FreeRTOS" -I"/home/vdev/MyPrograms/os/freeRTOS/stm32f723E-Disc0/FreeRTOS_HelloWorld_SystemView/ThirdParty/FreeRTOS/portable/GCC/ARM_CM7" -I../Drivers/STM32F7xx_HAL_Driver/Inc -I../Drivers/STM32F7xx_HAL_Driver/Inc/Legacy -I../Drivers/CMSIS/Device/ST/STM32F7xx/Include -I../Drivers/CMSIS/Include -O0 -ffunction-sections -fdata-sections -Wall -Wconversion -fstack-usage -fcyclomatic-complexity -MMD -MP -MF"Core/Src/sysmem.d" -MT"Core/Src/sysmem.o" --specs=nano.specs -mfpu=fpv5-sp-d16 -mfloat-abi=hard -mthumb -o "Core/Src/sysmem.o"
arm-none-eabi-gcc "../Core/Src/system_stm32f7xx.c" -mcpu=cortex-m7 -std=gnu11 -g3 -DDEBUG -DUSE_HAL_DRIVER -DSTM32F723xx -c -I../Core/Inc -I"/home/vdev/MyPrograms/os/freeRTOS/stm32f723E-Disc0/FreeRTOS_HelloWorld_SystemView/ThirdParty/SEGGER/Config" -I"/home/vdev/MyPrograms/os/freeRTOS/stm32f723E-Disc0/FreeRTOS_HelloWorld_SystemView/ThirdParty/SEGGER/OS" -I"/home/vdev/MyPrograms/os/freeRTOS/stm32f723E-Disc0/FreeRTOS_HelloWorld_SystemView/ThirdParty/SEGGER/SEGGER" -I"/home/vdev/MyPrograms/os/freeRTOS/stm32f723E-Disc0/FreeRTOS_HelloWorld_SystemView/ThirdParty/FreeRTOS/include" -I"/home/vdev/MyPrograms/os/freeRTOS/stm32f723E-Disc0/FreeRTOS_HelloWorld_SystemView/ThirdParty/FreeRTOS" -I"/home/vdev/MyPrograms/os/freeRTOS/stm32f723E-Disc0/FreeRTOS_HelloWorld_SystemView/ThirdParty/FreeRTOS/portable/GCC/ARM_CM7" -I../Drivers/STM32F7xx_HAL_Driver/Inc -I../Drivers/STM32F7xx_HAL_Driver/Inc/Legacy -I../Drivers/CMSIS/Device/ST/STM32F7xx/Include -I../Drivers/CMSIS/Include -O0 -ffunction-sections -fdata-sections -Wall -Wconversion -fstack-usage -fcyclomatic-complexity -MMD -MP -MF"Core/Src/system_stm32f7xx.d" -MT"Core/Src/system_stm32f7xx.o" --specs=nano.specs -mfpu=fpv5-sp-d16 -mfloat-abi=hard -mthumb -o "Core/Src/system_stm32f7xx.o"
arm-none-eabi-gcc -o "FreeRTOS_HelloWorld_SystemView.elf" @"objects.list"   -mcpu=cortex-m7 -T"/home/vdev/MyPrograms/os/freeRTOS/stm32f723E-Disc0/FreeRTOS_HelloWorld_SystemView/STM32F723IEKX_FLASH.ld" --specs=nosys.specs -Wl,-Map="FreeRTOS_HelloWorld_SystemView.map" -Wl,--gc-sections -static --specs=nano.specs -mfpu=fpv5-sp-d16 -mfloat-abi=hard -mthumb -Wl,--start-group -lc -lm -Wl,--end-group
Finished building target: FreeRTOS_HelloWorld_SystemView.elf
 
arm-none-eabi-size  FreeRTOS_HelloWorld_SystemView.elf 
arm-none-eabi-objdump -h -S FreeRTOS_HelloWorld_SystemView.elf  > "FreeRTOS_HelloWorld_SystemView.list"
   text	   data	    bss	    dec	    hex	filename
  27580	    108	  84956	 112644	  1b804	FreeRTOS_HelloWorld_SystemView.elf
Finished building: default.size.stdout
 
Finished building: FreeRTOS_HelloWorld_SystemView.list
 
03:08:03 **** Incremental Build of configuration Debug for project FreeRTOS_HelloWorld_SystemView ****
make -j8 all 
arm-none-eabi-size  FreeRTOS_HelloWorld_SystemView.elf 
   text	   data	    bss	    dec	    hex	filename
  27580	    108	  84956	 112644	  1b804	FreeRTOS_HelloWorld_SystemView.elf
Finished building: default.size.stdout
 
03:09:30 **** Incremental Build of configuration Debug for project FreeRTOS_HelloWorld_SystemView ****
make -j8 all 
arm-none-eabi-gcc "../ThirdParty/SEGGER/OS/SEGGER_SYSVIEW_FreeRTOS.c" -mcpu=cortex-m7 -std=gnu11 -g3 -DDEBUG -DUSE_HAL_DRIVER -DSTM32F723xx -c -I../Core/Inc -I"/home/vdev/MyPrograms/os/freeRTOS/stm32f723E-Disc0/FreeRTOS_HelloWorld_SystemView/ThirdParty/FreeRTOS/include" -I"/home/vdev/MyPrograms/os/freeRTOS/stm32f723E-Disc0/FreeRTOS_HelloWorld_SystemView/ThirdParty/FreeRTOS" -I"/home/vdev/MyPrograms/os/freeRTOS/stm32f723E-Disc0/FreeRTOS_HelloWorld_SystemView/ThirdParty/FreeRTOS/portable/GCC/ARM_CM7" -I"/home/vdev/MyPrograms/os/freeRTOS/stm32f723E-Disc0/FreeRTOS_HelloWorld_SystemView/ThirdParty/SEGGER/Config" -I"/home/vdev/MyPrograms/os/freeRTOS/stm32f723E-Disc0/FreeRTOS_HelloWorld_SystemView/ThirdParty/SEGGER/OS" -I"/home/vdev/MyPrograms/os/freeRTOS/stm32f723E-Disc0/FreeRTOS_HelloWorld_SystemView/ThirdParty/SEGGER/SEGGER" -I../Drivers/STM32F7xx_HAL_Driver/Inc -I../Drivers/STM32F7xx_HAL_Driver/Inc/Legacy -I../Drivers/CMSIS/Device/ST/STM32F7xx/Include -I../Drivers/CMSIS/Include -O0 -ffunction-sections -fdata-sections -Wall -Wconversion -fstack-usage -fcyclomatic-complexity -MMD -MP -MF"ThirdParty/SEGGER/OS/SEGGER_SYSVIEW_FreeRTOS.d" -MT"ThirdParty/SEGGER/OS/SEGGER_SYSVIEW_FreeRTOS.o" --specs=nano.specs -mfpu=fpv5-sp-d16 -mfloat-abi=hard -mthumb -o "ThirdParty/SEGGER/OS/SEGGER_SYSVIEW_FreeRTOS.o"
[...]
arm-none-eabi-gcc "../ThirdParty/FreeRTOS/portable/MemMang/heap_4.c" -mcpu=cortex-m7 -std=gnu11 -g3 -DDEBUG -DUSE_HAL_DRIVER -DSTM32F723xx -c -I../Core/Inc -I"/home/vdev/MyPrograms/os/freeRTOS/stm32f723E-Disc0/FreeRTOS_HelloWorld_SystemView/ThirdParty/FreeRTOS/include" -I"/home/vdev/MyPrograms/os/freeRTOS/stm32f723E-Disc0/FreeRTOS_HelloWorld_SystemView/ThirdParty/FreeRTOS" -I"/home/vdev/MyPrograms/os/freeRTOS/stm32f723E-Disc0/FreeRTOS_HelloWorld_SystemView/ThirdParty/FreeRTOS/portable/GCC/ARM_CM7" -I"/home/vdev/MyPrograms/os/freeRTOS/stm32f723E-Disc0/FreeRTOS_HelloWorld_SystemView/ThirdParty/SEGGER/Config" -I"/home/vdev/MyPrograms/os/freeRTOS/stm32f723E-Disc0/FreeRTOS_HelloWorld_SystemView/ThirdParty/SEGGER/OS" -I"/home/vdev/MyPrograms/os/freeRTOS/stm32f723E-Disc0/FreeRTOS_HelloWorld_SystemView/ThirdParty/SEGGER/SEGGER" -I../Drivers/STM32F7xx_HAL_Driver/Inc -I../Drivers/STM32F7xx_HAL_Driver/Inc/Legacy -I../Drivers/CMSIS/Device/ST/STM32F7xx/Include -I../Drivers/CMSIS/Include -O0 -ffunction-sections -fdata-sections -Wall -Wconversion -fstack-usage -fcyclomatic-complexity -MMD -MP -MF"ThirdParty/FreeRTOS/portable/MemMang/heap_4.d" -MT"ThirdParty/FreeRTOS/portable/MemMang/heap_4.o" --specs=nano.specs -mfpu=fpv5-sp-d16 -mfloat-abi=hard -mthumb -o "ThirdParty/FreeRTOS/portable/MemMang/heap_4.o"
arm-none-eabi-gcc "../ThirdParty/FreeRTOS/portable/GCC/ARM_CM7/port.c" -mcpu=cortex-m7 -std=gnu11 -g3 -DDEBUG -DUSE_HAL_DRIVER -DSTM32F723xx -c -I../Core/Inc -I"/home/vdev/MyPrograms/os/freeRTOS/stm32f723E-Disc0/FreeRTOS_HelloWorld_SystemView/ThirdParty/FreeRTOS/include" -I"/home/vdev/MyPrograms/os/freeRTOS/stm32f723E-Disc0/FreeRTOS_HelloWorld_SystemView/ThirdParty/FreeRTOS" -I"/home/vdev/MyPrograms/os/freeRTOS/stm32f723E-Disc0/FreeRTOS_HelloWorld_SystemView/ThirdParty/FreeRTOS/portable/GCC/ARM_CM7" -I"/home/vdev/MyPrograms/os/freeRTOS/stm32f723E-Disc0/FreeRTOS_HelloWorld_SystemView/ThirdParty/SEGGER/Config" -I"/home/vdev/MyPrograms/os/freeRTOS/stm32f723E-Disc0/FreeRTOS_HelloWorld_SystemView/ThirdParty/SEGGER/OS" -I"/home/vdev/MyPrograms/os/freeRTOS/stm32f723E-Disc0/FreeRTOS_HelloWorld_SystemView/ThirdParty/SEGGER/SEGGER" -I../Drivers/STM32F7xx_HAL_Driver/Inc -I../Drivers/STM32F7xx_HAL_Driver/Inc/Legacy -I../Drivers/CMSIS/Device/ST/STM32F7xx/Include -I../Drivers/CMSIS/Include -O0 -ffunction-sections -fdata-sections -Wall -Wconversion -fstack-usage -fcyclomatic-complexity -MMD -MP -MF"ThirdParty/FreeRTOS/portable/GCC/ARM_CM7/port.d" -MT"ThirdParty/FreeRTOS/portable/GCC/ARM_CM7/port.o" --specs=nano.specs -mfpu=fpv5-sp-d16 -mfloat-abi=hard -mthumb -o "ThirdParty/FreeRTOS/portable/GCC/ARM_CM7/port.o"
arm-none-eabi-gcc "../ThirdParty/FreeRTOS/croutine.c" -mcpu=cortex-m7 -std=gnu11 -g3 -DDEBUG -DUSE_HAL_DRIVER -DSTM32F723xx -c -I../Core/Inc -I"/home/vdev/MyPrograms/os/freeRTOS/stm32f723E-Disc0/FreeRTOS_HelloWorld_SystemView/ThirdParty/FreeRTOS/include" -I"/home/vdev/MyPrograms/os/freeRTOS/stm32f723E-Disc0/FreeRTOS_HelloWorld_SystemView/ThirdParty/FreeRTOS" -I"/home/vdev/MyPrograms/os/freeRTOS/stm32f723E-Disc0/FreeRTOS_HelloWorld_SystemView/ThirdParty/FreeRTOS/portable/GCC/ARM_CM7" -I"/home/vdev/MyPrograms/os/freeRTOS/stm32f723E-Disc0/FreeRTOS_HelloWorld_SystemView/ThirdParty/SEGGER/Config" -I"/home/vdev/MyPrograms/os/freeRTOS/stm32f723E-Disc0/FreeRTOS_HelloWorld_SystemView/ThirdParty/SEGGER/OS" -I"/home/vdev/MyPrograms/os/freeRTOS/stm32f723E-Disc0/FreeRTOS_HelloWorld_SystemView/ThirdParty/SEGGER/SEGGER" -I../Drivers/STM32F7xx_HAL_Driver/Inc -I../Drivers/STM32F7xx_HAL_Driver/Inc/Legacy -I../Drivers/CMSIS/Device/ST/STM32F7xx/Include -I../Drivers/CMSIS/Include -O0 -ffunction-sections -fdata-sections -Wall -Wconversion -fstack-usage -fcyclomatic-complexity -MMD -MP -MF"ThirdParty/FreeRTOS/croutine.d" -MT"ThirdParty/FreeRTOS/croutine.o" --specs=nano.specs -mfpu=fpv5-sp-d16 -mfloat-abi=hard -mthumb -o "ThirdParty/FreeRTOS/croutine.o"
arm-none-eabi-gcc "../ThirdParty/FreeRTOS/event_groups.c" -mcpu=cortex-m7 -std=gnu11 -g3 -DDEBUG -DUSE_HAL_DRIVER -DSTM32F723xx -c -I../Core/Inc -I"/home/vdev/MyPrograms/os/freeRTOS/stm32f723E-Disc0/FreeRTOS_HelloWorld_SystemView/ThirdParty/FreeRTOS/include" -I"/home/vdev/MyPrograms/os/freeRTOS/stm32f723E-Disc0/FreeRTOS_HelloWorld_SystemView/ThirdParty/FreeRTOS" -I"/home/vdev/MyPrograms/os/freeRTOS/stm32f723E-Disc0/FreeRTOS_HelloWorld_SystemView/ThirdParty/FreeRTOS/portable/GCC/ARM_CM7" -I"/home/vdev/MyPrograms/os/freeRTOS/stm32f723E-Disc0/FreeRTOS_HelloWorld_SystemView/ThirdParty/SEGGER/Config" -I"/home/vdev/MyPrograms/os/freeRTOS/stm32f723E-Disc0/FreeRTOS_HelloWorld_SystemView/ThirdParty/SEGGER/OS" -I"/home/vdev/MyPrograms/os/freeRTOS/stm32f723E-Disc0/FreeRTOS_HelloWorld_SystemView/ThirdParty/SEGGER/SEGGER" -I../Drivers/STM32F7xx_HAL_Driver/Inc -I../Drivers/STM32F7xx_HAL_Driver/Inc/Legacy -I../Drivers/CMSIS/Device/ST/STM32F7xx/Include -I../Drivers/CMSIS/Include -O0 -ffunction-sections -fdata-sections -Wall -Wconversion -fstack-usage -fcyclomatic-complexity -MMD -MP -MF"ThirdParty/FreeRTOS/event_groups.d" -MT"ThirdParty/FreeRTOS/event_groups.o" --specs=nano.specs -mfpu=fpv5-sp-d16 -mfloat-abi=hard -mthumb -o "ThirdParty/FreeRTOS/event_groups.o"
arm-none-eabi-gcc "../ThirdParty/FreeRTOS/list.c" -mcpu=cortex-m7 -std=gnu11 -g3 -DDEBUG -DUSE_HAL_DRIVER -DSTM32F723xx -c -I../Core/Inc -I"/home/vdev/MyPrograms/os/freeRTOS/stm32f723E-Disc0/FreeRTOS_HelloWorld_SystemView/ThirdParty/FreeRTOS/include" -I"/home/vdev/MyPrograms/os/freeRTOS/stm32f723E-Disc0/FreeRTOS_HelloWorld_SystemView/ThirdParty/FreeRTOS" -I"/home/vdev/MyPrograms/os/freeRTOS/stm32f723E-Disc0/FreeRTOS_HelloWorld_SystemView/ThirdParty/FreeRTOS/portable/GCC/ARM_CM7" -I"/home/vdev/MyPrograms/os/freeRTOS/stm32f723E-Disc0/FreeRTOS_HelloWorld_SystemView/ThirdParty/SEGGER/Config" -I"/home/vdev/MyPrograms/os/freeRTOS/stm32f723E-Disc0/FreeRTOS_HelloWorld_SystemView/ThirdParty/SEGGER/OS" -I"/home/vdev/MyPrograms/os/freeRTOS/stm32f723E-Disc0/FreeRTOS_HelloWorld_SystemView/ThirdParty/SEGGER/SEGGER" -I../Drivers/STM32F7xx_HAL_Driver/Inc -I../Drivers/STM32F7xx_HAL_Driver/Inc/Legacy -I../Drivers/CMSIS/Device/ST/STM32F7xx/Include -I../Drivers/CMSIS/Include -O0 -ffunction-sections -fdata-sections -Wall -Wconversion -fstack-usage -fcyclomatic-complexity -MMD -MP -MF"ThirdParty/FreeRTOS/list.d" -MT"ThirdParty/FreeRTOS/list.o" --specs=nano.specs -mfpu=fpv5-sp-d16 -mfloat-abi=hard -mthumb -o "ThirdParty/FreeRTOS/list.o"
arm-none-eabi-gcc "../ThirdParty/FreeRTOS/queue.c" -mcpu=cortex-m7 -std=gnu11 -g3 -DDEBUG -DUSE_HAL_DRIVER -DSTM32F723xx -c -I../Core/Inc -I"/home/vdev/MyPrograms/os/freeRTOS/stm32f723E-Disc0/FreeRTOS_HelloWorld_SystemView/ThirdParty/FreeRTOS/include" -I"/home/vdev/MyPrograms/os/freeRTOS/stm32f723E-Disc0/FreeRTOS_HelloWorld_SystemView/ThirdParty/FreeRTOS" -I"/home/vdev/MyPrograms/os/freeRTOS/stm32f723E-Disc0/FreeRTOS_HelloWorld_SystemView/ThirdParty/FreeRTOS/portable/GCC/ARM_CM7" -I"/home/vdev/MyPrograms/os/freeRTOS/stm32f723E-Disc0/FreeRTOS_HelloWorld_SystemView/ThirdParty/SEGGER/Config" -I"/home/vdev/MyPrograms/os/freeRTOS/stm32f723E-Disc0/FreeRTOS_HelloWorld_SystemView/ThirdParty/SEGGER/OS" -I"/home/vdev/MyPrograms/os/freeRTOS/stm32f723E-Disc0/FreeRTOS_HelloWorld_SystemView/ThirdParty/SEGGER/SEGGER" -I../Drivers/STM32F7xx_HAL_Driver/Inc -I../Drivers/STM32F7xx_HAL_Driver/Inc/Legacy -I../Drivers/CMSIS/Device/ST/STM32F7xx/Include -I../Drivers/CMSIS/Include -O0 -ffunction-sections -fdata-sections -Wall -Wconversion -fstack-usage -fcyclomatic-complexity -MMD -MP -MF"ThirdParty/FreeRTOS/queue.d" -MT"ThirdParty/FreeRTOS/queue.o" --specs=nano.specs -mfpu=fpv5-sp-d16 -mfloat-abi=hard -mthumb -o "ThirdParty/FreeRTOS/queue.o"
arm-none-eabi-gcc "../ThirdParty/FreeRTOS/stream_buffer.c" -mcpu=cortex-m7 -std=gnu11 -g3 -DDEBUG -DUSE_HAL_DRIVER -DSTM32F723xx -c -I../Core/Inc -I"/home/vdev/MyPrograms/os/freeRTOS/stm32f723E-Disc0/FreeRTOS_HelloWorld_SystemView/ThirdParty/FreeRTOS/include" -I"/home/vdev/MyPrograms/os/freeRTOS/stm32f723E-Disc0/FreeRTOS_HelloWorld_SystemView/ThirdParty/FreeRTOS" -I"/home/vdev/MyPrograms/os/freeRTOS/stm32f723E-Disc0/FreeRTOS_HelloWorld_SystemView/ThirdParty/FreeRTOS/portable/GCC/ARM_CM7" -I"/home/vdev/MyPrograms/os/freeRTOS/stm32f723E-Disc0/FreeRTOS_HelloWorld_SystemView/ThirdParty/SEGGER/Config" -I"/home/vdev/MyPrograms/os/freeRTOS/stm32f723E-Disc0/FreeRTOS_HelloWorld_SystemView/ThirdParty/SEGGER/OS" -I"/home/vdev/MyPrograms/os/freeRTOS/stm32f723E-Disc0/FreeRTOS_HelloWorld_SystemView/ThirdParty/SEGGER/SEGGER" -I../Drivers/STM32F7xx_HAL_Driver/Inc -I../Drivers/STM32F7xx_HAL_Driver/Inc/Legacy -I../Drivers/CMSIS/Device/ST/STM32F7xx/Include -I../Drivers/CMSIS/Include -O0 -ffunction-sections -fdata-sections -Wall -Wconversion -fstack-usage -fcyclomatic-complexity -MMD -MP -MF"ThirdParty/FreeRTOS/stream_buffer.d" -MT"ThirdParty/FreeRTOS/stream_buffer.o" --specs=nano.specs -mfpu=fpv5-sp-d16 -mfloat-abi=hard -mthumb -o "ThirdParty/FreeRTOS/stream_buffer.o"
arm-none-eabi-gcc "../ThirdParty/FreeRTOS/tasks.c" -mcpu=cortex-m7 -std=gnu11 -g3 -DDEBUG -DUSE_HAL_DRIVER -DSTM32F723xx -c -I../Core/Inc -I"/home/vdev/MyPrograms/os/freeRTOS/stm32f723E-Disc0/FreeRTOS_HelloWorld_SystemView/ThirdParty/FreeRTOS/include" -I"/home/vdev/MyPrograms/os/freeRTOS/stm32f723E-Disc0/FreeRTOS_HelloWorld_SystemView/ThirdParty/FreeRTOS" -I"/home/vdev/MyPrograms/os/freeRTOS/stm32f723E-Disc0/FreeRTOS_HelloWorld_SystemView/ThirdParty/FreeRTOS/portable/GCC/ARM_CM7" -I"/home/vdev/MyPrograms/os/freeRTOS/stm32f723E-Disc0/FreeRTOS_HelloWorld_SystemView/ThirdParty/SEGGER/Config" -I"/home/vdev/MyPrograms/os/freeRTOS/stm32f723E-Disc0/FreeRTOS_HelloWorld_SystemView/ThirdParty/SEGGER/OS" -I"/home/vdev/MyPrograms/os/freeRTOS/stm32f723E-Disc0/FreeRTOS_HelloWorld_SystemView/ThirdParty/SEGGER/SEGGER" -I../Drivers/STM32F7xx_HAL_Driver/Inc -I../Drivers/STM32F7xx_HAL_Driver/Inc/Legacy -I../Drivers/CMSIS/Device/ST/STM32F7xx/Include -I../Drivers/CMSIS/Include -O0 -ffunction-sections -fdata-sections -Wall -Wconversion -fstack-usage -fcyclomatic-complexity -MMD -MP -MF"ThirdParty/FreeRTOS/tasks.d" -MT"ThirdParty/FreeRTOS/tasks.o" --specs=nano.specs -mfpu=fpv5-sp-d16 -mfloat-abi=hard -mthumb -o "ThirdParty/FreeRTOS/tasks.o"
arm-none-eabi-gcc "../ThirdParty/FreeRTOS/timers.c" -mcpu=cortex-m7 -std=gnu11 -g3 -DDEBUG -DUSE_HAL_DRIVER -DSTM32F723xx -c -I../Core/Inc -I"/home/vdev/MyPrograms/os/freeRTOS/stm32f723E-Disc0/FreeRTOS_HelloWorld_SystemView/ThirdParty/FreeRTOS/include" -I"/home/vdev/MyPrograms/os/freeRTOS/stm32f723E-Disc0/FreeRTOS_HelloWorld_SystemView/ThirdParty/FreeRTOS" -I"/home/vdev/MyPrograms/os/freeRTOS/stm32f723E-Disc0/FreeRTOS_HelloWorld_SystemView/ThirdParty/FreeRTOS/portable/GCC/ARM_CM7" -I"/home/vdev/MyPrograms/os/freeRTOS/stm32f723E-Disc0/FreeRTOS_HelloWorld_SystemView/ThirdParty/SEGGER/Config" -I"/home/vdev/MyPrograms/os/freeRTOS/stm32f723E-Disc0/FreeRTOS_HelloWorld_SystemView/ThirdParty/SEGGER/OS" -I"/home/vdev/MyPrograms/os/freeRTOS/stm32f723E-Disc0/FreeRTOS_HelloWorld_SystemView/ThirdParty/SEGGER/SEGGER" -I../Drivers/STM32F7xx_HAL_Driver/Inc -I../Drivers/STM32F7xx_HAL_Driver/Inc/Legacy -I../Drivers/CMSIS/Device/ST/STM32F7xx/Include -I../Drivers/CMSIS/Include -O0 -ffunction-sections -fdata-sections -Wall -Wconversion -fstack-usage -fcyclomatic-complexity -MMD -MP -MF"ThirdParty/FreeRTOS/timers.d" -MT"ThirdParty/FreeRTOS/timers.o" --specs=nano.specs -mfpu=fpv5-sp-d16 -mfloat-abi=hard -mthumb -o "ThirdParty/FreeRTOS/timers.o"
arm-none-eabi-gcc "../Core/Src/main.c" -mcpu=cortex-m7 -std=gnu11 -g3 -DDEBUG -DUSE_HAL_DRIVER -DSTM32F723xx -c -I../Core/Inc -I"/home/vdev/MyPrograms/os/freeRTOS/stm32f723E-Disc0/FreeRTOS_HelloWorld_SystemView/ThirdParty/SEGGER/Config" -I"/home/vdev/MyPrograms/os/freeRTOS/stm32f723E-Disc0/FreeRTOS_HelloWorld_SystemView/ThirdParty/SEGGER/OS" -I"/home/vdev/MyPrograms/os/freeRTOS/stm32f723E-Disc0/FreeRTOS_HelloWorld_SystemView/ThirdParty/SEGGER/SEGGER" -I"/home/vdev/MyPrograms/os/freeRTOS/stm32f723E-Disc0/FreeRTOS_HelloWorld_SystemView/ThirdParty/FreeRTOS/include" -I"/home/vdev/MyPrograms/os/freeRTOS/stm32f723E-Disc0/FreeRTOS_HelloWorld_SystemView/ThirdParty/FreeRTOS" -I"/home/vdev/MyPrograms/os/freeRTOS/stm32f723E-Disc0/FreeRTOS_HelloWorld_SystemView/ThirdParty/FreeRTOS/portable/GCC/ARM_CM7" -I../Drivers/STM32F7xx_HAL_Driver/Inc -I../Drivers/STM32F7xx_HAL_Driver/Inc/Legacy -I../Drivers/CMSIS/Device/ST/STM32F7xx/Include -I../Drivers/CMSIS/Include -O0 -ffunction-sections -fdata-sections -Wall -Wconversion -fstack-usage -fcyclomatic-complexity -MMD -MP -MF"Core/Src/main.d" -MT"Core/Src/main.o" --specs=nano.specs -mfpu=fpv5-sp-d16 -mfloat-abi=hard -mthumb -o "Core/Src/main.o"
arm-none-eabi-gcc -o "FreeRTOS_HelloWorld_SystemView.elf" @"objects.list"   -mcpu=cortex-m7 -T"/home/vdev/MyPrograms/os/freeRTOS/stm32f723E-Disc0/FreeRTOS_HelloWorld_SystemView/STM32F723IEKX_FLASH.ld" --specs=nosys.specs -Wl,-Map="FreeRTOS_HelloWorld_SystemView.map" -Wl,--gc-sections -static --specs=nano.specs -mfpu=fpv5-sp-d16 -mfloat-abi=hard -mthumb -Wl,--start-group -lc -lm -Wl,--end-group
Finished building target: FreeRTOS_HelloWorld_SystemView.elf
 
arm-none-eabi-size  FreeRTOS_HelloWorld_SystemView.elf 
arm-none-eabi-objdump -h -S FreeRTOS_HelloWorld_SystemView.elf  > "FreeRTOS_HelloWorld_SystemView.list"
   text	   data	    bss	    dec	    hex	filename
  27660	    108	  84956	 112724	  1b854	FreeRTOS_HelloWorld_SystemView.elf
Finished building: default.size.stdout
 
Finished building: FreeRTOS_HelloWorld_SystemView.list
 
23:47:59 **** Incremental Build of configuration Debug for project FreeRTOS_HelloWorld_SystemView ****
make -j8 all 
arm-none-eabi-gcc "../Core/Src/main.c" -mcpu=cortex-m7 -std=gnu11 -g3 -DDEBUG -DUSE_HAL_DRIVER -DSTM32F723xx -c -I../Core/Inc -I"/home/vdev/MyPrograms/os/freeRTOS/stm32f723E-Disc0/FreeRTOS_HelloWorld_SystemView/ThirdParty/SEGGER/Config" -I"/home/vdev/MyPrograms/os/freeRTOS/stm32f723E-Disc0/FreeRTOS_HelloWorld_SystemView/ThirdParty/SEGGER/OS" -I"/home/vdev/MyPrograms/os/freeRTOS/stm32f723E-Disc0/FreeRTOS_HelloWorld_SystemView/ThirdParty/SEGGER/SEGGER" -I"/home/vdev/MyPrograms/os/freeRTOS/stm32f723E-Disc0/FreeRTOS_HelloWorld_SystemView/ThirdParty/FreeRTOS/include" -I"/home/vdev/MyPrograms/os/freeRTOS/stm32f723E-Disc0/FreeRTOS_HelloWorld_SystemView/ThirdParty/FreeRTOS" -I"/home/vdev/MyPrograms/os/freeRTOS/stm32f723E-Disc0/FreeRTOS_HelloWorld_SystemView/ThirdParty/FreeRTOS/portable/GCC/ARM_CM7" -I../Drivers/STM32F7xx_HAL_Driver/Inc -I../Drivers/STM32F7xx_HAL_Driver/Inc/Legacy -I../Drivers/CMSIS/Device/ST/STM32F7xx/Include -I../Drivers/CMSIS/Include -O0 -ffunction-sections -fdata-sections -Wall -Wconversion -fstack-usage -fcyclomatic-complexity -MMD -MP -MF"Core/Src/main.d" -MT"Core/Src/main.o" --specs=nano.specs -mfpu=fpv5-sp-d16 -mfloat-abi=hard -mthumb -o "Core/Src/main.o"
../Core/Src/main.c: In function 'task1handler':
../Core/Src/main.c:201:31: warning: passing argument 2 of 'snprintf' makes integer from pointer without a cast [-Wint-conversion]
  201 |                 snprintf(msg, "%s\n", (char*)parameters);
      |                               ^~~~~~
      |                               |
      |                               char *
In file included from ../Core/Src/main.c:24:
/opt/st/stm32cubeide_1.18.0/plugins/com.st.stm32cube.ide.mcu.externaltools.gnu-tools-for-stm32.13.3.rel1.linux64_1.0.0.202410170706/tools/arm-none-eabi/include/stdio.h:272:37: note: expected 'size_t' {aka 'unsigned int'} but argument is of type 'char *'
  272 | int     snprintf (char *__restrict, size_t, const char *__restrict, ...)
      |                                     ^~~~~~
../Core/Src/main.c: In function 'task2handler':
../Core/Src/main.c:213:31: warning: passing argument 2 of 'snprintf' makes integer from pointer without a cast [-Wint-conversion]
  213 |                 snprintf(msg, "%s\n", (char*)parameters);
      |                               ^~~~~~
      |                               |
      |                               char *
/opt/st/stm32cubeide_1.18.0/plugins/com.st.stm32cube.ide.mcu.externaltools.gnu-tools-for-stm32.13.3.rel1.linux64_1.0.0.202410170706/tools/arm-none-eabi/include/stdio.h:272:37: note: expected 'size_t' {aka 'unsigned int'} but argument is of type 'char *'
  272 | int     snprintf (char *__restrict, size_t, const char *__restrict, ...)
      |                                     ^~~~~~
arm-none-eabi-gcc -o "FreeRTOS_HelloWorld_SystemView.elf" @"objects.list"   -mcpu=cortex-m7 -T"/home/vdev/MyPrograms/os/freeRTOS/stm32f723E-Disc0/FreeRTOS_HelloWorld_SystemView/STM32F723IEKX_FLASH.ld" --specs=nosys.specs -Wl,-Map="FreeRTOS_HelloWorld_SystemView.map" -Wl,--gc-sections -static --specs=nano.specs -mfpu=fpv5-sp-d16 -mfloat-abi=hard -mthumb -Wl,--start-group -lc -lm -Wl,--end-group
Finished building target: FreeRTOS_HelloWorld_SystemView.elf
 
arm-none-eabi-size  FreeRTOS_HelloWorld_SystemView.elf 
arm-none-eabi-objdump -h -S FreeRTOS_HelloWorld_SystemView.elf  > "FreeRTOS_HelloWorld_SystemView.list"
   text	   data	    bss	    dec	    hex	filename
  31668	    108	  84956	 116732	  1c7fc	FreeRTOS_HelloWorld_SystemView.elf
Finished building: default.size.stdout
 
Finished building: FreeRTOS_HelloWorld_SystemView.list
 
23:49:05 **** Incremental Build of configuration Debug for project FreeRTOS_HelloWorld_SystemView ****
make -j8 all 
arm-none-eabi-gcc "../Core/Src/main.c" -mcpu=cortex-m7 -std=gnu11 -g3 -DDEBUG -DUSE_HAL_DRIVER -DSTM32F723xx -c -I../Core/Inc -I"/home/vdev/MyPrograms/os/freeRTOS/stm32f723E-Disc0/FreeRTOS_HelloWorld_SystemView/ThirdParty/SEGGER/Config" -I"/home/vdev/MyPrograms/os/freeRTOS/stm32f723E-Disc0/FreeRTOS_HelloWorld_SystemView/ThirdParty/SEGGER/OS" -I"/home/vdev/MyPrograms/os/freeRTOS/stm32f723E-Disc0/FreeRTOS_HelloWorld_SystemView/ThirdParty/SEGGER/SEGGER" -I"/home/vdev/MyPrograms/os/freeRTOS/stm32f723E-Disc0/FreeRTOS_HelloWorld_SystemView/ThirdParty/FreeRTOS/include" -I"/home/vdev/MyPrograms/os/freeRTOS/stm32f723E-Disc0/FreeRTOS_HelloWorld_SystemView/ThirdParty/FreeRTOS" -I"/home/vdev/MyPrograms/os/freeRTOS/stm32f723E-Disc0/FreeRTOS_HelloWorld_SystemView/ThirdParty/FreeRTOS/portable/GCC/ARM_CM7" -I../Drivers/STM32F7xx_HAL_Driver/Inc -I../Drivers/STM32F7xx_HAL_Driver/Inc/Legacy -I../Drivers/CMSIS/Device/ST/STM32F7xx/Include -I../Drivers/CMSIS/Include -O0 -ffunction-sections -fdata-sections -Wall -Wconversion -fstack-usage -fcyclomatic-complexity -MMD -MP -MF"Core/Src/main.d" -MT"Core/Src/main.o" --specs=nano.specs -mfpu=fpv5-sp-d16 -mfloat-abi=hard -mthumb -o "Core/Src/main.o"
arm-none-eabi-gcc -o "FreeRTOS_HelloWorld_SystemView.elf" @"objects.list"   -mcpu=cortex-m7 -T"/home/vdev/MyPrograms/os/freeRTOS/stm32f723E-Disc0/FreeRTOS_HelloWorld_SystemView/STM32F723IEKX_FLASH.ld" --specs=nosys.specs -Wl,-Map="FreeRTOS_HelloWorld_SystemView.map" -Wl,--gc-sections -static --specs=nano.specs -mfpu=fpv5-sp-d16 -mfloat-abi=hard -mthumb -Wl,--start-group -lc -lm -Wl,--end-group
Finished building target: FreeRTOS_HelloWorld_SystemView.elf
 
arm-none-eabi-size  FreeRTOS_HelloWorld_SystemView.elf 
arm-none-eabi-objdump -h -S FreeRTOS_HelloWorld_SystemView.elf  > "FreeRTOS_HelloWorld_SystemView.list"
   text	   data	    bss	    dec	    hex	filename
  31668	    108	  84956	 116732	  1c7fc	FreeRTOS_HelloWorld_SystemView.elf
Finished building: default.size.stdout
 
Finished building: FreeRTOS_HelloWorld_SystemView.list
 
